Archive member included to satisfy reference by file (symbol)

c:/st/stm32cubeide_1.4.0/stm32cubeide/plugins/com.st.stm32cube.ide.mcu.externaltools.gnu-tools-for-stm32.7-2018-q2-update.win32_1.4.0.202007081208/tools/bin/../lib/gcc/arm-none-eabi/7.3.1/../../../../arm-none-eabi/lib/thumb/v7-m\libc_nano.a(lib_a-errno.o)
                              Src/syscalls.o (__errno)
c:/st/stm32cubeide_1.4.0/stm32cubeide/plugins/com.st.stm32cube.ide.mcu.externaltools.gnu-tools-for-stm32.7-2018-q2-update.win32_1.4.0.202007081208/tools/bin/../lib/gcc/arm-none-eabi/7.3.1/../../../../arm-none-eabi/lib/thumb/v7-m\libc_nano.a(lib_a-exit.o)
                              c:/st/stm32cubeide_1.4.0/stm32cubeide/plugins/com.st.stm32cube.ide.mcu.externaltools.gnu-tools-for-stm32.7-2018-q2-update.win32_1.4.0.202007081208/tools/bin/../lib/gcc/arm-none-eabi/7.3.1/../../../../arm-none-eabi/lib/thumb/v7-m/crt0.o (exit)
c:/st/stm32cubeide_1.4.0/stm32cubeide/plugins/com.st.stm32cube.ide.mcu.externaltools.gnu-tools-for-stm32.7-2018-q2-update.win32_1.4.0.202007081208/tools/bin/../lib/gcc/arm-none-eabi/7.3.1/../../../../arm-none-eabi/lib/thumb/v7-m\libc_nano.a(lib_a-impure.o)
                              c:/st/stm32cubeide_1.4.0/stm32cubeide/plugins/com.st.stm32cube.ide.mcu.externaltools.gnu-tools-for-stm32.7-2018-q2-update.win32_1.4.0.202007081208/tools/bin/../lib/gcc/arm-none-eabi/7.3.1/../../../../arm-none-eabi/lib/thumb/v7-m\libc_nano.a(lib_a-exit.o) (_global_impure_ptr)
c:/st/stm32cubeide_1.4.0/stm32cubeide/plugins/com.st.stm32cube.ide.mcu.externaltools.gnu-tools-for-stm32.7-2018-q2-update.win32_1.4.0.202007081208/tools/bin/../lib/gcc/arm-none-eabi/7.3.1/../../../../arm-none-eabi/lib/thumb/v7-m\libc_nano.a(lib_a-init.o)
                              c:/st/stm32cubeide_1.4.0/stm32cubeide/plugins/com.st.stm32cube.ide.mcu.externaltools.gnu-tools-for-stm32.7-2018-q2-update.win32_1.4.0.202007081208/tools/bin/../lib/gcc/arm-none-eabi/7.3.1/../../../../arm-none-eabi/lib/thumb/v7-m/crt0.o (__libc_init_array)
c:/st/stm32cubeide_1.4.0/stm32cubeide/plugins/com.st.stm32cube.ide.mcu.externaltools.gnu-tools-for-stm32.7-2018-q2-update.win32_1.4.0.202007081208/tools/bin/../lib/gcc/arm-none-eabi/7.3.1/../../../../arm-none-eabi/lib/thumb/v7-m\libc_nano.a(lib_a-memset.o)
                              c:/st/stm32cubeide_1.4.0/stm32cubeide/plugins/com.st.stm32cube.ide.mcu.externaltools.gnu-tools-for-stm32.7-2018-q2-update.win32_1.4.0.202007081208/tools/bin/../lib/gcc/arm-none-eabi/7.3.1/../../../../arm-none-eabi/lib/thumb/v7-m/crt0.o (memset)

Discarded input sections

 .text          0x0000000000000000        0x0 c:/st/stm32cubeide_1.4.0/stm32cubeide/plugins/com.st.stm32cube.ide.mcu.externaltools.gnu-tools-for-stm32.7-2018-q2-update.win32_1.4.0.202007081208/tools/bin/../lib/gcc/arm-none-eabi/7.3.1/thumb/v7-m/crti.o
 .data          0x0000000000000000        0x0 c:/st/stm32cubeide_1.4.0/stm32cubeide/plugins/com.st.stm32cube.ide.mcu.externaltools.gnu-tools-for-stm32.7-2018-q2-update.win32_1.4.0.202007081208/tools/bin/../lib/gcc/arm-none-eabi/7.3.1/thumb/v7-m/crti.o
 .bss           0x0000000000000000        0x0 c:/st/stm32cubeide_1.4.0/stm32cubeide/plugins/com.st.stm32cube.ide.mcu.externaltools.gnu-tools-for-stm32.7-2018-q2-update.win32_1.4.0.202007081208/tools/bin/../lib/gcc/arm-none-eabi/7.3.1/thumb/v7-m/crti.o
 .data          0x0000000000000000        0x4 c:/st/stm32cubeide_1.4.0/stm32cubeide/plugins/com.st.stm32cube.ide.mcu.externaltools.gnu-tools-for-stm32.7-2018-q2-update.win32_1.4.0.202007081208/tools/bin/../lib/gcc/arm-none-eabi/7.3.1/thumb/v7-m/crtbegin.o
 .text          0x0000000000000000       0x74 c:/st/stm32cubeide_1.4.0/stm32cubeide/plugins/com.st.stm32cube.ide.mcu.externaltools.gnu-tools-for-stm32.7-2018-q2-update.win32_1.4.0.202007081208/tools/bin/../lib/gcc/arm-none-eabi/7.3.1/../../../../arm-none-eabi/lib/thumb/v7-m/crt0.o
 .data          0x0000000000000000        0x0 c:/st/stm32cubeide_1.4.0/stm32cubeide/plugins/com.st.stm32cube.ide.mcu.externaltools.gnu-tools-for-stm32.7-2018-q2-update.win32_1.4.0.202007081208/tools/bin/../lib/gcc/arm-none-eabi/7.3.1/../../../../arm-none-eabi/lib/thumb/v7-m/crt0.o
 .bss           0x0000000000000000        0x0 c:/st/stm32cubeide_1.4.0/stm32cubeide/plugins/com.st.stm32cube.ide.mcu.externaltools.gnu-tools-for-stm32.7-2018-q2-update.win32_1.4.0.202007081208/tools/bin/../lib/gcc/arm-none-eabi/7.3.1/../../../../arm-none-eabi/lib/thumb/v7-m/crt0.o
 .ARM.extab     0x0000000000000000        0x0 c:/st/stm32cubeide_1.4.0/stm32cubeide/plugins/com.st.stm32cube.ide.mcu.externaltools.gnu-tools-for-stm32.7-2018-q2-update.win32_1.4.0.202007081208/tools/bin/../lib/gcc/arm-none-eabi/7.3.1/../../../../arm-none-eabi/lib/thumb/v7-m/crt0.o
 .ARM.exidx     0x0000000000000000        0x8 c:/st/stm32cubeide_1.4.0/stm32cubeide/plugins/com.st.stm32cube.ide.mcu.externaltools.gnu-tools-for-stm32.7-2018-q2-update.win32_1.4.0.202007081208/tools/bin/../lib/gcc/arm-none-eabi/7.3.1/../../../../arm-none-eabi/lib/thumb/v7-m/crt0.o
 .ARM.attributes
                0x0000000000000000       0x1b c:/st/stm32cubeide_1.4.0/stm32cubeide/plugins/com.st.stm32cube.ide.mcu.externaltools.gnu-tools-for-stm32.7-2018-q2-update.win32_1.4.0.202007081208/tools/bin/../lib/gcc/arm-none-eabi/7.3.1/../../../../arm-none-eabi/lib/thumb/v7-m/crt0.o
 .group         0x0000000000000000        0xc STM32F103C6_Drivers/KeyPad_driver/KPD_program.o
 .group         0x0000000000000000        0xc STM32F103C6_Drivers/KeyPad_driver/KPD_program.o
 .group         0x0000000000000000        0xc STM32F103C6_Drivers/KeyPad_driver/KPD_program.o
 .group         0x0000000000000000        0xc STM32F103C6_Drivers/KeyPad_driver/KPD_program.o
 .group         0x0000000000000000        0xc STM32F103C6_Drivers/KeyPad_driver/KPD_program.o
 .group         0x0000000000000000        0xc STM32F103C6_Drivers/KeyPad_driver/KPD_program.o
 .group         0x0000000000000000        0xc STM32F103C6_Drivers/KeyPad_driver/KPD_program.o
 .group         0x0000000000000000        0xc STM32F103C6_Drivers/KeyPad_driver/KPD_program.o
 .group         0x0000000000000000        0xc STM32F103C6_Drivers/KeyPad_driver/KPD_program.o
 .group         0x0000000000000000        0xc STM32F103C6_Drivers/KeyPad_driver/KPD_program.o
 .group         0x0000000000000000        0xc STM32F103C6_Drivers/KeyPad_driver/KPD_program.o
 .group         0x0000000000000000        0xc STM32F103C6_Drivers/KeyPad_driver/KPD_program.o
 .group         0x0000000000000000        0xc STM32F103C6_Drivers/KeyPad_driver/KPD_program.o
 .group         0x0000000000000000        0xc STM32F103C6_Drivers/KeyPad_driver/KPD_program.o
 .group         0x0000000000000000        0xc STM32F103C6_Drivers/KeyPad_driver/KPD_program.o
 .group         0x0000000000000000        0xc STM32F103C6_Drivers/KeyPad_driver/KPD_program.o
 .group         0x0000000000000000        0xc STM32F103C6_Drivers/KeyPad_driver/KPD_program.o
 .group         0x0000000000000000        0xc STM32F103C6_Drivers/KeyPad_driver/KPD_program.o
 .group         0x0000000000000000        0xc STM32F103C6_Drivers/KeyPad_driver/KPD_program.o
 .group         0x0000000000000000        0xc STM32F103C6_Drivers/KeyPad_driver/KPD_program.o
 .group         0x0000000000000000        0xc STM32F103C6_Drivers/KeyPad_driver/KPD_program.o
 .group         0x0000000000000000        0xc STM32F103C6_Drivers/KeyPad_driver/KPD_program.o
 .group         0x0000000000000000        0xc STM32F103C6_Drivers/KeyPad_driver/KPD_program.o
 .group         0x0000000000000000        0xc STM32F103C6_Drivers/KeyPad_driver/KPD_program.o
 .group         0x0000000000000000        0xc STM32F103C6_Drivers/KeyPad_driver/KPD_program.o
 .text          0x0000000000000000        0x0 STM32F103C6_Drivers/KeyPad_driver/KPD_program.o
 .data          0x0000000000000000        0x0 STM32F103C6_Drivers/KeyPad_driver/KPD_program.o
 .bss           0x0000000000000000        0x0 STM32F103C6_Drivers/KeyPad_driver/KPD_program.o
 .group         0x0000000000000000        0xc STM32F103C6_Drivers/LCD_driver/LCD_program.o
 .group         0x0000000000000000        0xc STM32F103C6_Drivers/LCD_driver/LCD_program.o
 .group         0x0000000000000000        0xc STM32F103C6_Drivers/LCD_driver/LCD_program.o
 .group         0x0000000000000000        0xc STM32F103C6_Drivers/LCD_driver/LCD_program.o
 .group         0x0000000000000000        0xc STM32F103C6_Drivers/LCD_driver/LCD_program.o
 .group         0x0000000000000000        0xc STM32F103C6_Drivers/LCD_driver/LCD_program.o
 .group         0x0000000000000000        0xc STM32F103C6_Drivers/LCD_driver/LCD_program.o
 .group         0x0000000000000000        0xc STM32F103C6_Drivers/LCD_driver/LCD_program.o
 .group         0x0000000000000000        0xc STM32F103C6_Drivers/LCD_driver/LCD_program.o
 .group         0x0000000000000000        0xc STM32F103C6_Drivers/LCD_driver/LCD_program.o
 .group         0x0000000000000000        0xc STM32F103C6_Drivers/LCD_driver/LCD_program.o
 .group         0x0000000000000000        0xc STM32F103C6_Drivers/LCD_driver/LCD_program.o
 .group         0x0000000000000000        0xc STM32F103C6_Drivers/LCD_driver/LCD_program.o
 .group         0x0000000000000000        0xc STM32F103C6_Drivers/LCD_driver/LCD_program.o
 .group         0x0000000000000000        0xc STM32F103C6_Drivers/LCD_driver/LCD_program.o
 .group         0x0000000000000000        0xc STM32F103C6_Drivers/LCD_driver/LCD_program.o
 .group         0x0000000000000000        0xc STM32F103C6_Drivers/LCD_driver/LCD_program.o
 .group         0x0000000000000000        0xc STM32F103C6_Drivers/LCD_driver/LCD_program.o
 .group         0x0000000000000000        0xc STM32F103C6_Drivers/LCD_driver/LCD_program.o
 .group         0x0000000000000000        0xc STM32F103C6_Drivers/LCD_driver/LCD_program.o
 .group         0x0000000000000000        0xc STM32F103C6_Drivers/LCD_driver/LCD_program.o
 .group         0x0000000000000000        0xc STM32F103C6_Drivers/LCD_driver/LCD_program.o
 .group         0x0000000000000000        0xc STM32F103C6_Drivers/LCD_driver/LCD_program.o
 .group         0x0000000000000000        0xc STM32F103C6_Drivers/LCD_driver/LCD_program.o
 .group         0x0000000000000000        0xc STM32F103C6_Drivers/LCD_driver/LCD_program.o
 .group         0x0000000000000000        0xc STM32F103C6_Drivers/LCD_driver/LCD_program.o
 .group         0x0000000000000000        0xc STM32F103C6_Drivers/LCD_driver/LCD_program.o
 .text          0x0000000000000000        0x0 STM32F103C6_Drivers/LCD_driver/LCD_program.o
 .data          0x0000000000000000        0x0 STM32F103C6_Drivers/LCD_driver/LCD_program.o
 .bss           0x0000000000000000        0x0 STM32F103C6_Drivers/LCD_driver/LCD_program.o
 .text.LCD_sendString
                0x0000000000000000       0x3c STM32F103C6_Drivers/LCD_driver/LCD_program.o
 .text.LCD_writeNumber
                0x0000000000000000       0x90 STM32F103C6_Drivers/LCD_driver/LCD_program.o
 .text.LCD_shift
                0x0000000000000000       0x38 STM32F103C6_Drivers/LCD_driver/LCD_program.o
 .debug_macro   0x0000000000000000      0xa60 STM32F103C6_Drivers/LCD_driver/LCD_program.o
 .debug_macro   0x0000000000000000       0x22 STM32F103C6_Drivers/LCD_driver/LCD_program.o
 .debug_macro   0x0000000000000000       0x8e STM32F103C6_Drivers/LCD_driver/LCD_program.o
 .debug_macro   0x0000000000000000       0x51 STM32F103C6_Drivers/LCD_driver/LCD_program.o
 .debug_macro   0x0000000000000000       0xef STM32F103C6_Drivers/LCD_driver/LCD_program.o
 .debug_macro   0x0000000000000000       0x6a STM32F103C6_Drivers/LCD_driver/LCD_program.o
 .debug_macro   0x0000000000000000      0x1df STM32F103C6_Drivers/LCD_driver/LCD_program.o
 .debug_macro   0x0000000000000000       0x18 STM32F103C6_Drivers/LCD_driver/LCD_program.o
 .debug_macro   0x0000000000000000       0x46 STM32F103C6_Drivers/LCD_driver/LCD_program.o
 .debug_macro   0x0000000000000000       0x3c STM32F103C6_Drivers/LCD_driver/LCD_program.o
 .debug_macro   0x0000000000000000       0x34 STM32F103C6_Drivers/LCD_driver/LCD_program.o
 .debug_macro   0x0000000000000000       0x16 STM32F103C6_Drivers/LCD_driver/LCD_program.o
 .debug_macro   0x0000000000000000      0x10e STM32F103C6_Drivers/LCD_driver/LCD_program.o
 .debug_macro   0x0000000000000000       0x8d STM32F103C6_Drivers/LCD_driver/LCD_program.o
 .debug_macro   0x0000000000000000       0x52 STM32F103C6_Drivers/LCD_driver/LCD_program.o
 .debug_macro   0x0000000000000000       0x1f STM32F103C6_Drivers/LCD_driver/LCD_program.o
 .debug_macro   0x0000000000000000       0x43 STM32F103C6_Drivers/LCD_driver/LCD_program.o
 .debug_macro   0x0000000000000000       0x20 STM32F103C6_Drivers/LCD_driver/LCD_program.o
 .debug_macro   0x0000000000000000      0x1a3 STM32F103C6_Drivers/LCD_driver/LCD_program.o
 .debug_macro   0x0000000000000000      0x330 STM32F103C6_Drivers/LCD_driver/LCD_program.o
 .debug_macro   0x0000000000000000       0x16 STM32F103C6_Drivers/LCD_driver/LCD_program.o
 .debug_macro   0x0000000000000000       0x29 STM32F103C6_Drivers/LCD_driver/LCD_program.o
 .debug_macro   0x0000000000000000       0xb4 STM32F103C6_Drivers/LCD_driver/LCD_program.o
 .debug_macro   0x0000000000000000       0xc4 STM32F103C6_Drivers/LCD_driver/LCD_program.o
 .group         0x0000000000000000        0xc STM32F103C6_Drivers/STM32F103C6_GPIO_driver.o
 .group         0x0000000000000000        0xc STM32F103C6_Drivers/STM32F103C6_GPIO_driver.o
 .group         0x0000000000000000        0xc STM32F103C6_Drivers/STM32F103C6_GPIO_driver.o
 .group         0x0000000000000000        0xc STM32F103C6_Drivers/STM32F103C6_GPIO_driver.o
 .group         0x0000000000000000        0xc STM32F103C6_Drivers/STM32F103C6_GPIO_driver.o
 .group         0x0000000000000000        0xc STM32F103C6_Drivers/STM32F103C6_GPIO_driver.o
 .group         0x0000000000000000        0xc STM32F103C6_Drivers/STM32F103C6_GPIO_driver.o
 .group         0x0000000000000000        0xc STM32F103C6_Drivers/STM32F103C6_GPIO_driver.o
 .group         0x0000000000000000        0xc STM32F103C6_Drivers/STM32F103C6_GPIO_driver.o
 .group         0x0000000000000000        0xc STM32F103C6_Drivers/STM32F103C6_GPIO_driver.o
 .group         0x0000000000000000        0xc STM32F103C6_Drivers/STM32F103C6_GPIO_driver.o
 .group         0x0000000000000000        0xc STM32F103C6_Drivers/STM32F103C6_GPIO_driver.o
 .group         0x0000000000000000        0xc STM32F103C6_Drivers/STM32F103C6_GPIO_driver.o
 .group         0x0000000000000000        0xc STM32F103C6_Drivers/STM32F103C6_GPIO_driver.o
 .group         0x0000000000000000        0xc STM32F103C6_Drivers/STM32F103C6_GPIO_driver.o
 .group         0x0000000000000000        0xc STM32F103C6_Drivers/STM32F103C6_GPIO_driver.o
 .group         0x0000000000000000        0xc STM32F103C6_Drivers/STM32F103C6_GPIO_driver.o
 .group         0x0000000000000000        0xc STM32F103C6_Drivers/STM32F103C6_GPIO_driver.o
 .group         0x0000000000000000        0xc STM32F103C6_Drivers/STM32F103C6_GPIO_driver.o
 .group         0x0000000000000000        0xc STM32F103C6_Drivers/STM32F103C6_GPIO_driver.o
 .group         0x0000000000000000        0xc STM32F103C6_Drivers/STM32F103C6_GPIO_driver.o
 .group         0x0000000000000000        0xc STM32F103C6_Drivers/STM32F103C6_GPIO_driver.o
 .group         0x0000000000000000        0xc STM32F103C6_Drivers/STM32F103C6_GPIO_driver.o
 .group         0x0000000000000000        0xc STM32F103C6_Drivers/STM32F103C6_GPIO_driver.o
 .text          0x0000000000000000        0x0 STM32F103C6_Drivers/STM32F103C6_GPIO_driver.o
 .data          0x0000000000000000        0x0 STM32F103C6_Drivers/STM32F103C6_GPIO_driver.o
 .bss           0x0000000000000000        0x0 STM32F103C6_Drivers/STM32F103C6_GPIO_driver.o
 .text.MCAL_GPIO_DeInit
                0x0000000000000000       0xc8 STM32F103C6_Drivers/STM32F103C6_GPIO_driver.o
 .text.MCAL_GPIO_ReadPort
                0x0000000000000000       0x18 STM32F103C6_Drivers/STM32F103C6_GPIO_driver.o
 .text.MCAL_GPIO_TogglePin
                0x0000000000000000       0x22 STM32F103C6_Drivers/STM32F103C6_GPIO_driver.o
 .text.MCAL_GPIO_LockPin
                0x0000000000000000       0x5a STM32F103C6_Drivers/STM32F103C6_GPIO_driver.o
 .debug_macro   0x0000000000000000      0xa60 STM32F103C6_Drivers/STM32F103C6_GPIO_driver.o
 .debug_macro   0x0000000000000000       0x22 STM32F103C6_Drivers/STM32F103C6_GPIO_driver.o
 .debug_macro   0x0000000000000000       0x8e STM32F103C6_Drivers/STM32F103C6_GPIO_driver.o
 .debug_macro   0x0000000000000000       0x51 STM32F103C6_Drivers/STM32F103C6_GPIO_driver.o
 .debug_macro   0x0000000000000000       0xef STM32F103C6_Drivers/STM32F103C6_GPIO_driver.o
 .debug_macro   0x0000000000000000       0x6a STM32F103C6_Drivers/STM32F103C6_GPIO_driver.o
 .debug_macro   0x0000000000000000      0x1df STM32F103C6_Drivers/STM32F103C6_GPIO_driver.o
 .debug_macro   0x0000000000000000       0x18 STM32F103C6_Drivers/STM32F103C6_GPIO_driver.o
 .debug_macro   0x0000000000000000       0x46 STM32F103C6_Drivers/STM32F103C6_GPIO_driver.o
 .debug_macro   0x0000000000000000       0x3c STM32F103C6_Drivers/STM32F103C6_GPIO_driver.o
 .debug_macro   0x0000000000000000       0x34 STM32F103C6_Drivers/STM32F103C6_GPIO_driver.o
 .debug_macro   0x0000000000000000       0x16 STM32F103C6_Drivers/STM32F103C6_GPIO_driver.o
 .debug_macro   0x0000000000000000      0x10e STM32F103C6_Drivers/STM32F103C6_GPIO_driver.o
 .debug_macro   0x0000000000000000       0x8d STM32F103C6_Drivers/STM32F103C6_GPIO_driver.o
 .debug_macro   0x0000000000000000       0x52 STM32F103C6_Drivers/STM32F103C6_GPIO_driver.o
 .debug_macro   0x0000000000000000       0x1f STM32F103C6_Drivers/STM32F103C6_GPIO_driver.o
 .debug_macro   0x0000000000000000       0x43 STM32F103C6_Drivers/STM32F103C6_GPIO_driver.o
 .debug_macro   0x0000000000000000       0x20 STM32F103C6_Drivers/STM32F103C6_GPIO_driver.o
 .debug_macro   0x0000000000000000      0x1a3 STM32F103C6_Drivers/STM32F103C6_GPIO_driver.o
 .debug_macro   0x0000000000000000      0x330 STM32F103C6_Drivers/STM32F103C6_GPIO_driver.o
 .debug_macro   0x0000000000000000       0x16 STM32F103C6_Drivers/STM32F103C6_GPIO_driver.o
 .debug_macro   0x0000000000000000       0x29 STM32F103C6_Drivers/STM32F103C6_GPIO_driver.o
 .debug_macro   0x0000000000000000       0xb4 STM32F103C6_Drivers/STM32F103C6_GPIO_driver.o
 .debug_macro   0x0000000000000000       0xc4 STM32F103C6_Drivers/STM32F103C6_GPIO_driver.o
 .group         0x0000000000000000        0xc Src/main.o
 .group         0x0000000000000000        0xc Src/main.o
 .group         0x0000000000000000        0xc Src/main.o
 .group         0x0000000000000000        0xc Src/main.o
 .group         0x0000000000000000        0xc Src/main.o
 .group         0x0000000000000000        0xc Src/main.o
 .group         0x0000000000000000        0xc Src/main.o
 .group         0x0000000000000000        0xc Src/main.o
 .group         0x0000000000000000        0xc Src/main.o
 .group         0x0000000000000000        0xc Src/main.o
 .group         0x0000000000000000        0xc Src/main.o
 .group         0x0000000000000000        0xc Src/main.o
 .group         0x0000000000000000        0xc Src/main.o
 .group         0x0000000000000000        0xc Src/main.o
 .group         0x0000000000000000        0xc Src/main.o
 .group         0x0000000000000000        0xc Src/main.o
 .group         0x0000000000000000        0xc Src/main.o
 .group         0x0000000000000000        0xc Src/main.o
 .group         0x0000000000000000        0xc Src/main.o
 .group         0x0000000000000000        0xc Src/main.o
 .group         0x0000000000000000        0xc Src/main.o
 .group         0x0000000000000000        0xc Src/main.o
 .group         0x0000000000000000        0xc Src/main.o
 .group         0x0000000000000000        0xc Src/main.o
 .group         0x0000000000000000        0xc Src/main.o
 .group         0x0000000000000000        0xc Src/main.o
 .group         0x0000000000000000        0xc Src/main.o
 .group         0x0000000000000000        0xc Src/main.o
 .group         0x0000000000000000        0xc Src/main.o
 .text          0x0000000000000000        0x0 Src/main.o
 .data          0x0000000000000000        0x0 Src/main.o
 .bss           0x0000000000000000        0x0 Src/main.o
 .debug_macro   0x0000000000000000      0xa60 Src/main.o
 .debug_macro   0x0000000000000000       0x22 Src/main.o
 .debug_macro   0x0000000000000000       0x8e Src/main.o
 .debug_macro   0x0000000000000000       0x51 Src/main.o
 .debug_macro   0x0000000000000000       0xef Src/main.o
 .debug_macro   0x0000000000000000       0x6a Src/main.o
 .debug_macro   0x0000000000000000      0x1df Src/main.o
 .debug_macro   0x0000000000000000       0x18 Src/main.o
 .debug_macro   0x0000000000000000       0x46 Src/main.o
 .debug_macro   0x0000000000000000       0x3c Src/main.o
 .debug_macro   0x0000000000000000       0x34 Src/main.o
 .debug_macro   0x0000000000000000       0x16 Src/main.o
 .debug_macro   0x0000000000000000      0x10e Src/main.o
 .debug_macro   0x0000000000000000       0x8d Src/main.o
 .debug_macro   0x0000000000000000       0x52 Src/main.o
 .debug_macro   0x0000000000000000       0x1f Src/main.o
 .debug_macro   0x0000000000000000       0x43 Src/main.o
 .debug_macro   0x0000000000000000       0x20 Src/main.o
 .debug_macro   0x0000000000000000      0x1a3 Src/main.o
 .debug_macro   0x0000000000000000      0x330 Src/main.o
 .debug_macro   0x0000000000000000       0x16 Src/main.o
 .debug_macro   0x0000000000000000       0x29 Src/main.o
 .debug_macro   0x0000000000000000       0xb4 Src/main.o
 .debug_macro   0x0000000000000000       0xc4 Src/main.o
 .debug_macro   0x0000000000000000       0x22 Src/main.o
 .debug_macro   0x0000000000000000       0x28 Src/main.o
 .debug_macro   0x0000000000000000       0xa0 Src/main.o
 .debug_macro   0x0000000000000000       0x58 Src/main.o
 .group         0x0000000000000000        0xc Src/syscalls.o
 .group         0x0000000000000000        0xc Src/syscalls.o
 .group         0x0000000000000000        0xc Src/syscalls.o
 .group         0x0000000000000000        0xc Src/syscalls.o
 .group         0x0000000000000000        0xc Src/syscalls.o
 .group         0x0000000000000000        0xc Src/syscalls.o
 .group         0x0000000000000000        0xc Src/syscalls.o
 .group         0x0000000000000000        0xc Src/syscalls.o
 .group         0x0000000000000000        0xc Src/syscalls.o
 .group         0x0000000000000000        0xc Src/syscalls.o
 .group         0x0000000000000000        0xc Src/syscalls.o
 .group         0x0000000000000000        0xc Src/syscalls.o
 .group         0x0000000000000000        0xc Src/syscalls.o
 .group         0x0000000000000000        0xc Src/syscalls.o
 .group         0x0000000000000000        0xc Src/syscalls.o
 .group         0x0000000000000000        0xc Src/syscalls.o
 .group         0x0000000000000000        0xc Src/syscalls.o
 .group         0x0000000000000000        0xc Src/syscalls.o
 .group         0x0000000000000000        0xc Src/syscalls.o
 .group         0x0000000000000000        0xc Src/syscalls.o
 .group         0x0000000000000000        0xc Src/syscalls.o
 .group         0x0000000000000000        0xc Src/syscalls.o
 .group         0x0000000000000000        0xc Src/syscalls.o
 .group         0x0000000000000000        0xc Src/syscalls.o
 .group         0x0000000000000000        0xc Src/syscalls.o
 .group         0x0000000000000000        0xc Src/syscalls.o
 .group         0x0000000000000000        0xc Src/syscalls.o
 .group         0x0000000000000000        0xc Src/syscalls.o
 .group         0x0000000000000000        0xc Src/syscalls.o
 .group         0x0000000000000000        0xc Src/syscalls.o
 .group         0x0000000000000000        0xc Src/syscalls.o
 .group         0x0000000000000000        0xc Src/syscalls.o
 .group         0x0000000000000000        0xc Src/syscalls.o
 .group         0x0000000000000000        0xc Src/syscalls.o
 .group         0x0000000000000000        0xc Src/syscalls.o
 .group         0x0000000000000000        0xc Src/syscalls.o
 .group         0x0000000000000000        0xc Src/syscalls.o
 .group         0x0000000000000000        0xc Src/syscalls.o
 .group         0x0000000000000000        0xc Src/syscalls.o
 .group         0x0000000000000000        0xc Src/syscalls.o
 .group         0x0000000000000000        0xc Src/syscalls.o
 .group         0x0000000000000000        0xc Src/syscalls.o
 .group         0x0000000000000000        0xc Src/syscalls.o
 .group         0x0000000000000000        0xc Src/syscalls.o
 .text          0x0000000000000000        0x0 Src/syscalls.o
 .data          0x0000000000000000        0x0 Src/syscalls.o
 .bss           0x0000000000000000        0x0 Src/syscalls.o
 .bss.__env     0x0000000000000000        0x4 Src/syscalls.o
 .data.environ  0x0000000000000000        0x4 Src/syscalls.o
 .text.initialise_monitor_handles
                0x0000000000000000        0xc Src/syscalls.o
 .text._getpid  0x0000000000000000        0xe Src/syscalls.o
 .text._kill    0x0000000000000000       0x20 Src/syscalls.o
 .text._exit    0x0000000000000000       0x14 Src/syscalls.o
 .text._read    0x0000000000000000       0x3a Src/syscalls.o
 .text._write   0x0000000000000000       0x38 Src/syscalls.o
 .text._close   0x0000000000000000       0x16 Src/syscalls.o
 .text._fstat   0x0000000000000000       0x1e Src/syscalls.o
 .text._isatty  0x0000000000000000       0x14 Src/syscalls.o
 .text._lseek   0x0000000000000000       0x18 Src/syscalls.o
 .text._open    0x0000000000000000       0x1a Src/syscalls.o
 .text._wait    0x0000000000000000       0x1e Src/syscalls.o
 .text._unlink  0x0000000000000000       0x1e Src/syscalls.o
 .text._times   0x0000000000000000       0x16 Src/syscalls.o
 .text._stat    0x0000000000000000       0x1e Src/syscalls.o
 .text._link    0x0000000000000000       0x20 Src/syscalls.o
 .text._fork    0x0000000000000000       0x16 Src/syscalls.o
 .text._execve  0x0000000000000000       0x22 Src/syscalls.o
 .debug_info    0x0000000000000000     0x1038 Src/syscalls.o
 .debug_abbrev  0x0000000000000000      0x254 Src/syscalls.o
 .debug_loc     0x0000000000000000      0x5b8 Src/syscalls.o
 .debug_aranges
                0x0000000000000000       0xa8 Src/syscalls.o
 .debug_ranges  0x0000000000000000       0x98 Src/syscalls.o
 .debug_macro   0x0000000000000000      0x243 Src/syscalls.o
 .debug_macro   0x0000000000000000      0xa60 Src/syscalls.o
 .debug_macro   0x0000000000000000       0x22 Src/syscalls.o
 .debug_macro   0x0000000000000000       0x40 Src/syscalls.o
 .debug_macro   0x0000000000000000       0x18 Src/syscalls.o
 .debug_macro   0x0000000000000000       0x94 Src/syscalls.o
 .debug_macro   0x0000000000000000       0x3c Src/syscalls.o
 .debug_macro   0x0000000000000000       0x34 Src/syscalls.o
 .debug_macro   0x0000000000000000       0x57 Src/syscalls.o
 .debug_macro   0x0000000000000000      0x174 Src/syscalls.o
 .debug_macro   0x0000000000000000      0x330 Src/syscalls.o
 .debug_macro   0x0000000000000000       0x52 Src/syscalls.o
 .debug_macro   0x0000000000000000       0x1f Src/syscalls.o
 .debug_macro   0x0000000000000000       0x43 Src/syscalls.o
 .debug_macro   0x0000000000000000       0x20 Src/syscalls.o
 .debug_macro   0x0000000000000000      0x1a3 Src/syscalls.o
 .debug_macro   0x0000000000000000       0x10 Src/syscalls.o
 .debug_macro   0x0000000000000000       0x35 Src/syscalls.o
 .debug_macro   0x0000000000000000       0x10 Src/syscalls.o
 .debug_macro   0x0000000000000000       0x10 Src/syscalls.o
 .debug_macro   0x0000000000000000       0x10 Src/syscalls.o
 .debug_macro   0x0000000000000000       0x6a Src/syscalls.o
 .debug_macro   0x0000000000000000       0x1c Src/syscalls.o
 .debug_macro   0x0000000000000000       0x52 Src/syscalls.o
 .debug_macro   0x0000000000000000       0x40 Src/syscalls.o
 .debug_macro   0x0000000000000000       0x10 Src/syscalls.o
 .debug_macro   0x0000000000000000       0x40 Src/syscalls.o
 .debug_macro   0x0000000000000000       0xd7 Src/syscalls.o
 .debug_macro   0x0000000000000000       0x1c Src/syscalls.o
 .debug_macro   0x0000000000000000       0x3d Src/syscalls.o
 .debug_macro   0x0000000000000000       0x35 Src/syscalls.o
 .debug_macro   0x0000000000000000      0x122 Src/syscalls.o
 .debug_macro   0x0000000000000000       0x16 Src/syscalls.o
 .debug_macro   0x0000000000000000       0x16 Src/syscalls.o
 .debug_macro   0x0000000000000000       0x29 Src/syscalls.o
 .debug_macro   0x0000000000000000       0x10 Src/syscalls.o
 .debug_macro   0x0000000000000000      0x241 Src/syscalls.o
 .debug_macro   0x0000000000000000       0x1c Src/syscalls.o
 .debug_macro   0x0000000000000000       0x10 Src/syscalls.o
 .debug_macro   0x0000000000000000       0x10 Src/syscalls.o
 .debug_macro   0x0000000000000000       0x16 Src/syscalls.o
 .debug_macro   0x0000000000000000      0x145 Src/syscalls.o
 .debug_macro   0x0000000000000000      0x189 Src/syscalls.o
 .debug_macro   0x0000000000000000       0x16 Src/syscalls.o
 .debug_macro   0x0000000000000000       0x88 Src/syscalls.o
 .debug_line    0x0000000000000000      0x739 Src/syscalls.o
 .debug_str     0x0000000000000000     0x889b Src/syscalls.o
 .comment       0x0000000000000000       0x7c Src/syscalls.o
 .debug_frame   0x0000000000000000      0x2ac Src/syscalls.o
 .ARM.attributes
                0x0000000000000000       0x33 Src/syscalls.o
 .group         0x0000000000000000        0xc Src/sysmem.o
 .group         0x0000000000000000        0xc Src/sysmem.o
 .group         0x0000000000000000        0xc Src/sysmem.o
 .group         0x0000000000000000        0xc Src/sysmem.o
 .group         0x0000000000000000        0xc Src/sysmem.o
 .group         0x0000000000000000        0xc Src/sysmem.o
 .group         0x0000000000000000        0xc Src/sysmem.o
 .group         0x0000000000000000        0xc Src/sysmem.o
 .group         0x0000000000000000        0xc Src/sysmem.o
 .group         0x0000000000000000        0xc Src/sysmem.o
 .group         0x0000000000000000        0xc Src/sysmem.o
 .group         0x0000000000000000        0xc Src/sysmem.o
 .group         0x0000000000000000        0xc Src/sysmem.o
 .group         0x0000000000000000        0xc Src/sysmem.o
 .group         0x0000000000000000        0xc Src/sysmem.o
 .group         0x0000000000000000        0xc Src/sysmem.o
 .group         0x0000000000000000        0xc Src/sysmem.o
 .group         0x0000000000000000        0xc Src/sysmem.o
 .group         0x0000000000000000        0xc Src/sysmem.o
 .text          0x0000000000000000        0x0 Src/sysmem.o
 .data          0x0000000000000000        0x0 Src/sysmem.o
 .bss           0x0000000000000000        0x0 Src/sysmem.o
 .bss.__sbrk_heap_end
                0x0000000000000000        0x4 Src/sysmem.o
 .text._sbrk    0x0000000000000000       0x6c Src/sysmem.o
 .debug_info    0x0000000000000000      0xa7c Src/sysmem.o
 .debug_abbrev  0x0000000000000000      0x18e Src/sysmem.o
 .debug_loc     0x0000000000000000       0x50 Src/sysmem.o
 .debug_aranges
                0x0000000000000000       0x20 Src/sysmem.o
 .debug_ranges  0x0000000000000000       0x10 Src/sysmem.o
 .debug_macro   0x0000000000000000       0xee Src/sysmem.o
 .debug_macro   0x0000000000000000      0xa60 Src/sysmem.o
 .debug_macro   0x0000000000000000       0x10 Src/sysmem.o
 .debug_macro   0x0000000000000000       0x22 Src/sysmem.o
 .debug_macro   0x0000000000000000       0x40 Src/sysmem.o
 .debug_macro   0x0000000000000000       0x18 Src/sysmem.o
 .debug_macro   0x0000000000000000       0x94 Src/sysmem.o
 .debug_macro   0x0000000000000000       0x3c Src/sysmem.o
 .debug_macro   0x0000000000000000       0x34 Src/sysmem.o
 .debug_macro   0x0000000000000000      0x174 Src/sysmem.o
 .debug_macro   0x0000000000000000       0x57 Src/sysmem.o
 .debug_macro   0x0000000000000000       0x52 Src/sysmem.o
 .debug_macro   0x0000000000000000       0x1f Src/sysmem.o
 .debug_macro   0x0000000000000000       0x43 Src/sysmem.o
 .debug_macro   0x0000000000000000       0x20 Src/sysmem.o
 .debug_macro   0x0000000000000000      0x1a3 Src/sysmem.o
 .debug_macro   0x0000000000000000      0x23b Src/sysmem.o
 .debug_macro   0x0000000000000000       0xef Src/sysmem.o
 .debug_macro   0x0000000000000000       0x6a Src/sysmem.o
 .debug_macro   0x0000000000000000      0x1df Src/sysmem.o
 .debug_line    0x0000000000000000      0x4c2 Src/sysmem.o
 .debug_str     0x0000000000000000     0x5f69 Src/sysmem.o
 .comment       0x0000000000000000       0x7c Src/sysmem.o
 .debug_frame   0x0000000000000000       0x34 Src/sysmem.o
 .ARM.attributes
                0x0000000000000000       0x33 Src/sysmem.o
 .text          0x0000000000000000       0x14 Startup/startup_stm32f103c6tx.o
 .data          0x0000000000000000        0x0 Startup/startup_stm32f103c6tx.o
 .bss           0x0000000000000000        0x0 Startup/startup_stm32f103c6tx.o
 .text          0x0000000000000000        0x0 c:/st/stm32cubeide_1.4.0/stm32cubeide/plugins/com.st.stm32cube.ide.mcu.externaltools.gnu-tools-for-stm32.7-2018-q2-update.win32_1.4.0.202007081208/tools/bin/../lib/gcc/arm-none-eabi/7.3.1/../../../../arm-none-eabi/lib/thumb/v7-m\libc_nano.a(lib_a-errno.o)
 .data          0x0000000000000000        0x0 c:/st/stm32cubeide_1.4.0/stm32cubeide/plugins/com.st.stm32cube.ide.mcu.externaltools.gnu-tools-for-stm32.7-2018-q2-update.win32_1.4.0.202007081208/tools/bin/../lib/gcc/arm-none-eabi/7.3.1/../../../../arm-none-eabi/lib/thumb/v7-m\libc_nano.a(lib_a-errno.o)
 .bss           0x0000000000000000        0x0 c:/st/stm32cubeide_1.4.0/stm32cubeide/plugins/com.st.stm32cube.ide.mcu.externaltools.gnu-tools-for-stm32.7-2018-q2-update.win32_1.4.0.202007081208/tools/bin/../lib/gcc/arm-none-eabi/7.3.1/../../../../arm-none-eabi/lib/thumb/v7-m\libc_nano.a(lib_a-errno.o)
 .text.__errno  0x0000000000000000        0xc c:/st/stm32cubeide_1.4.0/stm32cubeide/plugins/com.st.stm32cube.ide.mcu.externaltools.gnu-tools-for-stm32.7-2018-q2-update.win32_1.4.0.202007081208/tools/bin/../lib/gcc/arm-none-eabi/7.3.1/../../../../arm-none-eabi/lib/thumb/v7-m\libc_nano.a(lib_a-errno.o)
 .debug_frame   0x0000000000000000       0x20 c:/st/stm32cubeide_1.4.0/stm32cubeide/plugins/com.st.stm32cube.ide.mcu.externaltools.gnu-tools-for-stm32.7-2018-q2-update.win32_1.4.0.202007081208/tools/bin/../lib/gcc/arm-none-eabi/7.3.1/../../../../arm-none-eabi/lib/thumb/v7-m\libc_nano.a(lib_a-errno.o)
 .ARM.attributes
                0x0000000000000000       0x2d c:/st/stm32cubeide_1.4.0/stm32cubeide/plugins/com.st.stm32cube.ide.mcu.externaltools.gnu-tools-for-stm32.7-2018-q2-update.win32_1.4.0.202007081208/tools/bin/../lib/gcc/arm-none-eabi/7.3.1/../../../../arm-none-eabi/lib/thumb/v7-m\libc_nano.a(lib_a-errno.o)
 .text          0x0000000000000000        0x0 c:/st/stm32cubeide_1.4.0/stm32cubeide/plugins/com.st.stm32cube.ide.mcu.externaltools.gnu-tools-for-stm32.7-2018-q2-update.win32_1.4.0.202007081208/tools/bin/../lib/gcc/arm-none-eabi/7.3.1/../../../../arm-none-eabi/lib/thumb/v7-m\libc_nano.a(lib_a-exit.o)
 .data          0x0000000000000000        0x0 c:/st/stm32cubeide_1.4.0/stm32cubeide/plugins/com.st.stm32cube.ide.mcu.externaltools.gnu-tools-for-stm32.7-2018-q2-update.win32_1.4.0.202007081208/tools/bin/../lib/gcc/arm-none-eabi/7.3.1/../../../../arm-none-eabi/lib/thumb/v7-m\libc_nano.a(lib_a-exit.o)
 .bss           0x0000000000000000        0x0 c:/st/stm32cubeide_1.4.0/stm32cubeide/plugins/com.st.stm32cube.ide.mcu.externaltools.gnu-tools-for-stm32.7-2018-q2-update.win32_1.4.0.202007081208/tools/bin/../lib/gcc/arm-none-eabi/7.3.1/../../../../arm-none-eabi/lib/thumb/v7-m\libc_nano.a(lib_a-exit.o)
 .text.exit     0x0000000000000000       0x28 c:/st/stm32cubeide_1.4.0/stm32cubeide/plugins/com.st.stm32cube.ide.mcu.externaltools.gnu-tools-for-stm32.7-2018-q2-update.win32_1.4.0.202007081208/tools/bin/../lib/gcc/arm-none-eabi/7.3.1/../../../../arm-none-eabi/lib/thumb/v7-m\libc_nano.a(lib_a-exit.o)
 .debug_frame   0x0000000000000000       0x28 c:/st/stm32cubeide_1.4.0/stm32cubeide/plugins/com.st.stm32cube.ide.mcu.externaltools.gnu-tools-for-stm32.7-2018-q2-update.win32_1.4.0.202007081208/tools/bin/../lib/gcc/arm-none-eabi/7.3.1/../../../../arm-none-eabi/lib/thumb/v7-m\libc_nano.a(lib_a-exit.o)
 .ARM.attributes
                0x0000000000000000       0x2d c:/st/stm32cubeide_1.4.0/stm32cubeide/plugins/com.st.stm32cube.ide.mcu.externaltools.gnu-tools-for-stm32.7-2018-q2-update.win32_1.4.0.202007081208/tools/bin/../lib/gcc/arm-none-eabi/7.3.1/../../../../arm-none-eabi/lib/thumb/v7-m\libc_nano.a(lib_a-exit.o)
 .text          0x0000000000000000        0x0 c:/st/stm32cubeide_1.4.0/stm32cubeide/plugins/com.st.stm32cube.ide.mcu.externaltools.gnu-tools-for-stm32.7-2018-q2-update.win32_1.4.0.202007081208/tools/bin/../lib/gcc/arm-none-eabi/7.3.1/../../../../arm-none-eabi/lib/thumb/v7-m\libc_nano.a(lib_a-impure.o)
 .data          0x0000000000000000        0x0 c:/st/stm32cubeide_1.4.0/stm32cubeide/plugins/com.st.stm32cube.ide.mcu.externaltools.gnu-tools-for-stm32.7-2018-q2-update.win32_1.4.0.202007081208/tools/bin/../lib/gcc/arm-none-eabi/7.3.1/../../../../arm-none-eabi/lib/thumb/v7-m\libc_nano.a(lib_a-impure.o)
 .bss           0x0000000000000000        0x0 c:/st/stm32cubeide_1.4.0/stm32cubeide/plugins/com.st.stm32cube.ide.mcu.externaltools.gnu-tools-for-stm32.7-2018-q2-update.win32_1.4.0.202007081208/tools/bin/../lib/gcc/arm-none-eabi/7.3.1/../../../../arm-none-eabi/lib/thumb/v7-m\libc_nano.a(lib_a-impure.o)
 .data._impure_ptr
                0x0000000000000000        0x4 c:/st/stm32cubeide_1.4.0/stm32cubeide/plugins/com.st.stm32cube.ide.mcu.externaltools.gnu-tools-for-stm32.7-2018-q2-update.win32_1.4.0.202007081208/tools/bin/../lib/gcc/arm-none-eabi/7.3.1/../../../../arm-none-eabi/lib/thumb/v7-m\libc_nano.a(lib_a-impure.o)
 .data.impure_data
                0x0000000000000000       0x60 c:/st/stm32cubeide_1.4.0/stm32cubeide/plugins/com.st.stm32cube.ide.mcu.externaltools.gnu-tools-for-stm32.7-2018-q2-update.win32_1.4.0.202007081208/tools/bin/../lib/gcc/arm-none-eabi/7.3.1/../../../../arm-none-eabi/lib/thumb/v7-m\libc_nano.a(lib_a-impure.o)
 .rodata._global_impure_ptr
                0x0000000000000000        0x4 c:/st/stm32cubeide_1.4.0/stm32cubeide/plugins/com.st.stm32cube.ide.mcu.externaltools.gnu-tools-for-stm32.7-2018-q2-update.win32_1.4.0.202007081208/tools/bin/../lib/gcc/arm-none-eabi/7.3.1/../../../../arm-none-eabi/lib/thumb/v7-m\libc_nano.a(lib_a-impure.o)
 .ARM.attributes
                0x0000000000000000       0x2d c:/st/stm32cubeide_1.4.0/stm32cubeide/plugins/com.st.stm32cube.ide.mcu.externaltools.gnu-tools-for-stm32.7-2018-q2-update.win32_1.4.0.202007081208/tools/bin/../lib/gcc/arm-none-eabi/7.3.1/../../../../arm-none-eabi/lib/thumb/v7-m\libc_nano.a(lib_a-impure.o)
 .text          0x0000000000000000        0x0 c:/st/stm32cubeide_1.4.0/stm32cubeide/plugins/com.st.stm32cube.ide.mcu.externaltools.gnu-tools-for-stm32.7-2018-q2-update.win32_1.4.0.202007081208/tools/bin/../lib/gcc/arm-none-eabi/7.3.1/../../../../arm-none-eabi/lib/thumb/v7-m\libc_nano.a(lib_a-init.o)
 .data          0x0000000000000000        0x0 c:/st/stm32cubeide_1.4.0/stm32cubeide/plugins/com.st.stm32cube.ide.mcu.externaltools.gnu-tools-for-stm32.7-2018-q2-update.win32_1.4.0.202007081208/tools/bin/../lib/gcc/arm-none-eabi/7.3.1/../../../../arm-none-eabi/lib/thumb/v7-m\libc_nano.a(lib_a-init.o)
 .bss           0x0000000000000000        0x0 c:/st/stm32cubeide_1.4.0/stm32cubeide/plugins/com.st.stm32cube.ide.mcu.externaltools.gnu-tools-for-stm32.7-2018-q2-update.win32_1.4.0.202007081208/tools/bin/../lib/gcc/arm-none-eabi/7.3.1/../../../../arm-none-eabi/lib/thumb/v7-m\libc_nano.a(lib_a-init.o)
 .text          0x0000000000000000        0x0 c:/st/stm32cubeide_1.4.0/stm32cubeide/plugins/com.st.stm32cube.ide.mcu.externaltools.gnu-tools-for-stm32.7-2018-q2-update.win32_1.4.0.202007081208/tools/bin/../lib/gcc/arm-none-eabi/7.3.1/../../../../arm-none-eabi/lib/thumb/v7-m\libc_nano.a(lib_a-memset.o)
 .data          0x0000000000000000        0x0 c:/st/stm32cubeide_1.4.0/stm32cubeide/plugins/com.st.stm32cube.ide.mcu.externaltools.gnu-tools-for-stm32.7-2018-q2-update.win32_1.4.0.202007081208/tools/bin/../lib/gcc/arm-none-eabi/7.3.1/../../../../arm-none-eabi/lib/thumb/v7-m\libc_nano.a(lib_a-memset.o)
 .bss           0x0000000000000000        0x0 c:/st/stm32cubeide_1.4.0/stm32cubeide/plugins/com.st.stm32cube.ide.mcu.externaltools.gnu-tools-for-stm32.7-2018-q2-update.win32_1.4.0.202007081208/tools/bin/../lib/gcc/arm-none-eabi/7.3.1/../../../../arm-none-eabi/lib/thumb/v7-m\libc_nano.a(lib_a-memset.o)
 .text.memset   0x0000000000000000       0x10 c:/st/stm32cubeide_1.4.0/stm32cubeide/plugins/com.st.stm32cube.ide.mcu.externaltools.gnu-tools-for-stm32.7-2018-q2-update.win32_1.4.0.202007081208/tools/bin/../lib/gcc/arm-none-eabi/7.3.1/../../../../arm-none-eabi/lib/thumb/v7-m\libc_nano.a(lib_a-memset.o)
 .debug_frame   0x0000000000000000       0x20 c:/st/stm32cubeide_1.4.0/stm32cubeide/plugins/com.st.stm32cube.ide.mcu.externaltools.gnu-tools-for-stm32.7-2018-q2-update.win32_1.4.0.202007081208/tools/bin/../lib/gcc/arm-none-eabi/7.3.1/../../../../arm-none-eabi/lib/thumb/v7-m\libc_nano.a(lib_a-memset.o)
 .ARM.attributes
                0x0000000000000000       0x2d c:/st/stm32cubeide_1.4.0/stm32cubeide/plugins/com.st.stm32cube.ide.mcu.externaltools.gnu-tools-for-stm32.7-2018-q2-update.win32_1.4.0.202007081208/tools/bin/../lib/gcc/arm-none-eabi/7.3.1/../../../../arm-none-eabi/lib/thumb/v7-m\libc_nano.a(lib_a-memset.o)
 .text          0x0000000000000000        0x0 c:/st/stm32cubeide_1.4.0/stm32cubeide/plugins/com.st.stm32cube.ide.mcu.externaltools.gnu-tools-for-stm32.7-2018-q2-update.win32_1.4.0.202007081208/tools/bin/../lib/gcc/arm-none-eabi/7.3.1/thumb/v7-m/crtend.o
 .data          0x0000000000000000        0x0 c:/st/stm32cubeide_1.4.0/stm32cubeide/plugins/com.st.stm32cube.ide.mcu.externaltools.gnu-tools-for-stm32.7-2018-q2-update.win32_1.4.0.202007081208/tools/bin/../lib/gcc/arm-none-eabi/7.3.1/thumb/v7-m/crtend.o
 .bss           0x0000000000000000        0x0 c:/st/stm32cubeide_1.4.0/stm32cubeide/plugins/com.st.stm32cube.ide.mcu.externaltools.gnu-tools-for-stm32.7-2018-q2-update.win32_1.4.0.202007081208/tools/bin/../lib/gcc/arm-none-eabi/7.3.1/thumb/v7-m/crtend.o
 .eh_frame      0x0000000000000000        0x4 c:/st/stm32cubeide_1.4.0/stm32cubeide/plugins/com.st.stm32cube.ide.mcu.externaltools.gnu-tools-for-stm32.7-2018-q2-update.win32_1.4.0.202007081208/tools/bin/../lib/gcc/arm-none-eabi/7.3.1/thumb/v7-m/crtend.o
 .ARM.attributes
                0x0000000000000000       0x2d c:/st/stm32cubeide_1.4.0/stm32cubeide/plugins/com.st.stm32cube.ide.mcu.externaltools.gnu-tools-for-stm32.7-2018-q2-update.win32_1.4.0.202007081208/tools/bin/../lib/gcc/arm-none-eabi/7.3.1/thumb/v7-m/crtend.o
 .text          0x0000000000000000        0x0 c:/st/stm32cubeide_1.4.0/stm32cubeide/plugins/com.st.stm32cube.ide.mcu.externaltools.gnu-tools-for-stm32.7-2018-q2-update.win32_1.4.0.202007081208/tools/bin/../lib/gcc/arm-none-eabi/7.3.1/thumb/v7-m/crtn.o
 .data          0x0000000000000000        0x0 c:/st/stm32cubeide_1.4.0/stm32cubeide/plugins/com.st.stm32cube.ide.mcu.externaltools.gnu-tools-for-stm32.7-2018-q2-update.win32_1.4.0.202007081208/tools/bin/../lib/gcc/arm-none-eabi/7.3.1/thumb/v7-m/crtn.o
 .bss           0x0000000000000000        0x0 c:/st/stm32cubeide_1.4.0/stm32cubeide/plugins/com.st.stm32cube.ide.mcu.externaltools.gnu-tools-for-stm32.7-2018-q2-update.win32_1.4.0.202007081208/tools/bin/../lib/gcc/arm-none-eabi/7.3.1/thumb/v7-m/crtn.o

Memory Configuration

Name             Origin             Length             Attributes
RAM              0x0000000020000000 0x0000000000002800 xrw
ROM              0x0000000008000000 0x0000000000008000 xr
*default*        0x0000000000000000 0xffffffffffffffff

Linker script and memory map

LOAD c:/st/stm32cubeide_1.4.0/stm32cubeide/plugins/com.st.stm32cube.ide.mcu.externaltools.gnu-tools-for-stm32.7-2018-q2-update.win32_1.4.0.202007081208/tools/bin/../lib/gcc/arm-none-eabi/7.3.1/thumb/v7-m/crti.o
LOAD c:/st/stm32cubeide_1.4.0/stm32cubeide/plugins/com.st.stm32cube.ide.mcu.externaltools.gnu-tools-for-stm32.7-2018-q2-update.win32_1.4.0.202007081208/tools/bin/../lib/gcc/arm-none-eabi/7.3.1/thumb/v7-m/crtbegin.o
LOAD c:/st/stm32cubeide_1.4.0/stm32cubeide/plugins/com.st.stm32cube.ide.mcu.externaltools.gnu-tools-for-stm32.7-2018-q2-update.win32_1.4.0.202007081208/tools/bin/../lib/gcc/arm-none-eabi/7.3.1/../../../../arm-none-eabi/lib/thumb/v7-m/crt0.o
LOAD STM32F103C6_Drivers/KeyPad_driver/KPD_program.o
LOAD STM32F103C6_Drivers/LCD_driver/LCD_program.o
LOAD STM32F103C6_Drivers/STM32F103C6_GPIO_driver.o
LOAD Src/main.o
LOAD Src/syscalls.o
LOAD Src/sysmem.o
LOAD Startup/startup_stm32f103c6tx.o
START GROUP
LOAD c:/st/stm32cubeide_1.4.0/stm32cubeide/plugins/com.st.stm32cube.ide.mcu.externaltools.gnu-tools-for-stm32.7-2018-q2-update.win32_1.4.0.202007081208/tools/bin/../lib/gcc/arm-none-eabi/7.3.1/../../../../arm-none-eabi/lib/thumb/v7-m\libc_nano.a
LOAD c:/st/stm32cubeide_1.4.0/stm32cubeide/plugins/com.st.stm32cube.ide.mcu.externaltools.gnu-tools-for-stm32.7-2018-q2-update.win32_1.4.0.202007081208/tools/bin/../lib/gcc/arm-none-eabi/7.3.1/../../../../arm-none-eabi/lib/thumb/v7-m\libm.a
END GROUP
START GROUP
LOAD c:/st/stm32cubeide_1.4.0/stm32cubeide/plugins/com.st.stm32cube.ide.mcu.externaltools.gnu-tools-for-stm32.7-2018-q2-update.win32_1.4.0.202007081208/tools/bin/../lib/gcc/arm-none-eabi/7.3.1/thumb/v7-m\libgcc.a
LOAD c:/st/stm32cubeide_1.4.0/stm32cubeide/plugins/com.st.stm32cube.ide.mcu.externaltools.gnu-tools-for-stm32.7-2018-q2-update.win32_1.4.0.202007081208/tools/bin/../lib/gcc/arm-none-eabi/7.3.1/../../../../arm-none-eabi/lib/thumb/v7-m\libg_nano.a
LOAD c:/st/stm32cubeide_1.4.0/stm32cubeide/plugins/com.st.stm32cube.ide.mcu.externaltools.gnu-tools-for-stm32.7-2018-q2-update.win32_1.4.0.202007081208/tools/bin/../lib/gcc/arm-none-eabi/7.3.1/../../../../arm-none-eabi/lib/thumb/v7-m\libc_nano.a
END GROUP
START GROUP
LOAD c:/st/stm32cubeide_1.4.0/stm32cubeide/plugins/com.st.stm32cube.ide.mcu.externaltools.gnu-tools-for-stm32.7-2018-q2-update.win32_1.4.0.202007081208/tools/bin/../lib/gcc/arm-none-eabi/7.3.1/thumb/v7-m\libgcc.a
LOAD c:/st/stm32cubeide_1.4.0/stm32cubeide/plugins/com.st.stm32cube.ide.mcu.externaltools.gnu-tools-for-stm32.7-2018-q2-update.win32_1.4.0.202007081208/tools/bin/../lib/gcc/arm-none-eabi/7.3.1/../../../../arm-none-eabi/lib/thumb/v7-m\libc_nano.a
LOAD c:/st/stm32cubeide_1.4.0/stm32cubeide/plugins/com.st.stm32cube.ide.mcu.externaltools.gnu-tools-for-stm32.7-2018-q2-update.win32_1.4.0.202007081208/tools/bin/../lib/gcc/arm-none-eabi/7.3.1/../../../../arm-none-eabi/lib/thumb/v7-m\libnosys.a
END GROUP
START GROUP
LOAD c:/st/stm32cubeide_1.4.0/stm32cubeide/plugins/com.st.stm32cube.ide.mcu.externaltools.gnu-tools-for-stm32.7-2018-q2-update.win32_1.4.0.202007081208/tools/bin/../lib/gcc/arm-none-eabi/7.3.1/thumb/v7-m\libgcc.a
LOAD c:/st/stm32cubeide_1.4.0/stm32cubeide/plugins/com.st.stm32cube.ide.mcu.externaltools.gnu-tools-for-stm32.7-2018-q2-update.win32_1.4.0.202007081208/tools/bin/../lib/gcc/arm-none-eabi/7.3.1/../../../../arm-none-eabi/lib/thumb/v7-m\libc_nano.a
LOAD c:/st/stm32cubeide_1.4.0/stm32cubeide/plugins/com.st.stm32cube.ide.mcu.externaltools.gnu-tools-for-stm32.7-2018-q2-update.win32_1.4.0.202007081208/tools/bin/../lib/gcc/arm-none-eabi/7.3.1/../../../../arm-none-eabi/lib/thumb/v7-m\libnosys.a
END GROUP
LOAD c:/st/stm32cubeide_1.4.0/stm32cubeide/plugins/com.st.stm32cube.ide.mcu.externaltools.gnu-tools-for-stm32.7-2018-q2-update.win32_1.4.0.202007081208/tools/bin/../lib/gcc/arm-none-eabi/7.3.1/thumb/v7-m/crtend.o
LOAD c:/st/stm32cubeide_1.4.0/stm32cubeide/plugins/com.st.stm32cube.ide.mcu.externaltools.gnu-tools-for-stm32.7-2018-q2-update.win32_1.4.0.202007081208/tools/bin/../lib/gcc/arm-none-eabi/7.3.1/thumb/v7-m/crtn.o
                0x0000000020002800                _estack = (ORIGIN (RAM) + LENGTH (RAM))
                0x0000000000000200                _Min_Heap_Size = 0x200
                0x0000000000000400                _Min_Stack_Size = 0x400

.isr_vector     0x0000000008000000      0x130
                0x0000000008000000                . = ALIGN (0x4)
 *(.isr_vector)
 .isr_vector    0x0000000008000000      0x130 Startup/startup_stm32f103c6tx.o
                0x0000000008000000                g_pfnVectors
                0x0000000008000130                . = ALIGN (0x4)

.text           0x0000000008000130      0xaf4
                0x0000000008000130                . = ALIGN (0x4)
 *(.text)
 .text          0x0000000008000130       0x40 c:/st/stm32cubeide_1.4.0/stm32cubeide/plugins/com.st.stm32cube.ide.mcu.externaltools.gnu-tools-for-stm32.7-2018-q2-update.win32_1.4.0.202007081208/tools/bin/../lib/gcc/arm-none-eabi/7.3.1/thumb/v7-m/crtbegin.o
 *(.text*)
 .text.KPD_init
                0x0000000008000170       0xb4 STM32F103C6_Drivers/KeyPad_driver/KPD_program.o
                0x0000000008000170                KPD_init
 .text.KPD_getValue
                0x0000000008000224      0x178 STM32F103C6_Drivers/KeyPad_driver/KPD_program.o
                0x0000000008000224                KPD_getValue
 .text.delay_ms
                0x000000000800039c       0x38 STM32F103C6_Drivers/LCD_driver/LCD_program.o
                0x000000000800039c                delay_ms
 .text.LCD_setPinDirections
                0x00000000080003d4       0xb4 STM32F103C6_Drivers/LCD_driver/LCD_program.o
                0x00000000080003d4                LCD_setPinDirections
 .text.LCD_init
                0x0000000008000488       0x78 STM32F103C6_Drivers/LCD_driver/LCD_program.o
                0x0000000008000488                LCD_init
 .text.LCD_sendCmnd
                0x0000000008000500       0x80 STM32F103C6_Drivers/LCD_driver/LCD_program.o
                0x0000000008000500                LCD_sendCmnd
 .text.LCD_sendChar
                0x0000000008000580       0x80 STM32F103C6_Drivers/LCD_driver/LCD_program.o
                0x0000000008000580                LCD_sendChar
 .text.writeHalfPort
                0x0000000008000600       0xa4 STM32F103C6_Drivers/LCD_driver/LCD_program.o
 .text.LCD_typeString
                0x00000000080006a4       0x42 STM32F103C6_Drivers/LCD_driver/LCD_program.o
                0x00000000080006a4                LCD_typeString
 .text.LCD_clear
                0x00000000080006e6       0x14 STM32F103C6_Drivers/LCD_driver/LCD_program.o
                0x00000000080006e6                LCD_clear
 .text.LCD_goToSpecificPosition
                0x00000000080006fa       0x4a STM32F103C6_Drivers/LCD_driver/LCD_program.o
                0x00000000080006fa                LCD_goToSpecificPosition
 .text.Get_CRLH_Position
                0x0000000008000744       0xc6 STM32F103C6_Drivers/STM32F103C6_GPIO_driver.o
                0x0000000008000744                Get_CRLH_Position
 .text.MCAL_GPIO_Init
                0x000000000800080a      0x102 STM32F103C6_Drivers/STM32F103C6_GPIO_driver.o
                0x000000000800080a                MCAL_GPIO_Init
 .text.MCAL_GPIO_ReadPin
                0x000000000800090c       0x28 STM32F103C6_Drivers/STM32F103C6_GPIO_driver.o
                0x000000000800090c                MCAL_GPIO_ReadPin
 .text.MCAL_GPIO_WritePin
                0x0000000008000934       0x2e STM32F103C6_Drivers/STM32F103C6_GPIO_driver.o
                0x0000000008000934                MCAL_GPIO_WritePin
 .text.MCAL_GPIO_WritePort
                0x0000000008000962       0x1c STM32F103C6_Drivers/STM32F103C6_GPIO_driver.o
                0x0000000008000962                MCAL_GPIO_WritePort
 *fill*         0x000000000800097e        0x2 
 .text.clock_init
                0x0000000008000980       0x28 Src/main.o
                0x0000000008000980                clock_init
 .text.GPIO_init
                0x00000000080009a8       0xbc Src/main.o
                0x00000000080009a8                GPIO_init
 .text.main     0x0000000008000a64      0x10c Src/main.o
                0x0000000008000a64                main
 .text.Reset_Handler
                0x0000000008000b70       0x50 Startup/startup_stm32f103c6tx.o
                0x0000000008000b70                Reset_Handler
 .text.Default_Handler
                0x0000000008000bc0        0x2 Startup/startup_stm32f103c6tx.o
                0x0000000008000bc0                EXTI2_IRQHandler
                0x0000000008000bc0                TIM8_TRG_COM_IRQHandler
                0x0000000008000bc0                TIM8_CC_IRQHandler
                0x0000000008000bc0                DebugMon_Handler
                0x0000000008000bc0                TIM1_CC_IRQHandler
                0x0000000008000bc0                HardFault_Handler
                0x0000000008000bc0                TIM6_IRQHandler
                0x0000000008000bc0                SysTick_Handler
                0x0000000008000bc0                PVD_IRQHandler
                0x0000000008000bc0                SDIO_IRQHandler
                0x0000000008000bc0                PendSV_Handler
                0x0000000008000bc0                NMI_Handler
                0x0000000008000bc0                EXTI3_IRQHandler
                0x0000000008000bc0                USB_HP_CAN_TX_IRQHandler
                0x0000000008000bc0                EXTI0_IRQHandler
                0x0000000008000bc0                I2C2_EV_IRQHandler
                0x0000000008000bc0                UsageFault_Handler
                0x0000000008000bc0                ADC1_2_IRQHandler
                0x0000000008000bc0                SPI1_IRQHandler
                0x0000000008000bc0                CAN_SCE_IRQHandler
                0x0000000008000bc0                TAMPER_IRQHandler
                0x0000000008000bc0                TIM8_UP_IRQHandler
                0x0000000008000bc0                DMA2_Channel2_IRQHandler
                0x0000000008000bc0                DMA1_Channel4_IRQHandler
                0x0000000008000bc0                USART3_IRQHandler
                0x0000000008000bc0                RTC_IRQHandler
                0x0000000008000bc0                DMA1_Channel7_IRQHandler
                0x0000000008000bc0                UART5_IRQHandler
                0x0000000008000bc0                ADC3_IRQHandler
                0x0000000008000bc0                TIM4_IRQHandler
                0x0000000008000bc0                CAN_RX1_IRQHandler
                0x0000000008000bc0                DMA2_Channel1_IRQHandler
                0x0000000008000bc0                I2C1_EV_IRQHandler
                0x0000000008000bc0                DMA1_Channel6_IRQHandler
                0x0000000008000bc0                UART4_IRQHandler
                0x0000000008000bc0                TIM3_IRQHandler
                0x0000000008000bc0                RCC_IRQHandler
                0x0000000008000bc0                TIM1_TRG_COM_IRQHandler
                0x0000000008000bc0                DMA1_Channel1_IRQHandler
                0x0000000008000bc0                Default_Handler
                0x0000000008000bc0                EXTI15_10_IRQHandler
                0x0000000008000bc0                TIM7_IRQHandler
                0x0000000008000bc0                TIM5_IRQHandler
                0x0000000008000bc0                EXTI9_5_IRQHandler
                0x0000000008000bc0                SPI2_IRQHandler
                0x0000000008000bc0                USB_LP_CAN_RX0_IRQHandler
                0x0000000008000bc0                MemManage_Handler
                0x0000000008000bc0                SVC_Handler
                0x0000000008000bc0                DMA1_Channel5_IRQHandler
                0x0000000008000bc0                EXTI4_IRQHandler
                0x0000000008000bc0                DMA1_Channel3_IRQHandler
                0x0000000008000bc0                FSMC_IRQHandler
                0x0000000008000bc0                TIM1_UP_IRQHandler
                0x0000000008000bc0                WWDG_IRQHandler
                0x0000000008000bc0                TIM2_IRQHandler
                0x0000000008000bc0                TIM1_BRK_IRQHandler
                0x0000000008000bc0                EXTI1_IRQHandler
                0x0000000008000bc0                RTCAlarm_IRQHandler
                0x0000000008000bc0                DMA2_Channel4_5_IRQHandler
                0x0000000008000bc0                USART2_IRQHandler
                0x0000000008000bc0                I2C2_ER_IRQHandler
                0x0000000008000bc0                DMA1_Channel2_IRQHandler
                0x0000000008000bc0                TIM8_BRK_IRQHandler
                0x0000000008000bc0                FLASH_IRQHandler
                0x0000000008000bc0                BusFault_Handler
                0x0000000008000bc0                USART1_IRQHandler
                0x0000000008000bc0                SPI3_IRQHandler
                0x0000000008000bc0                I2C1_ER_IRQHandler
                0x0000000008000bc0                DMA2_Channel3_IRQHandler
 *fill*         0x0000000008000bc2        0x2 
 .text.__libc_init_array
                0x0000000008000bc4       0x48 c:/st/stm32cubeide_1.4.0/stm32cubeide/plugins/com.st.stm32cube.ide.mcu.externaltools.gnu-tools-for-stm32.7-2018-q2-update.win32_1.4.0.202007081208/tools/bin/../lib/gcc/arm-none-eabi/7.3.1/../../../../arm-none-eabi/lib/thumb/v7-m\libc_nano.a(lib_a-init.o)
                0x0000000008000bc4                __libc_init_array
 *(.glue_7)
 .glue_7        0x0000000008000c0c        0x0 linker stubs
 *(.glue_7t)
 .glue_7t       0x0000000008000c0c        0x0 linker stubs
 *(.eh_frame)
 .eh_frame      0x0000000008000c0c        0x0 c:/st/stm32cubeide_1.4.0/stm32cubeide/plugins/com.st.stm32cube.ide.mcu.externaltools.gnu-tools-for-stm32.7-2018-q2-update.win32_1.4.0.202007081208/tools/bin/../lib/gcc/arm-none-eabi/7.3.1/thumb/v7-m/crtbegin.o
 *(.init)
 .init          0x0000000008000c0c        0x4 c:/st/stm32cubeide_1.4.0/stm32cubeide/plugins/com.st.stm32cube.ide.mcu.externaltools.gnu-tools-for-stm32.7-2018-q2-update.win32_1.4.0.202007081208/tools/bin/../lib/gcc/arm-none-eabi/7.3.1/thumb/v7-m/crti.o
                0x0000000008000c0c                _init
 .init          0x0000000008000c10        0x8 c:/st/stm32cubeide_1.4.0/stm32cubeide/plugins/com.st.stm32cube.ide.mcu.externaltools.gnu-tools-for-stm32.7-2018-q2-update.win32_1.4.0.202007081208/tools/bin/../lib/gcc/arm-none-eabi/7.3.1/thumb/v7-m/crtn.o
 *(.fini)
 .fini          0x0000000008000c18        0x4 c:/st/stm32cubeide_1.4.0/stm32cubeide/plugins/com.st.stm32cube.ide.mcu.externaltools.gnu-tools-for-stm32.7-2018-q2-update.win32_1.4.0.202007081208/tools/bin/../lib/gcc/arm-none-eabi/7.3.1/thumb/v7-m/crti.o
                0x0000000008000c18                _fini
 .fini          0x0000000008000c1c        0x8 c:/st/stm32cubeide_1.4.0/stm32cubeide/plugins/com.st.stm32cube.ide.mcu.externaltools.gnu-tools-for-stm32.7-2018-q2-update.win32_1.4.0.202007081208/tools/bin/../lib/gcc/arm-none-eabi/7.3.1/thumb/v7-m/crtn.o
                0x0000000008000c24                . = ALIGN (0x4)
                0x0000000008000c24                _etext = .

.vfp11_veneer   0x0000000008000c24        0x0
 .vfp11_veneer  0x0000000008000c24        0x0 linker stubs

.v4_bx          0x0000000008000c24        0x0
 .v4_bx         0x0000000008000c24        0x0 linker stubs

.iplt           0x0000000008000c24        0x0
 .iplt          0x0000000008000c24        0x0 c:/st/stm32cubeide_1.4.0/stm32cubeide/plugins/com.st.stm32cube.ide.mcu.externaltools.gnu-tools-for-stm32.7-2018-q2-update.win32_1.4.0.202007081208/tools/bin/../lib/gcc/arm-none-eabi/7.3.1/thumb/v7-m/crtbegin.o

.rodata         0x0000000008000c24       0x50
                0x0000000008000c24                . = ALIGN (0x4)
 *(.rodata)
 .rodata        0x0000000008000c24       0x20 STM32F103C6_Drivers/KeyPad_driver/KPD_program.o
 .rodata        0x0000000008000c44       0x2f Src/main.o
 *(.rodata*)
                0x0000000008000c74                . = ALIGN (0x4)
 *fill*         0x0000000008000c73        0x1 

.rel.dyn        0x0000000008000c74        0x0
 .rel.iplt      0x0000000008000c74        0x0 c:/st/stm32cubeide_1.4.0/stm32cubeide/plugins/com.st.stm32cube.ide.mcu.externaltools.gnu-tools-for-stm32.7-2018-q2-update.win32_1.4.0.202007081208/tools/bin/../lib/gcc/arm-none-eabi/7.3.1/thumb/v7-m/crtbegin.o

.ARM.extab      0x0000000008000c74        0x0
                0x0000000008000c74                . = ALIGN (0x4)
 *(.ARM.extab* .gnu.linkonce.armextab.*)
                0x0000000008000c74                . = ALIGN (0x4)

.ARM            0x0000000008000c74        0x0
                0x0000000008000c74                . = ALIGN (0x4)
                0x0000000008000c74                __exidx_start = .
 *(.ARM.exidx*)
                0x0000000008000c74                __exidx_end = .
                0x0000000008000c74                . = ALIGN (0x4)

.preinit_array  0x0000000008000c74        0x0
                0x0000000008000c74                . = ALIGN (0x4)
                0x0000000008000c74                PROVIDE (__preinit_array_start = .)
 *(.preinit_array*)
                0x0000000008000c74                PROVIDE (__preinit_array_end = .)
                0x0000000008000c74                . = ALIGN (0x4)

.init_array     0x0000000008000c74        0x4
                0x0000000008000c74                . = ALIGN (0x4)
                0x0000000008000c74                PROVIDE (__init_array_start = .)
 *(SORT_BY_NAME(.init_array.*))
 *(.init_array*)
 .init_array    0x0000000008000c74        0x4 c:/st/stm32cubeide_1.4.0/stm32cubeide/plugins/com.st.stm32cube.ide.mcu.externaltools.gnu-tools-for-stm32.7-2018-q2-update.win32_1.4.0.202007081208/tools/bin/../lib/gcc/arm-none-eabi/7.3.1/thumb/v7-m/crtbegin.o
                0x0000000008000c78                PROVIDE (__init_array_end = .)
                0x0000000008000c78                . = ALIGN (0x4)

.fini_array     0x0000000008000c78        0x4
                0x0000000008000c78                . = ALIGN (0x4)
                [!provide]                        PROVIDE (__fini_array_start = .)
 *(SORT_BY_NAME(.fini_array.*))
 *(.fini_array*)
 .fini_array    0x0000000008000c78        0x4 c:/st/stm32cubeide_1.4.0/stm32cubeide/plugins/com.st.stm32cube.ide.mcu.externaltools.gnu-tools-for-stm32.7-2018-q2-update.win32_1.4.0.202007081208/tools/bin/../lib/gcc/arm-none-eabi/7.3.1/thumb/v7-m/crtbegin.o
                [!provide]                        PROVIDE (__fini_array_end = .)
                0x0000000008000c7c                . = ALIGN (0x4)
                0x0000000008000c7c                _sidata = LOADADDR (.data)

.data           0x0000000020000000        0x0 load address 0x0000000008000c7c
                0x0000000020000000                . = ALIGN (0x4)
                0x0000000020000000                _sdata = .
 *(.data)
 *(.data*)
                0x0000000020000000                . = ALIGN (0x4)
                0x0000000020000000                _edata = .

.igot.plt       0x0000000020000000        0x0 load address 0x0000000008000c7c
 .igot.plt      0x0000000020000000        0x0 c:/st/stm32cubeide_1.4.0/stm32cubeide/plugins/com.st.stm32cube.ide.mcu.externaltools.gnu-tools-for-stm32.7-2018-q2-update.win32_1.4.0.202007081208/tools/bin/../lib/gcc/arm-none-eabi/7.3.1/thumb/v7-m/crtbegin.o
                0x0000000020000000                . = ALIGN (0x4)

.bss            0x0000000020000000       0x1c load address 0x0000000008000c7c
                0x0000000020000000                _sbss = .
                0x0000000020000000                __bss_start__ = _sbss
 *(.bss)
 .bss           0x0000000020000000       0x1c c:/st/stm32cubeide_1.4.0/stm32cubeide/plugins/com.st.stm32cube.ide.mcu.externaltools.gnu-tools-for-stm32.7-2018-q2-update.win32_1.4.0.202007081208/tools/bin/../lib/gcc/arm-none-eabi/7.3.1/thumb/v7-m/crtbegin.o
 *(.bss*)
 *(COMMON)
                0x000000002000001c                . = ALIGN (0x4)
                0x000000002000001c                _ebss = .
                0x000000002000001c                __bss_end__ = _ebss

._user_heap_stack
                0x000000002000001c      0x604 load address 0x0000000008000c7c
                0x0000000020000020                . = ALIGN (0x8)
 *fill*         0x000000002000001c        0x4 
                [!provide]                        PROVIDE (end = .)
                0x0000000020000020                PROVIDE (_end = .)
                0x0000000020000220                . = (. + _Min_Heap_Size)
 *fill*         0x0000000020000020      0x200 
                0x0000000020000620                . = (. + _Min_Stack_Size)
 *fill*         0x0000000020000220      0x400 
                0x0000000020000620                . = ALIGN (0x8)

/DISCARD/
 libc.a(*)
 libm.a(*)
 libgcc.a(*)

.ARM.attributes
                0x0000000000000000       0x29
 *(.ARM.attributes)
 .ARM.attributes
                0x0000000000000000       0x1d c:/st/stm32cubeide_1.4.0/stm32cubeide/plugins/com.st.stm32cube.ide.mcu.externaltools.gnu-tools-for-stm32.7-2018-q2-update.win32_1.4.0.202007081208/tools/bin/../lib/gcc/arm-none-eabi/7.3.1/thumb/v7-m/crti.o
 .ARM.attributes
                0x000000000000001d       0x2d c:/st/stm32cubeide_1.4.0/stm32cubeide/plugins/com.st.stm32cube.ide.mcu.externaltools.gnu-tools-for-stm32.7-2018-q2-update.win32_1.4.0.202007081208/tools/bin/../lib/gcc/arm-none-eabi/7.3.1/thumb/v7-m/crtbegin.o
 .ARM.attributes
                0x000000000000004a       0x33 STM32F103C6_Drivers/KeyPad_driver/KPD_program.o
 .ARM.attributes
                0x000000000000007d       0x33 STM32F103C6_Drivers/LCD_driver/LCD_program.o
 .ARM.attributes
                0x00000000000000b0       0x33 STM32F103C6_Drivers/STM32F103C6_GPIO_driver.o
 .ARM.attributes
                0x00000000000000e3       0x33 Src/main.o
 .ARM.attributes
                0x0000000000000116       0x21 Startup/startup_stm32f103c6tx.o
 .ARM.attributes
                0x0000000000000137       0x2d c:/st/stm32cubeide_1.4.0/stm32cubeide/plugins/com.st.stm32cube.ide.mcu.externaltools.gnu-tools-for-stm32.7-2018-q2-update.win32_1.4.0.202007081208/tools/bin/../lib/gcc/arm-none-eabi/7.3.1/../../../../arm-none-eabi/lib/thumb/v7-m\libc_nano.a(lib_a-init.o)
 .ARM.attributes
                0x0000000000000164       0x1d c:/st/stm32cubeide_1.4.0/stm32cubeide/plugins/com.st.stm32cube.ide.mcu.externaltools.gnu-tools-for-stm32.7-2018-q2-update.win32_1.4.0.202007081208/tools/bin/../lib/gcc/arm-none-eabi/7.3.1/thumb/v7-m/crtn.o
OUTPUT(Drivers.elf elf32-littlearm)

.debug_info     0x0000000000000000     0x3146
 .debug_info    0x0000000000000000      0xb67 STM32F103C6_Drivers/KeyPad_driver/KPD_program.o
 .debug_info    0x0000000000000b67      0xca7 STM32F103C6_Drivers/LCD_driver/LCD_program.o
 .debug_info    0x000000000000180e      0xd42 STM32F103C6_Drivers/STM32F103C6_GPIO_driver.o
 .debug_info    0x0000000000002550      0xbd4 Src/main.o
 .debug_info    0x0000000000003124       0x22 Startup/startup_stm32f103c6tx.o

.debug_abbrev   0x0000000000000000      0x809
 .debug_abbrev  0x0000000000000000      0x1bc STM32F103C6_Drivers/KeyPad_driver/KPD_program.o
 .debug_abbrev  0x00000000000001bc      0x23e STM32F103C6_Drivers/LCD_driver/LCD_program.o
 .debug_abbrev  0x00000000000003fa      0x232 STM32F103C6_Drivers/STM32F103C6_GPIO_driver.o
 .debug_abbrev  0x000000000000062c      0x1cb Src/main.o
 .debug_abbrev  0x00000000000007f7       0x12 Startup/startup_stm32f103c6tx.o

.debug_loc      0x0000000000000000      0x822
 .debug_loc     0x0000000000000000       0xa2 STM32F103C6_Drivers/KeyPad_driver/KPD_program.o
 .debug_loc     0x00000000000000a2      0x384 STM32F103C6_Drivers/LCD_driver/LCD_program.o
 .debug_loc     0x0000000000000426      0x330 STM32F103C6_Drivers/STM32F103C6_GPIO_driver.o
 .debug_loc     0x0000000000000756       0xcc Src/main.o

.debug_aranges  0x0000000000000000      0x158
 .debug_aranges
                0x0000000000000000       0x28 STM32F103C6_Drivers/KeyPad_driver/KPD_program.o
 .debug_aranges
                0x0000000000000028       0x78 STM32F103C6_Drivers/LCD_driver/LCD_program.o
 .debug_aranges
                0x00000000000000a0       0x60 STM32F103C6_Drivers/STM32F103C6_GPIO_driver.o
 .debug_aranges
                0x0000000000000100       0x30 Src/main.o
 .debug_aranges
                0x0000000000000130       0x28 Startup/startup_stm32f103c6tx.o

.debug_ranges   0x0000000000000000      0x128
 .debug_ranges  0x0000000000000000       0x30 STM32F103C6_Drivers/KeyPad_driver/KPD_program.o
 .debug_ranges  0x0000000000000030       0x68 STM32F103C6_Drivers/LCD_driver/LCD_program.o
 .debug_ranges  0x0000000000000098       0x50 STM32F103C6_Drivers/STM32F103C6_GPIO_driver.o
 .debug_ranges  0x00000000000000e8       0x20 Src/main.o
 .debug_ranges  0x0000000000000108       0x20 Startup/startup_stm32f103c6tx.o

.debug_macro    0x0000000000000000     0x1f95
 .debug_macro   0x0000000000000000      0x162 STM32F103C6_Drivers/KeyPad_driver/KPD_program.o
 .debug_macro   0x0000000000000162      0xa60 STM32F103C6_Drivers/KeyPad_driver/KPD_program.o
 .debug_macro   0x0000000000000bc2       0x58 STM32F103C6_Drivers/KeyPad_driver/KPD_program.o
 .debug_macro   0x0000000000000c1a       0x22 STM32F103C6_Drivers/KeyPad_driver/KPD_program.o
 .debug_macro   0x0000000000000c3c       0x8e STM32F103C6_Drivers/KeyPad_driver/KPD_program.o
 .debug_macro   0x0000000000000cca       0x51 STM32F103C6_Drivers/KeyPad_driver/KPD_program.o
 .debug_macro   0x0000000000000d1b       0xef STM32F103C6_Drivers/KeyPad_driver/KPD_program.o
 .debug_macro   0x0000000000000e0a       0x6a STM32F103C6_Drivers/KeyPad_driver/KPD_program.o
 .debug_macro   0x0000000000000e74      0x1df STM32F103C6_Drivers/KeyPad_driver/KPD_program.o
 .debug_macro   0x0000000000001053       0x18 STM32F103C6_Drivers/KeyPad_driver/KPD_program.o
 .debug_macro   0x000000000000106b       0x46 STM32F103C6_Drivers/KeyPad_driver/KPD_program.o
 .debug_macro   0x00000000000010b1       0x3c STM32F103C6_Drivers/KeyPad_driver/KPD_program.o
 .debug_macro   0x00000000000010ed       0x34 STM32F103C6_Drivers/KeyPad_driver/KPD_program.o
 .debug_macro   0x0000000000001121       0x16 STM32F103C6_Drivers/KeyPad_driver/KPD_program.o
 .debug_macro   0x0000000000001137      0x10e STM32F103C6_Drivers/KeyPad_driver/KPD_program.o
 .debug_macro   0x0000000000001245       0x8d STM32F103C6_Drivers/KeyPad_driver/KPD_program.o
 .debug_macro   0x00000000000012d2       0x52 STM32F103C6_Drivers/KeyPad_driver/KPD_program.o
 .debug_macro   0x0000000000001324       0x1f STM32F103C6_Drivers/KeyPad_driver/KPD_program.o
 .debug_macro   0x0000000000001343       0x43 STM32F103C6_Drivers/KeyPad_driver/KPD_program.o
 .debug_macro   0x0000000000001386       0x20 STM32F103C6_Drivers/KeyPad_driver/KPD_program.o
 .debug_macro   0x00000000000013a6      0x1a3 STM32F103C6_Drivers/KeyPad_driver/KPD_program.o
 .debug_macro   0x0000000000001549      0x330 STM32F103C6_Drivers/KeyPad_driver/KPD_program.o
 .debug_macro   0x0000000000001879       0x16 STM32F103C6_Drivers/KeyPad_driver/KPD_program.o
 .debug_macro   0x000000000000188f       0x29 STM32F103C6_Drivers/KeyPad_driver/KPD_program.o
 .debug_macro   0x00000000000018b8       0xb4 STM32F103C6_Drivers/KeyPad_driver/KPD_program.o
 .debug_macro   0x000000000000196c       0xc4 STM32F103C6_Drivers/KeyPad_driver/KPD_program.o
 .debug_macro   0x0000000000001a30      0x16a STM32F103C6_Drivers/LCD_driver/LCD_program.o
 .debug_macro   0x0000000000001b9a       0x22 STM32F103C6_Drivers/LCD_driver/LCD_program.o
 .debug_macro   0x0000000000001bbc       0x28 STM32F103C6_Drivers/LCD_driver/LCD_program.o
 .debug_macro   0x0000000000001be4       0xa0 STM32F103C6_Drivers/LCD_driver/LCD_program.o
 .debug_macro   0x0000000000001c84      0x149 STM32F103C6_Drivers/STM32F103C6_GPIO_driver.o
 .debug_macro   0x0000000000001dcd      0x1b8 Src/main.o
 .debug_macro   0x0000000000001f85       0x10 Src/main.o

.debug_line     0x0000000000000000     0x1b91
 .debug_line    0x0000000000000000      0x626 STM32F103C6_Drivers/KeyPad_driver/KPD_program.o
 .debug_line    0x0000000000000626      0x722 STM32F103C6_Drivers/LCD_driver/LCD_program.o
 .debug_line    0x0000000000000d48      0x6a4 STM32F103C6_Drivers/STM32F103C6_GPIO_driver.o
 .debug_line    0x00000000000013ec      0x721 Src/main.o
 .debug_line    0x0000000000001b0d       0x84 Startup/startup_stm32f103c6tx.o

.debug_str      0x0000000000000000     0x7d8e
 .debug_str     0x0000000000000000     0x7744 STM32F103C6_Drivers/KeyPad_driver/KPD_program.o
                                       0x79a5 (size before relaxing)
 .debug_str     0x0000000000007744      0x42d STM32F103C6_Drivers/LCD_driver/LCD_program.o
                                       0x7bd3 (size before relaxing)
 .debug_str     0x0000000000007b71      0x13d STM32F103C6_Drivers/STM32F103C6_GPIO_driver.o
                                       0x78db (size before relaxing)
 .debug_str     0x0000000000007cae       0xaf Src/main.o
                                       0x7d21 (size before relaxing)
 .debug_str     0x0000000000007d5d       0x31 Startup/startup_stm32f103c6tx.o
                                         0x8c (size before relaxing)

.comment        0x0000000000000000       0x7b
 .comment       0x0000000000000000       0x7b STM32F103C6_Drivers/KeyPad_driver/KPD_program.o
                                         0x7c (size before relaxing)
 .comment       0x000000000000007b       0x7c STM32F103C6_Drivers/LCD_driver/LCD_program.o
 .comment       0x000000000000007b       0x7c STM32F103C6_Drivers/STM32F103C6_GPIO_driver.o
 .comment       0x000000000000007b       0x7c Src/main.o

.debug_frame    0x0000000000000000      0x428
 .debug_frame   0x0000000000000000       0x5c STM32F103C6_Drivers/KeyPad_driver/KPD_program.o
 .debug_frame   0x000000000000005c      0x1b4 STM32F103C6_Drivers/LCD_driver/LCD_program.o
 .debug_frame   0x0000000000000210      0x178 STM32F103C6_Drivers/STM32F103C6_GPIO_driver.o
 .debug_frame   0x0000000000000388       0x74 Src/main.o
 .debug_frame   0x00000000000003fc       0x2c c:/st/stm32cubeide_1.4.0/stm32cubeide/plugins/com.st.stm32cube.ide.mcu.externaltools.gnu-tools-for-stm32.7-2018-q2-update.win32_1.4.0.202007081208/tools/bin/../lib/gcc/arm-none-eabi/7.3.1/../../../../arm-none-eabi/lib/thumb/v7-m\libc_nano.a(lib_a-init.o)
