LCD_program.c:17:6:delay_ms	24	static
LCD_program.c:27:6:LCD_setPinDirections	16	static
LCD_program.c:101:6:LCD_init	8	static
LCD_program.c:131:6:LCD_sendCmnd	16	static
LCD_program.c:164:6:LCD_sendChar	16	static
LCD_program.c:198:13:writeHalfPort	16	static
LCD_program.c:230:6:LCD_sendString	24	static
LCD_program.c:245:6:LCD_typeString	24	static
LCD_program.c:262:6:LCD_writeNumber	24	static
LCD_program.c:286:6:LCD_clear	8	static
LCD_program.c:293:6:LCD_shift	16	static
LCD_program.c:307:6:LCD_goToSpecificPosition	16	static
