
Allocating common symbols
Common symbol       size              file

Alarm_Actuator_state_id
                    0x1               Alarm_Actuator_Driver.o
PSensor_state       0x4               main.o
Alarm_Actuator_state
                    0x4               Alarm_Actuator_Driver.o
Main_Algorithm_state
                    0x4               main.o
Main_Algorithm_state_id
                    0x1               main.o
PSensor_state_id    0x1               main.o
Alarm_Monitor_state_id
                    0x1               Alarm_Monitor.o
Alarm_Monitor_state
                    0x4               Alarm_Monitor.o

Memory Configuration

Name             Origin             Length             Attributes
flash            0x08000000         0x00020000         xr
SRAM             0x20000000         0x00005000         xrw
*default*        0x00000000         0xffffffff

Linker script and memory map


.text           0x08000000      0x460
 *(.vector*)
 .vectors       0x08000000       0x1c startup.o
                0x08000000                vectors
 *(.text*)
 .text          0x0800001c       0x74 Alarm_Actuator_Driver.o
                0x0800001c                Alarm_Actuator_init
                0x08000038                Set_Alarm_Actuator
                0x08000054                Stop_Alarm_Actuator
                0x08000070                stateFunction_Alarm_Actuator_off
                0x08000080                stateFunction_Alarm_Actuator_on
 .text          0x08000090       0x94 Alarm_Monitor.o
                0x08000090                HighPressureDetected
                0x080000ac                stateFunction_Alarm_Monitor_AlarmOff
                0x080000c4                stateFunction_Alarm_Monitor_AlarmOn
                0x080000f0                stateFunction_Alarm_Monitor_waiting
 .text          0x08000124      0x10c driver.o
                0x08000124                Delay
                0x08000148                getPressureVal
                0x08000160                Set_Alarm_actuator
                0x080001b0                GPIO_INITIALIZATION
 .text          0x08000230       0x8c main.o
                0x08000230                setup
                0x08000268                main
 .text          0x080002bc       0x74 Main_Algorithm.o
                0x080002bc                SetPressureValue
                0x080002ec                stateFunction_High_Pressure_Check
 .text          0x08000330       0x74 Psensor_Driver.o
                0x08000330                PressureSensor_init
                0x0800034c                stateFunction_PSensor_busy
                0x08000384                stateFunction_PSensor_idle
 .text          0x080003a4       0xbc startup.o
                0x080003a4                Reset_Handler
                0x08000454                MM_Fault_Handler
                0x08000454                H_Fault_Handler
                0x08000454                Bus_Fault
                0x08000454                Default_Handler
                0x08000454                Usage_Fault_Handler
                0x08000454                NMI_Handler
 *(.rodata)
                0x08000460                _E_text = .

.glue_7         0x08000460        0x0
 .glue_7        0x00000000        0x0 linker stubs

.glue_7t        0x08000460        0x0
 .glue_7t       0x00000000        0x0 linker stubs

.vfp11_veneer   0x08000460        0x0
 .vfp11_veneer  0x00000000        0x0 linker stubs

.v4_bx          0x08000460        0x0
 .v4_bx         0x00000000        0x0 linker stubs

.iplt           0x08000460        0x0
 .iplt          0x00000000        0x0 Alarm_Actuator_Driver.o

.rel.dyn        0x08000460        0x0
 .rel.iplt      0x00000000        0x0 Alarm_Actuator_Driver.o

.data           0x20000000        0x4 load address 0x08000460
                0x20000000                _S_data = .
 *(.data)
 .data          0x20000000        0x0 Alarm_Actuator_Driver.o
 .data          0x20000000        0x0 Alarm_Monitor.o
 .data          0x20000000        0x0 driver.o
 .data          0x20000000        0x0 main.o
 .data          0x20000000        0x4 Main_Algorithm.o
                0x20000000                Main_pressure_threshold
 .data          0x20000004        0x0 Psensor_Driver.o
 .data          0x20000004        0x0 startup.o
                0x20000004                . = ALIGN (0x4)
                0x20000004                _E_data = .

.igot.plt       0x20000004        0x0 load address 0x08000464
 .igot.plt      0x00000000        0x0 Alarm_Actuator_Driver.o

.bss            0x20000004     0x1022 load address 0x08000464
                0x20000004                _S_bss = .
 *(.bss)
 .bss           0x20000004        0x0 Alarm_Actuator_Driver.o
 .bss           0x20000004        0x0 Alarm_Monitor.o
 .bss           0x20000004        0x0 driver.o
 .bss           0x20000004        0x0 main.o
 .bss           0x20000004        0x4 Main_Algorithm.o
                0x20000004                Main_pressureVal
 .bss           0x20000008        0x4 Psensor_Driver.o
                0x20000008                Psensor_pressureVal
 .bss           0x2000000c        0x0 startup.o
                0x2000000c                _E_bss = .
                0x2000000c                . = ALIGN (0x4)
                0x2000100c                . = (. + 0x1000)
 *fill*         0x2000000c     0x1000 
                0x2000100c                _stack_top = .
 COMMON         0x2000100c        0x8 Alarm_Actuator_Driver.o
                0x2000100c                Alarm_Actuator_state_id
                0x20001010                Alarm_Actuator_state
 COMMON         0x20001014        0x8 Alarm_Monitor.o
                0x20001014                Alarm_Monitor_state_id
                0x20001018                Alarm_Monitor_state
 COMMON         0x2000101c        0xa main.o
                0x2000101c                PSensor_state
                0x20001020                Main_Algorithm_state
                0x20001024                Main_Algorithm_state_id
                0x20001025                PSensor_state_id
LOAD Alarm_Actuator_Driver.o
LOAD Alarm_Monitor.o
LOAD driver.o
LOAD main.o
LOAD Main_Algorithm.o
LOAD Psensor_Driver.o
LOAD startup.o
OUTPUT(High_Pressure_Detection_System.elf elf32-littlearm)

.debug_info     0x00000000      0x866
 .debug_info    0x00000000      0x129 Alarm_Actuator_Driver.o
 .debug_info    0x00000129      0x11a Alarm_Monitor.o
 .debug_info    0x00000243      0x103 driver.o
 .debug_info    0x00000346      0x199 main.o
 .debug_info    0x000004df      0x10e Main_Algorithm.o
 .debug_info    0x000005ed      0x111 Psensor_Driver.o
 .debug_info    0x000006fe      0x168 startup.o

.debug_abbrev   0x00000000      0x44e
 .debug_abbrev  0x00000000       0x92 Alarm_Actuator_Driver.o
 .debug_abbrev  0x00000092       0x92 Alarm_Monitor.o
 .debug_abbrev  0x00000124       0x9d driver.o
 .debug_abbrev  0x000001c1       0x94 main.o
 .debug_abbrev  0x00000255       0xa5 Main_Algorithm.o
 .debug_abbrev  0x000002fa       0x92 Psensor_Driver.o
 .debug_abbrev  0x0000038c       0xc2 startup.o

.debug_loc      0x00000000      0x3f8
 .debug_loc     0x00000000       0xdc Alarm_Actuator_Driver.o
 .debug_loc     0x000000dc       0xb0 Alarm_Monitor.o
 .debug_loc     0x0000018c       0xc8 driver.o
 .debug_loc     0x00000254       0x58 main.o
 .debug_loc     0x000002ac       0x64 Main_Algorithm.o
 .debug_loc     0x00000310       0x84 Psensor_Driver.o
 .debug_loc     0x00000394       0x64 startup.o

.debug_aranges  0x00000000       0xe0
 .debug_aranges
                0x00000000       0x20 Alarm_Actuator_Driver.o
 .debug_aranges
                0x00000020       0x20 Alarm_Monitor.o
 .debug_aranges
                0x00000040       0x20 driver.o
 .debug_aranges
                0x00000060       0x20 main.o
 .debug_aranges
                0x00000080       0x20 Main_Algorithm.o
 .debug_aranges
                0x000000a0       0x20 Psensor_Driver.o
 .debug_aranges
                0x000000c0       0x20 startup.o

.debug_line     0x00000000      0x38c
 .debug_line    0x00000000       0x70 Alarm_Actuator_Driver.o
 .debug_line    0x00000070       0x62 Alarm_Monitor.o
 .debug_line    0x000000d2       0x9b driver.o
 .debug_line    0x0000016d       0xb7 main.o
 .debug_line    0x00000224       0x5d Main_Algorithm.o
 .debug_line    0x00000281       0x5f Psensor_Driver.o
 .debug_line    0x000002e0       0xac startup.o

.debug_str      0x00000000      0x498
 .debug_str     0x00000000      0x1cc Alarm_Actuator_Driver.o
                                0x22a (size before relaxing)
 .debug_str     0x000001cc       0xbd Alarm_Monitor.o
                                0x244 (size before relaxing)
 .debug_str     0x00000289       0x55 driver.o
                                0x199 (size before relaxing)
 .debug_str     0x000002de       0x5e main.o
                                0x290 (size before relaxing)
 .debug_str     0x0000033c       0x6d Main_Algorithm.o
                                0x1f0 (size before relaxing)
 .debug_str     0x000003a9       0x6f Psensor_Driver.o
                                0x1ec (size before relaxing)
 .debug_str     0x00000418       0x80 startup.o
                                0x1c8 (size before relaxing)

.comment        0x00000000       0x11
 .comment       0x00000000       0x11 Alarm_Actuator_Driver.o
                                 0x12 (size before relaxing)
 .comment       0x00000000       0x12 Alarm_Monitor.o
 .comment       0x00000000       0x12 driver.o
 .comment       0x00000000       0x12 main.o
 .comment       0x00000000       0x12 Main_Algorithm.o
 .comment       0x00000000       0x12 Psensor_Driver.o
 .comment       0x00000000       0x12 startup.o

.ARM.attributes
                0x00000000       0x33
 .ARM.attributes
                0x00000000       0x33 Alarm_Actuator_Driver.o
 .ARM.attributes
                0x00000033       0x33 Alarm_Monitor.o
 .ARM.attributes
                0x00000066       0x33 driver.o
 .ARM.attributes
                0x00000099       0x33 main.o
 .ARM.attributes
                0x000000cc       0x33 Main_Algorithm.o
 .ARM.attributes
                0x000000ff       0x33 Psensor_Driver.o
 .ARM.attributes
                0x00000132       0x33 startup.o

.debug_frame    0x00000000      0x2bc
 .debug_frame   0x00000000       0x90 Alarm_Actuator_Driver.o
 .debug_frame   0x00000090       0x78 Alarm_Monitor.o
 .debug_frame   0x00000108       0x78 driver.o
 .debug_frame   0x00000180       0x48 main.o
 .debug_frame   0x000001c8       0x48 Main_Algorithm.o
 .debug_frame   0x00000210       0x60 Psensor_Driver.o
 .debug_frame   0x00000270       0x4c startup.o
