
Memory Configuration

Name             Origin             Length             Attributes
flash            0x00000000         0x20000000         xr
SRAM             0x20000000         0x20000000         xrw
*default*        0x00000000         0xffffffff

Linker script and memory map


.text           0x00000000      0x190
 *(.vector*)
 .vectors       0x00000000       0x1c startup.o
                0x00000000                g_p_fn_vectors
 *(.text*)
 .text          0x0000001c       0xb8 main.o
                0x0000001c                main
 .text          0x000000d4       0xbc startup.o
                0x000000d4                Reset_Handler
                0x00000184                MM_Fault_Handler
                0x00000184                H_Fault_Handler
                0x00000184                Bus_Fault
                0x00000184                Default_Handler
                0x00000184                Usage_Fault_Handler
                0x00000184                NMI_Handler
 *(.rodata)
                0x00000190                _E_text = .

.glue_7         0x00000190        0x0
 .glue_7        0x00000000        0x0 linker stubs

.glue_7t        0x00000190        0x0
 .glue_7t       0x00000000        0x0 linker stubs

.vfp11_veneer   0x00000190        0x0
 .vfp11_veneer  0x00000000        0x0 linker stubs

.v4_bx          0x00000190        0x0
 .v4_bx         0x00000000        0x0 linker stubs

.iplt           0x00000190        0x0
 .iplt          0x00000000        0x0 main.o

.rel.dyn        0x00000190        0x0
 .rel.iplt      0x00000000        0x0 main.o

.data           0x20000000        0x4 load address 0x00000190
                0x20000000                _S_data = .
 *(.data)
 .data          0x20000000        0x4 main.o
                0x20000000                GPIO_PORTF_DATA_R
 .data          0x20000004        0x0 startup.o
                0x20000004                . = ALIGN (0x4)
                0x20000004                _E_data = .

.igot.plt       0x20000004        0x0 load address 0x00000194
 .igot.plt      0x00000000        0x0 main.o

.bss            0x20000004      0x400 load address 0x00000194
                0x20000004                _S_bss = .
 *(.bss)
 .bss           0x20000004        0x0 main.o
 .bss           0x20000004      0x400 startup.o
                0x20000404                _E_bss = .
LOAD main.o
LOAD startup.o
OUTPUT(lab_3_Cortex_M4.elf elf32-littlearm)

.debug_info     0x00000000      0x297
 .debug_info    0x00000000      0x114 main.o
 .debug_info    0x00000114      0x183 startup.o

.debug_abbrev   0x00000000      0x183
 .debug_abbrev  0x00000000       0xbb main.o
 .debug_abbrev  0x000000bb       0xc8 startup.o

.debug_loc      0x00000000       0x9c
 .debug_loc     0x00000000       0x38 main.o
 .debug_loc     0x00000038       0x64 startup.o

.debug_aranges  0x00000000       0x40
 .debug_aranges
                0x00000000       0x20 main.o
 .debug_aranges
                0x00000020       0x20 startup.o

.debug_line     0x00000000       0xca
 .debug_line    0x00000000       0x63 main.o
 .debug_line    0x00000063       0x67 startup.o

.debug_str      0x00000000      0x1ab
 .debug_str     0x00000000      0x11c main.o
                                0x150 (size before relaxing)
 .debug_str     0x0000011c       0x8f startup.o
                                0x185 (size before relaxing)

.comment        0x00000000       0x11
 .comment       0x00000000       0x11 main.o
                                 0x12 (size before relaxing)
 .comment       0x00000000       0x12 startup.o

.ARM.attributes
                0x00000000       0x33
 .ARM.attributes
                0x00000000       0x33 main.o
 .ARM.attributes
                0x00000033       0x33 startup.o

.debug_frame    0x00000000       0x78
 .debug_frame   0x00000000       0x2c main.o
 .debug_frame   0x0000002c       0x4c startup.o
