
Memory Configuration

Name             Origin             Length             Attributes
flash            0x08000000         0x00020000         xr
SRAM             0x20000000         0x00005000         xrw
*default*        0x00000000         0xffffffff

Linker script and memory map


.text           0x08000000      0x1a4
 *(.vector*)
 .vectors       0x08000000       0x1c startup.o
                0x08000000                vectors
 *(.text*)
 .text          0x0800001c       0xc8 main.o
                0x0800001c                main
                0x080000cc                NMI_Handler
                0x080000d8                H_Fault_Handler
 .text          0x080000e4       0xbc startup.o
                0x080000e4                Reset_Handler
                0x08000194                Bus_Fault
                0x08000194                Default_Handler
                0x08000194                Usage_Fault_Handler
                0x08000194                MM_Fault_Handler
 *(.rodata)
 .rodata        0x080001a0        0x4 main.o
                0x080001a0                const_char
                0x080001a4                _E_text = .

.glue_7         0x080001a4        0x0
 .glue_7        0x00000000        0x0 linker stubs

.glue_7t        0x080001a4        0x0
 .glue_7t       0x00000000        0x0 linker stubs

.vfp11_veneer   0x080001a4        0x0
 .vfp11_veneer  0x00000000        0x0 linker stubs

.v4_bx          0x080001a4        0x0
 .v4_bx         0x00000000        0x0 linker stubs

.iplt           0x080001a4        0x0
 .iplt          0x00000000        0x0 main.o

.rel.dyn        0x080001a4        0x0
 .rel.iplt      0x00000000        0x0 main.o

.data           0x20000000        0x8 load address 0x080001a4
                0x20000000                _S_data = .
 *(.data)
 .data          0x20000000        0x8 main.o
                0x20000000                R_ODR
                0x20000004                g_char
 .data          0x20000008        0x0 startup.o
                0x20000008                . = ALIGN (0x4)
                0x20000008                _E_data = .

.igot.plt       0x20000008        0x0 load address 0x080001ac
 .igot.plt      0x00000000        0x0 main.o

.bss            0x20000008     0x1000 load address 0x080001ac
                0x20000008                _S_bss = .
 *(.bss)
 .bss           0x20000008        0x0 main.o
 .bss           0x20000008        0x0 startup.o
                0x20000008                _E_bss = .
                0x20000008                . = ALIGN (0x4)
                0x20001008                . = (. + 0x1000)
 *fill*         0x20000008     0x1000 
                0x20001008                _stack_top = .
LOAD main.o
LOAD startup.o
OUTPUT(lab_2_Cortex_M3.elf elf32-littlearm)

.debug_info     0x00000000      0x31e
 .debug_info    0x00000000      0x1b6 main.o
 .debug_info    0x000001b6      0x168 startup.o

.debug_abbrev   0x00000000      0x1c8
 .debug_abbrev  0x00000000      0x106 main.o
 .debug_abbrev  0x00000106       0xc2 startup.o

.debug_loc      0x00000000       0xf4
 .debug_loc     0x00000000       0x90 main.o
 .debug_loc     0x00000090       0x64 startup.o

.debug_aranges  0x00000000       0x40
 .debug_aranges
                0x00000000       0x20 main.o
 .debug_aranges
                0x00000020       0x20 startup.o

.debug_line     0x00000000      0x14e
 .debug_line    0x00000000       0xa2 main.o
 .debug_line    0x000000a2       0xac startup.o

.debug_str      0x00000000      0x1cb
 .debug_str     0x00000000      0x159 main.o
                                0x196 (size before relaxing)
 .debug_str     0x00000159       0x72 startup.o
                                0x197 (size before relaxing)

.comment        0x00000000       0x11
 .comment       0x00000000       0x11 main.o
                                 0x12 (size before relaxing)
 .comment       0x00000000       0x12 startup.o

.ARM.attributes
                0x00000000       0x33
 .ARM.attributes
                0x00000000       0x33 main.o
 .ARM.attributes
                0x00000033       0x33 startup.o

.debug_frame    0x00000000       0xb0
 .debug_frame   0x00000000       0x64 main.o
 .debug_frame   0x00000064       0x4c startup.o
