STM32F103x8_EXTI_driver.c:37:6:Enable_NVIC	16	static
STM32F103x8_EXTI_driver.c:76:6:Disable_NVIC	16	static
STM32F103x8_EXTI_driver.c:115:6:Update_EXTI	24	static
STM32F103x8_EXTI_driver.c:201:6:MCAL_EXTI_GPIO_Init	16	static
STM32F103x8_EXTI_driver.c:216:6:MCAL_EXTI_GPIO_DeInit	4	static
STM32F103x8_EXTI_driver.c:250:6:MCAL_EXTI_GPIO_Update	16	static
STM32F103x8_EXTI_driver.c:263:6:EXTI0_IRQHandler	8	static
STM32F103x8_EXTI_driver.c:273:6:EXTI1_IRQHandler	8	static
STM32F103x8_EXTI_driver.c:283:6:EXTI2_IRQHandler	8	static
STM32F103x8_EXTI_driver.c:293:6:EXTI3_IRQHandler	8	static
STM32F103x8_EXTI_driver.c:303:6:EXTI4_IRQHandler	8	static
STM32F103x8_EXTI_driver.c:313:6:EXTI9_5_IRQHandler	8	static
STM32F103x8_EXTI_driver.c:322:6:EXTI15_10_IRQHandler	8	static
