Archive member included to satisfy reference by file (symbol)

c:/st/stm32cubeide_1.4.0/stm32cubeide/plugins/com.st.stm32cube.ide.mcu.externaltools.gnu-tools-for-stm32.7-2018-q2-update.win32_1.4.0.202007081208/tools/bin/../lib/gcc/arm-none-eabi/7.3.1/../../../../arm-none-eabi/lib/thumb/v7-m\libc_nano.a(lib_a-errno.o)
                              Src/syscalls.o (__errno)
c:/st/stm32cubeide_1.4.0/stm32cubeide/plugins/com.st.stm32cube.ide.mcu.externaltools.gnu-tools-for-stm32.7-2018-q2-update.win32_1.4.0.202007081208/tools/bin/../lib/gcc/arm-none-eabi/7.3.1/../../../../arm-none-eabi/lib/thumb/v7-m\libc_nano.a(lib_a-exit.o)
                              c:/st/stm32cubeide_1.4.0/stm32cubeide/plugins/com.st.stm32cube.ide.mcu.externaltools.gnu-tools-for-stm32.7-2018-q2-update.win32_1.4.0.202007081208/tools/bin/../lib/gcc/arm-none-eabi/7.3.1/../../../../arm-none-eabi/lib/thumb/v7-m/crt0.o (exit)
c:/st/stm32cubeide_1.4.0/stm32cubeide/plugins/com.st.stm32cube.ide.mcu.externaltools.gnu-tools-for-stm32.7-2018-q2-update.win32_1.4.0.202007081208/tools/bin/../lib/gcc/arm-none-eabi/7.3.1/../../../../arm-none-eabi/lib/thumb/v7-m\libc_nano.a(lib_a-impure.o)
                              c:/st/stm32cubeide_1.4.0/stm32cubeide/plugins/com.st.stm32cube.ide.mcu.externaltools.gnu-tools-for-stm32.7-2018-q2-update.win32_1.4.0.202007081208/tools/bin/../lib/gcc/arm-none-eabi/7.3.1/../../../../arm-none-eabi/lib/thumb/v7-m\libc_nano.a(lib_a-exit.o) (_global_impure_ptr)
c:/st/stm32cubeide_1.4.0/stm32cubeide/plugins/com.st.stm32cube.ide.mcu.externaltools.gnu-tools-for-stm32.7-2018-q2-update.win32_1.4.0.202007081208/tools/bin/../lib/gcc/arm-none-eabi/7.3.1/../../../../arm-none-eabi/lib/thumb/v7-m\libc_nano.a(lib_a-init.o)
                              c:/st/stm32cubeide_1.4.0/stm32cubeide/plugins/com.st.stm32cube.ide.mcu.externaltools.gnu-tools-for-stm32.7-2018-q2-update.win32_1.4.0.202007081208/tools/bin/../lib/gcc/arm-none-eabi/7.3.1/../../../../arm-none-eabi/lib/thumb/v7-m/crt0.o (__libc_init_array)
c:/st/stm32cubeide_1.4.0/stm32cubeide/plugins/com.st.stm32cube.ide.mcu.externaltools.gnu-tools-for-stm32.7-2018-q2-update.win32_1.4.0.202007081208/tools/bin/../lib/gcc/arm-none-eabi/7.3.1/../../../../arm-none-eabi/lib/thumb/v7-m\libc_nano.a(lib_a-memset.o)
                              c:/st/stm32cubeide_1.4.0/stm32cubeide/plugins/com.st.stm32cube.ide.mcu.externaltools.gnu-tools-for-stm32.7-2018-q2-update.win32_1.4.0.202007081208/tools/bin/../lib/gcc/arm-none-eabi/7.3.1/../../../../arm-none-eabi/lib/thumb/v7-m/crt0.o (memset)

Allocating common symbols
Common symbol       size              file

IRQ_Flag            0x4               Src/main.o
GP_IRQ_CallBack     0x40              STM32F103C6_Drivers/STM32F103x8_EXTI_driver.o

Discarded input sections

 .text          0x0000000000000000        0x0 c:/st/stm32cubeide_1.4.0/stm32cubeide/plugins/com.st.stm32cube.ide.mcu.externaltools.gnu-tools-for-stm32.7-2018-q2-update.win32_1.4.0.202007081208/tools/bin/../lib/gcc/arm-none-eabi/7.3.1/thumb/v7-m/crti.o
 .data          0x0000000000000000        0x0 c:/st/stm32cubeide_1.4.0/stm32cubeide/plugins/com.st.stm32cube.ide.mcu.externaltools.gnu-tools-for-stm32.7-2018-q2-update.win32_1.4.0.202007081208/tools/bin/../lib/gcc/arm-none-eabi/7.3.1/thumb/v7-m/crti.o
 .bss           0x0000000000000000        0x0 c:/st/stm32cubeide_1.4.0/stm32cubeide/plugins/com.st.stm32cube.ide.mcu.externaltools.gnu-tools-for-stm32.7-2018-q2-update.win32_1.4.0.202007081208/tools/bin/../lib/gcc/arm-none-eabi/7.3.1/thumb/v7-m/crti.o
 .data          0x0000000000000000        0x4 c:/st/stm32cubeide_1.4.0/stm32cubeide/plugins/com.st.stm32cube.ide.mcu.externaltools.gnu-tools-for-stm32.7-2018-q2-update.win32_1.4.0.202007081208/tools/bin/../lib/gcc/arm-none-eabi/7.3.1/thumb/v7-m/crtbegin.o
 .text          0x0000000000000000       0x74 c:/st/stm32cubeide_1.4.0/stm32cubeide/plugins/com.st.stm32cube.ide.mcu.externaltools.gnu-tools-for-stm32.7-2018-q2-update.win32_1.4.0.202007081208/tools/bin/../lib/gcc/arm-none-eabi/7.3.1/../../../../arm-none-eabi/lib/thumb/v7-m/crt0.o
 .data          0x0000000000000000        0x0 c:/st/stm32cubeide_1.4.0/stm32cubeide/plugins/com.st.stm32cube.ide.mcu.externaltools.gnu-tools-for-stm32.7-2018-q2-update.win32_1.4.0.202007081208/tools/bin/../lib/gcc/arm-none-eabi/7.3.1/../../../../arm-none-eabi/lib/thumb/v7-m/crt0.o
 .bss           0x0000000000000000        0x0 c:/st/stm32cubeide_1.4.0/stm32cubeide/plugins/com.st.stm32cube.ide.mcu.externaltools.gnu-tools-for-stm32.7-2018-q2-update.win32_1.4.0.202007081208/tools/bin/../lib/gcc/arm-none-eabi/7.3.1/../../../../arm-none-eabi/lib/thumb/v7-m/crt0.o
 .ARM.extab     0x0000000000000000        0x0 c:/st/stm32cubeide_1.4.0/stm32cubeide/plugins/com.st.stm32cube.ide.mcu.externaltools.gnu-tools-for-stm32.7-2018-q2-update.win32_1.4.0.202007081208/tools/bin/../lib/gcc/arm-none-eabi/7.3.1/../../../../arm-none-eabi/lib/thumb/v7-m/crt0.o
 .ARM.exidx     0x0000000000000000        0x8 c:/st/stm32cubeide_1.4.0/stm32cubeide/plugins/com.st.stm32cube.ide.mcu.externaltools.gnu-tools-for-stm32.7-2018-q2-update.win32_1.4.0.202007081208/tools/bin/../lib/gcc/arm-none-eabi/7.3.1/../../../../arm-none-eabi/lib/thumb/v7-m/crt0.o
 .ARM.attributes
                0x0000000000000000       0x1b c:/st/stm32cubeide_1.4.0/stm32cubeide/plugins/com.st.stm32cube.ide.mcu.externaltools.gnu-tools-for-stm32.7-2018-q2-update.win32_1.4.0.202007081208/tools/bin/../lib/gcc/arm-none-eabi/7.3.1/../../../../arm-none-eabi/lib/thumb/v7-m/crt0.o
 .group         0x0000000000000000        0xc HAL/KPD_program.o
 .group         0x0000000000000000        0xc HAL/KPD_program.o
 .group         0x0000000000000000        0xc HAL/KPD_program.o
 .group         0x0000000000000000        0xc HAL/KPD_program.o
 .group         0x0000000000000000        0xc HAL/KPD_program.o
 .group         0x0000000000000000        0xc HAL/KPD_program.o
 .group         0x0000000000000000        0xc HAL/KPD_program.o
 .group         0x0000000000000000        0xc HAL/KPD_program.o
 .group         0x0000000000000000        0xc HAL/KPD_program.o
 .group         0x0000000000000000        0xc HAL/KPD_program.o
 .group         0x0000000000000000        0xc HAL/KPD_program.o
 .group         0x0000000000000000        0xc HAL/KPD_program.o
 .group         0x0000000000000000        0xc HAL/KPD_program.o
 .group         0x0000000000000000        0xc HAL/KPD_program.o
 .group         0x0000000000000000        0xc HAL/KPD_program.o
 .group         0x0000000000000000        0xc HAL/KPD_program.o
 .group         0x0000000000000000        0xc HAL/KPD_program.o
 .group         0x0000000000000000        0xc HAL/KPD_program.o
 .group         0x0000000000000000        0xc HAL/KPD_program.o
 .group         0x0000000000000000        0xc HAL/KPD_program.o
 .group         0x0000000000000000        0xc HAL/KPD_program.o
 .group         0x0000000000000000        0xc HAL/KPD_program.o
 .group         0x0000000000000000        0xc HAL/KPD_program.o
 .group         0x0000000000000000        0xc HAL/KPD_program.o
 .group         0x0000000000000000        0xc HAL/KPD_program.o
 .text          0x0000000000000000        0x0 HAL/KPD_program.o
 .data          0x0000000000000000        0x0 HAL/KPD_program.o
 .bss           0x0000000000000000        0x0 HAL/KPD_program.o
 .text.KPD_init
                0x0000000000000000       0xb4 HAL/KPD_program.o
 .rodata        0x0000000000000000       0x20 HAL/KPD_program.o
 .text.KPD_getValue
                0x0000000000000000      0x178 HAL/KPD_program.o
 .debug_info    0x0000000000000000      0xb67 HAL/KPD_program.o
 .debug_abbrev  0x0000000000000000      0x1bc HAL/KPD_program.o
 .debug_loc     0x0000000000000000       0xa2 HAL/KPD_program.o
 .debug_aranges
                0x0000000000000000       0x28 HAL/KPD_program.o
 .debug_ranges  0x0000000000000000       0x30 HAL/KPD_program.o
 .debug_macro   0x0000000000000000      0x162 HAL/KPD_program.o
 .debug_macro   0x0000000000000000      0xa60 HAL/KPD_program.o
 .debug_macro   0x0000000000000000       0x58 HAL/KPD_program.o
 .debug_macro   0x0000000000000000       0x22 HAL/KPD_program.o
 .debug_macro   0x0000000000000000       0x8e HAL/KPD_program.o
 .debug_macro   0x0000000000000000       0x51 HAL/KPD_program.o
 .debug_macro   0x0000000000000000       0xef HAL/KPD_program.o
 .debug_macro   0x0000000000000000       0x6a HAL/KPD_program.o
 .debug_macro   0x0000000000000000      0x1df HAL/KPD_program.o
 .debug_macro   0x0000000000000000       0x18 HAL/KPD_program.o
 .debug_macro   0x0000000000000000       0x46 HAL/KPD_program.o
 .debug_macro   0x0000000000000000       0x3c HAL/KPD_program.o
 .debug_macro   0x0000000000000000       0x34 HAL/KPD_program.o
 .debug_macro   0x0000000000000000       0x16 HAL/KPD_program.o
 .debug_macro   0x0000000000000000      0x10e HAL/KPD_program.o
 .debug_macro   0x0000000000000000       0x8d HAL/KPD_program.o
 .debug_macro   0x0000000000000000       0x52 HAL/KPD_program.o
 .debug_macro   0x0000000000000000       0x1f HAL/KPD_program.o
 .debug_macro   0x0000000000000000       0x43 HAL/KPD_program.o
 .debug_macro   0x0000000000000000       0x20 HAL/KPD_program.o
 .debug_macro   0x0000000000000000      0x1a3 HAL/KPD_program.o
 .debug_macro   0x0000000000000000      0x330 HAL/KPD_program.o
 .debug_macro   0x0000000000000000       0x16 HAL/KPD_program.o
 .debug_macro   0x0000000000000000       0x29 HAL/KPD_program.o
 .debug_macro   0x0000000000000000      0x1b0 HAL/KPD_program.o
 .debug_macro   0x0000000000000000       0xc4 HAL/KPD_program.o
 .debug_line    0x0000000000000000      0x665 HAL/KPD_program.o
 .debug_str     0x0000000000000000     0x7e51 HAL/KPD_program.o
 .comment       0x0000000000000000       0x7c HAL/KPD_program.o
 .debug_frame   0x0000000000000000       0x5c HAL/KPD_program.o
 .ARM.attributes
                0x0000000000000000       0x33 HAL/KPD_program.o
 .group         0x0000000000000000        0xc HAL/LCD_program.o
 .group         0x0000000000000000        0xc HAL/LCD_program.o
 .group         0x0000000000000000        0xc HAL/LCD_program.o
 .group         0x0000000000000000        0xc HAL/LCD_program.o
 .group         0x0000000000000000        0xc HAL/LCD_program.o
 .group         0x0000000000000000        0xc HAL/LCD_program.o
 .group         0x0000000000000000        0xc HAL/LCD_program.o
 .group         0x0000000000000000        0xc HAL/LCD_program.o
 .group         0x0000000000000000        0xc HAL/LCD_program.o
 .group         0x0000000000000000        0xc HAL/LCD_program.o
 .group         0x0000000000000000        0xc HAL/LCD_program.o
 .group         0x0000000000000000        0xc HAL/LCD_program.o
 .group         0x0000000000000000        0xc HAL/LCD_program.o
 .group         0x0000000000000000        0xc HAL/LCD_program.o
 .group         0x0000000000000000        0xc HAL/LCD_program.o
 .group         0x0000000000000000        0xc HAL/LCD_program.o
 .group         0x0000000000000000        0xc HAL/LCD_program.o
 .group         0x0000000000000000        0xc HAL/LCD_program.o
 .group         0x0000000000000000        0xc HAL/LCD_program.o
 .group         0x0000000000000000        0xc HAL/LCD_program.o
 .group         0x0000000000000000        0xc HAL/LCD_program.o
 .group         0x0000000000000000        0xc HAL/LCD_program.o
 .group         0x0000000000000000        0xc HAL/LCD_program.o
 .group         0x0000000000000000        0xc HAL/LCD_program.o
 .group         0x0000000000000000        0xc HAL/LCD_program.o
 .group         0x0000000000000000        0xc HAL/LCD_program.o
 .group         0x0000000000000000        0xc HAL/LCD_program.o
 .text          0x0000000000000000        0x0 HAL/LCD_program.o
 .data          0x0000000000000000        0x0 HAL/LCD_program.o
 .bss           0x0000000000000000        0x0 HAL/LCD_program.o
 .text.LCD_sendString
                0x0000000000000000       0x3c HAL/LCD_program.o
 .text.LCD_writeNumber
                0x0000000000000000       0x90 HAL/LCD_program.o
 .text.LCD_shift
                0x0000000000000000       0x38 HAL/LCD_program.o
 .debug_macro   0x0000000000000000      0xa60 HAL/LCD_program.o
 .debug_macro   0x0000000000000000       0x22 HAL/LCD_program.o
 .debug_macro   0x0000000000000000       0x8e HAL/LCD_program.o
 .debug_macro   0x0000000000000000       0x51 HAL/LCD_program.o
 .debug_macro   0x0000000000000000       0xef HAL/LCD_program.o
 .debug_macro   0x0000000000000000       0x6a HAL/LCD_program.o
 .debug_macro   0x0000000000000000      0x1df HAL/LCD_program.o
 .debug_macro   0x0000000000000000       0x18 HAL/LCD_program.o
 .debug_macro   0x0000000000000000       0x46 HAL/LCD_program.o
 .debug_macro   0x0000000000000000       0x3c HAL/LCD_program.o
 .debug_macro   0x0000000000000000       0x34 HAL/LCD_program.o
 .debug_macro   0x0000000000000000       0x16 HAL/LCD_program.o
 .debug_macro   0x0000000000000000      0x10e HAL/LCD_program.o
 .debug_macro   0x0000000000000000       0x8d HAL/LCD_program.o
 .debug_macro   0x0000000000000000       0x52 HAL/LCD_program.o
 .debug_macro   0x0000000000000000       0x1f HAL/LCD_program.o
 .debug_macro   0x0000000000000000       0x43 HAL/LCD_program.o
 .debug_macro   0x0000000000000000       0x20 HAL/LCD_program.o
 .debug_macro   0x0000000000000000      0x1a3 HAL/LCD_program.o
 .debug_macro   0x0000000000000000      0x330 HAL/LCD_program.o
 .debug_macro   0x0000000000000000       0x16 HAL/LCD_program.o
 .debug_macro   0x0000000000000000       0x29 HAL/LCD_program.o
 .debug_macro   0x0000000000000000      0x1b0 HAL/LCD_program.o
 .debug_macro   0x0000000000000000       0xc4 HAL/LCD_program.o
 .group         0x0000000000000000        0xc STM32F103C6_Drivers/STM32F103x8_EXTI_driver.o
 .group         0x0000000000000000        0xc STM32F103C6_Drivers/STM32F103x8_EXTI_driver.o
 .group         0x0000000000000000        0xc STM32F103C6_Drivers/STM32F103x8_EXTI_driver.o
 .group         0x0000000000000000        0xc STM32F103C6_Drivers/STM32F103x8_EXTI_driver.o
 .group         0x0000000000000000        0xc STM32F103C6_Drivers/STM32F103x8_EXTI_driver.o
 .group         0x0000000000000000        0xc STM32F103C6_Drivers/STM32F103x8_EXTI_driver.o
 .group         0x0000000000000000        0xc STM32F103C6_Drivers/STM32F103x8_EXTI_driver.o
 .group         0x0000000000000000        0xc STM32F103C6_Drivers/STM32F103x8_EXTI_driver.o
 .group         0x0000000000000000        0xc STM32F103C6_Drivers/STM32F103x8_EXTI_driver.o
 .group         0x0000000000000000        0xc STM32F103C6_Drivers/STM32F103x8_EXTI_driver.o
 .group         0x0000000000000000        0xc STM32F103C6_Drivers/STM32F103x8_EXTI_driver.o
 .group         0x0000000000000000        0xc STM32F103C6_Drivers/STM32F103x8_EXTI_driver.o
 .group         0x0000000000000000        0xc STM32F103C6_Drivers/STM32F103x8_EXTI_driver.o
 .group         0x0000000000000000        0xc STM32F103C6_Drivers/STM32F103x8_EXTI_driver.o
 .group         0x0000000000000000        0xc STM32F103C6_Drivers/STM32F103x8_EXTI_driver.o
 .group         0x0000000000000000        0xc STM32F103C6_Drivers/STM32F103x8_EXTI_driver.o
 .group         0x0000000000000000        0xc STM32F103C6_Drivers/STM32F103x8_EXTI_driver.o
 .group         0x0000000000000000        0xc STM32F103C6_Drivers/STM32F103x8_EXTI_driver.o
 .group         0x0000000000000000        0xc STM32F103C6_Drivers/STM32F103x8_EXTI_driver.o
 .group         0x0000000000000000        0xc STM32F103C6_Drivers/STM32F103x8_EXTI_driver.o
 .group         0x0000000000000000        0xc STM32F103C6_Drivers/STM32F103x8_EXTI_driver.o
 .group         0x0000000000000000        0xc STM32F103C6_Drivers/STM32F103x8_EXTI_driver.o
 .group         0x0000000000000000        0xc STM32F103C6_Drivers/STM32F103x8_EXTI_driver.o
 .group         0x0000000000000000        0xc STM32F103C6_Drivers/STM32F103x8_EXTI_driver.o
 .group         0x0000000000000000        0xc STM32F103C6_Drivers/STM32F103x8_EXTI_driver.o
 .text          0x0000000000000000        0x0 STM32F103C6_Drivers/STM32F103x8_EXTI_driver.o
 .data          0x0000000000000000        0x0 STM32F103C6_Drivers/STM32F103x8_EXTI_driver.o
 .bss           0x0000000000000000        0x0 STM32F103C6_Drivers/STM32F103x8_EXTI_driver.o
 .text.MCAL_EXTI_GPIO_DeInit
                0x0000000000000000       0x94 STM32F103C6_Drivers/STM32F103x8_EXTI_driver.o
 .text.MCAL_EXTI_GPIO_Update
                0x0000000000000000       0x16 STM32F103C6_Drivers/STM32F103x8_EXTI_driver.o
 .debug_macro   0x0000000000000000      0xa60 STM32F103C6_Drivers/STM32F103x8_EXTI_driver.o
 .debug_macro   0x0000000000000000       0x22 STM32F103C6_Drivers/STM32F103x8_EXTI_driver.o
 .debug_macro   0x0000000000000000       0x8e STM32F103C6_Drivers/STM32F103x8_EXTI_driver.o
 .debug_macro   0x0000000000000000       0x51 STM32F103C6_Drivers/STM32F103x8_EXTI_driver.o
 .debug_macro   0x0000000000000000       0xef STM32F103C6_Drivers/STM32F103x8_EXTI_driver.o
 .debug_macro   0x0000000000000000       0x6a STM32F103C6_Drivers/STM32F103x8_EXTI_driver.o
 .debug_macro   0x0000000000000000      0x1df STM32F103C6_Drivers/STM32F103x8_EXTI_driver.o
 .debug_macro   0x0000000000000000       0x18 STM32F103C6_Drivers/STM32F103x8_EXTI_driver.o
 .debug_macro   0x0000000000000000       0x46 STM32F103C6_Drivers/STM32F103x8_EXTI_driver.o
 .debug_macro   0x0000000000000000       0x3c STM32F103C6_Drivers/STM32F103x8_EXTI_driver.o
 .debug_macro   0x0000000000000000       0x34 STM32F103C6_Drivers/STM32F103x8_EXTI_driver.o
 .debug_macro   0x0000000000000000       0x16 STM32F103C6_Drivers/STM32F103x8_EXTI_driver.o
 .debug_macro   0x0000000000000000      0x10e STM32F103C6_Drivers/STM32F103x8_EXTI_driver.o
 .debug_macro   0x0000000000000000       0x8d STM32F103C6_Drivers/STM32F103x8_EXTI_driver.o
 .debug_macro   0x0000000000000000       0x52 STM32F103C6_Drivers/STM32F103x8_EXTI_driver.o
 .debug_macro   0x0000000000000000       0x1f STM32F103C6_Drivers/STM32F103x8_EXTI_driver.o
 .debug_macro   0x0000000000000000       0x43 STM32F103C6_Drivers/STM32F103x8_EXTI_driver.o
 .debug_macro   0x0000000000000000       0x20 STM32F103C6_Drivers/STM32F103x8_EXTI_driver.o
 .debug_macro   0x0000000000000000      0x1a3 STM32F103C6_Drivers/STM32F103x8_EXTI_driver.o
 .debug_macro   0x0000000000000000      0x330 STM32F103C6_Drivers/STM32F103x8_EXTI_driver.o
 .debug_macro   0x0000000000000000       0x16 STM32F103C6_Drivers/STM32F103x8_EXTI_driver.o
 .debug_macro   0x0000000000000000       0x29 STM32F103C6_Drivers/STM32F103x8_EXTI_driver.o
 .debug_macro   0x0000000000000000      0x1b0 STM32F103C6_Drivers/STM32F103x8_EXTI_driver.o
 .group         0x0000000000000000        0xc STM32F103C6_Drivers/STM32F103x8_GPIO_driver.o
 .group         0x0000000000000000        0xc STM32F103C6_Drivers/STM32F103x8_GPIO_driver.o
 .group         0x0000000000000000        0xc STM32F103C6_Drivers/STM32F103x8_GPIO_driver.o
 .group         0x0000000000000000        0xc STM32F103C6_Drivers/STM32F103x8_GPIO_driver.o
 .group         0x0000000000000000        0xc STM32F103C6_Drivers/STM32F103x8_GPIO_driver.o
 .group         0x0000000000000000        0xc STM32F103C6_Drivers/STM32F103x8_GPIO_driver.o
 .group         0x0000000000000000        0xc STM32F103C6_Drivers/STM32F103x8_GPIO_driver.o
 .group         0x0000000000000000        0xc STM32F103C6_Drivers/STM32F103x8_GPIO_driver.o
 .group         0x0000000000000000        0xc STM32F103C6_Drivers/STM32F103x8_GPIO_driver.o
 .group         0x0000000000000000        0xc STM32F103C6_Drivers/STM32F103x8_GPIO_driver.o
 .group         0x0000000000000000        0xc STM32F103C6_Drivers/STM32F103x8_GPIO_driver.o
 .group         0x0000000000000000        0xc STM32F103C6_Drivers/STM32F103x8_GPIO_driver.o
 .group         0x0000000000000000        0xc STM32F103C6_Drivers/STM32F103x8_GPIO_driver.o
 .group         0x0000000000000000        0xc STM32F103C6_Drivers/STM32F103x8_GPIO_driver.o
 .group         0x0000000000000000        0xc STM32F103C6_Drivers/STM32F103x8_GPIO_driver.o
 .group         0x0000000000000000        0xc STM32F103C6_Drivers/STM32F103x8_GPIO_driver.o
 .group         0x0000000000000000        0xc STM32F103C6_Drivers/STM32F103x8_GPIO_driver.o
 .group         0x0000000000000000        0xc STM32F103C6_Drivers/STM32F103x8_GPIO_driver.o
 .group         0x0000000000000000        0xc STM32F103C6_Drivers/STM32F103x8_GPIO_driver.o
 .group         0x0000000000000000        0xc STM32F103C6_Drivers/STM32F103x8_GPIO_driver.o
 .group         0x0000000000000000        0xc STM32F103C6_Drivers/STM32F103x8_GPIO_driver.o
 .group         0x0000000000000000        0xc STM32F103C6_Drivers/STM32F103x8_GPIO_driver.o
 .group         0x0000000000000000        0xc STM32F103C6_Drivers/STM32F103x8_GPIO_driver.o
 .group         0x0000000000000000        0xc STM32F103C6_Drivers/STM32F103x8_GPIO_driver.o
 .text          0x0000000000000000        0x0 STM32F103C6_Drivers/STM32F103x8_GPIO_driver.o
 .data          0x0000000000000000        0x0 STM32F103C6_Drivers/STM32F103x8_GPIO_driver.o
 .bss           0x0000000000000000        0x0 STM32F103C6_Drivers/STM32F103x8_GPIO_driver.o
 .text.MCAL_GPIO_DeInit
                0x0000000000000000       0xc8 STM32F103C6_Drivers/STM32F103x8_GPIO_driver.o
 .text.MCAL_GPIO_ReadPin
                0x0000000000000000       0x28 STM32F103C6_Drivers/STM32F103x8_GPIO_driver.o
 .text.MCAL_GPIO_ReadPort
                0x0000000000000000       0x18 STM32F103C6_Drivers/STM32F103x8_GPIO_driver.o
 .text.MCAL_GPIO_WritePort
                0x0000000000000000       0x1c STM32F103C6_Drivers/STM32F103x8_GPIO_driver.o
 .text.MCAL_GPIO_TogglePin
                0x0000000000000000       0x22 STM32F103C6_Drivers/STM32F103x8_GPIO_driver.o
 .text.MCAL_GPIO_LockPin
                0x0000000000000000       0x5a STM32F103C6_Drivers/STM32F103x8_GPIO_driver.o
 .debug_macro   0x0000000000000000      0xa60 STM32F103C6_Drivers/STM32F103x8_GPIO_driver.o
 .debug_macro   0x0000000000000000       0x22 STM32F103C6_Drivers/STM32F103x8_GPIO_driver.o
 .debug_macro   0x0000000000000000       0x8e STM32F103C6_Drivers/STM32F103x8_GPIO_driver.o
 .debug_macro   0x0000000000000000       0x51 STM32F103C6_Drivers/STM32F103x8_GPIO_driver.o
 .debug_macro   0x0000000000000000       0xef STM32F103C6_Drivers/STM32F103x8_GPIO_driver.o
 .debug_macro   0x0000000000000000       0x6a STM32F103C6_Drivers/STM32F103x8_GPIO_driver.o
 .debug_macro   0x0000000000000000      0x1df STM32F103C6_Drivers/STM32F103x8_GPIO_driver.o
 .debug_macro   0x0000000000000000       0x18 STM32F103C6_Drivers/STM32F103x8_GPIO_driver.o
 .debug_macro   0x0000000000000000       0x46 STM32F103C6_Drivers/STM32F103x8_GPIO_driver.o
 .debug_macro   0x0000000000000000       0x3c STM32F103C6_Drivers/STM32F103x8_GPIO_driver.o
 .debug_macro   0x0000000000000000       0x34 STM32F103C6_Drivers/STM32F103x8_GPIO_driver.o
 .debug_macro   0x0000000000000000       0x16 STM32F103C6_Drivers/STM32F103x8_GPIO_driver.o
 .debug_macro   0x0000000000000000      0x10e STM32F103C6_Drivers/STM32F103x8_GPIO_driver.o
 .debug_macro   0x0000000000000000       0x8d STM32F103C6_Drivers/STM32F103x8_GPIO_driver.o
 .debug_macro   0x0000000000000000       0x52 STM32F103C6_Drivers/STM32F103x8_GPIO_driver.o
 .debug_macro   0x0000000000000000       0x1f STM32F103C6_Drivers/STM32F103x8_GPIO_driver.o
 .debug_macro   0x0000000000000000       0x43 STM32F103C6_Drivers/STM32F103x8_GPIO_driver.o
 .debug_macro   0x0000000000000000       0x20 STM32F103C6_Drivers/STM32F103x8_GPIO_driver.o
 .debug_macro   0x0000000000000000      0x1a3 STM32F103C6_Drivers/STM32F103x8_GPIO_driver.o
 .debug_macro   0x0000000000000000      0x330 STM32F103C6_Drivers/STM32F103x8_GPIO_driver.o
 .debug_macro   0x0000000000000000       0x16 STM32F103C6_Drivers/STM32F103x8_GPIO_driver.o
 .debug_macro   0x0000000000000000       0x29 STM32F103C6_Drivers/STM32F103x8_GPIO_driver.o
 .debug_macro   0x0000000000000000      0x1b0 STM32F103C6_Drivers/STM32F103x8_GPIO_driver.o
 .debug_macro   0x0000000000000000       0xc4 STM32F103C6_Drivers/STM32F103x8_GPIO_driver.o
 .group         0x0000000000000000        0xc Src/main.o
 .group         0x0000000000000000        0xc Src/main.o
 .group         0x0000000000000000        0xc Src/main.o
 .group         0x0000000000000000        0xc Src/main.o
 .group         0x0000000000000000        0xc Src/main.o
 .group         0x0000000000000000        0xc Src/main.o
 .group         0x0000000000000000        0xc Src/main.o
 .group         0x0000000000000000        0xc Src/main.o
 .group         0x0000000000000000        0xc Src/main.o
 .group         0x0000000000000000        0xc Src/main.o
 .group         0x0000000000000000        0xc Src/main.o
 .group         0x0000000000000000        0xc Src/main.o
 .group         0x0000000000000000        0xc Src/main.o
 .group         0x0000000000000000        0xc Src/main.o
 .group         0x0000000000000000        0xc Src/main.o
 .group         0x0000000000000000        0xc Src/main.o
 .group         0x0000000000000000        0xc Src/main.o
 .group         0x0000000000000000        0xc Src/main.o
 .group         0x0000000000000000        0xc Src/main.o
 .group         0x0000000000000000        0xc Src/main.o
 .group         0x0000000000000000        0xc Src/main.o
 .group         0x0000000000000000        0xc Src/main.o
 .group         0x0000000000000000        0xc Src/main.o
 .group         0x0000000000000000        0xc Src/main.o
 .group         0x0000000000000000        0xc Src/main.o
 .group         0x0000000000000000        0xc Src/main.o
 .group         0x0000000000000000        0xc Src/main.o
 .group         0x0000000000000000        0xc Src/main.o
 .group         0x0000000000000000        0xc Src/main.o
 .group         0x0000000000000000        0xc Src/main.o
 .text          0x0000000000000000        0x0 Src/main.o
 .data          0x0000000000000000        0x0 Src/main.o
 .bss           0x0000000000000000        0x0 Src/main.o
 .debug_macro   0x0000000000000000      0xa60 Src/main.o
 .debug_macro   0x0000000000000000       0x22 Src/main.o
 .debug_macro   0x0000000000000000       0x8e Src/main.o
 .debug_macro   0x0000000000000000       0x51 Src/main.o
 .debug_macro   0x0000000000000000       0xef Src/main.o
 .debug_macro   0x0000000000000000       0x6a Src/main.o
 .debug_macro   0x0000000000000000      0x1df Src/main.o
 .debug_macro   0x0000000000000000       0x18 Src/main.o
 .debug_macro   0x0000000000000000       0x46 Src/main.o
 .debug_macro   0x0000000000000000       0x3c Src/main.o
 .debug_macro   0x0000000000000000       0x34 Src/main.o
 .debug_macro   0x0000000000000000       0x16 Src/main.o
 .debug_macro   0x0000000000000000      0x10e Src/main.o
 .debug_macro   0x0000000000000000       0x8d Src/main.o
 .debug_macro   0x0000000000000000       0x52 Src/main.o
 .debug_macro   0x0000000000000000       0x1f Src/main.o
 .debug_macro   0x0000000000000000       0x43 Src/main.o
 .debug_macro   0x0000000000000000       0x20 Src/main.o
 .debug_macro   0x0000000000000000      0x1a3 Src/main.o
 .debug_macro   0x0000000000000000      0x330 Src/main.o
 .debug_macro   0x0000000000000000       0x16 Src/main.o
 .debug_macro   0x0000000000000000       0x29 Src/main.o
 .debug_macro   0x0000000000000000      0x1b0 Src/main.o
 .debug_macro   0x0000000000000000       0xc4 Src/main.o
 .debug_macro   0x0000000000000000      0x223 Src/main.o
 .debug_macro   0x0000000000000000       0x22 Src/main.o
 .group         0x0000000000000000        0xc Src/syscalls.o
 .group         0x0000000000000000        0xc Src/syscalls.o
 .group         0x0000000000000000        0xc Src/syscalls.o
 .group         0x0000000000000000        0xc Src/syscalls.o
 .group         0x0000000000000000        0xc Src/syscalls.o
 .group         0x0000000000000000        0xc Src/syscalls.o
 .group         0x0000000000000000        0xc Src/syscalls.o
 .group         0x0000000000000000        0xc Src/syscalls.o
 .group         0x0000000000000000        0xc Src/syscalls.o
 .group         0x0000000000000000        0xc Src/syscalls.o
 .group         0x0000000000000000        0xc Src/syscalls.o
 .group         0x0000000000000000        0xc Src/syscalls.o
 .group         0x0000000000000000        0xc Src/syscalls.o
 .group         0x0000000000000000        0xc Src/syscalls.o
 .group         0x0000000000000000        0xc Src/syscalls.o
 .group         0x0000000000000000        0xc Src/syscalls.o
 .group         0x0000000000000000        0xc Src/syscalls.o
 .group         0x0000000000000000        0xc Src/syscalls.o
 .group         0x0000000000000000        0xc Src/syscalls.o
 .group         0x0000000000000000        0xc Src/syscalls.o
 .group         0x0000000000000000        0xc Src/syscalls.o
 .group         0x0000000000000000        0xc Src/syscalls.o
 .group         0x0000000000000000        0xc Src/syscalls.o
 .group         0x0000000000000000        0xc Src/syscalls.o
 .group         0x0000000000000000        0xc Src/syscalls.o
 .group         0x0000000000000000        0xc Src/syscalls.o
 .group         0x0000000000000000        0xc Src/syscalls.o
 .group         0x0000000000000000        0xc Src/syscalls.o
 .group         0x0000000000000000        0xc Src/syscalls.o
 .group         0x0000000000000000        0xc Src/syscalls.o
 .group         0x0000000000000000        0xc Src/syscalls.o
 .group         0x0000000000000000        0xc Src/syscalls.o
 .group         0x0000000000000000        0xc Src/syscalls.o
 .group         0x0000000000000000        0xc Src/syscalls.o
 .group         0x0000000000000000        0xc Src/syscalls.o
 .group         0x0000000000000000        0xc Src/syscalls.o
 .group         0x0000000000000000        0xc Src/syscalls.o
 .group         0x0000000000000000        0xc Src/syscalls.o
 .group         0x0000000000000000        0xc Src/syscalls.o
 .group         0x0000000000000000        0xc Src/syscalls.o
 .group         0x0000000000000000        0xc Src/syscalls.o
 .group         0x0000000000000000        0xc Src/syscalls.o
 .group         0x0000000000000000        0xc Src/syscalls.o
 .group         0x0000000000000000        0xc Src/syscalls.o
 .text          0x0000000000000000        0x0 Src/syscalls.o
 .data          0x0000000000000000        0x0 Src/syscalls.o
 .bss           0x0000000000000000        0x0 Src/syscalls.o
 .bss.__env     0x0000000000000000        0x4 Src/syscalls.o
 .data.environ  0x0000000000000000        0x4 Src/syscalls.o
 .text.initialise_monitor_handles
                0x0000000000000000        0xc Src/syscalls.o
 .text._getpid  0x0000000000000000        0xe Src/syscalls.o
 .text._kill    0x0000000000000000       0x20 Src/syscalls.o
 .text._exit    0x0000000000000000       0x14 Src/syscalls.o
 .text._read    0x0000000000000000       0x3a Src/syscalls.o
 .text._write   0x0000000000000000       0x38 Src/syscalls.o
 .text._close   0x0000000000000000       0x16 Src/syscalls.o
 .text._fstat   0x0000000000000000       0x1e Src/syscalls.o
 .text._isatty  0x0000000000000000       0x14 Src/syscalls.o
 .text._lseek   0x0000000000000000       0x18 Src/syscalls.o
 .text._open    0x0000000000000000       0x1a Src/syscalls.o
 .text._wait    0x0000000000000000       0x1e Src/syscalls.o
 .text._unlink  0x0000000000000000       0x1e Src/syscalls.o
 .text._times   0x0000000000000000       0x16 Src/syscalls.o
 .text._stat    0x0000000000000000       0x1e Src/syscalls.o
 .text._link    0x0000000000000000       0x20 Src/syscalls.o
 .text._fork    0x0000000000000000       0x16 Src/syscalls.o
 .text._execve  0x0000000000000000       0x22 Src/syscalls.o
 .debug_info    0x0000000000000000     0x1038 Src/syscalls.o
 .debug_abbrev  0x0000000000000000      0x254 Src/syscalls.o
 .debug_loc     0x0000000000000000      0x5b8 Src/syscalls.o
 .debug_aranges
                0x0000000000000000       0xa8 Src/syscalls.o
 .debug_ranges  0x0000000000000000       0x98 Src/syscalls.o
 .debug_macro   0x0000000000000000      0x243 Src/syscalls.o
 .debug_macro   0x0000000000000000      0xa60 Src/syscalls.o
 .debug_macro   0x0000000000000000       0x22 Src/syscalls.o
 .debug_macro   0x0000000000000000       0x40 Src/syscalls.o
 .debug_macro   0x0000000000000000       0x18 Src/syscalls.o
 .debug_macro   0x0000000000000000       0x94 Src/syscalls.o
 .debug_macro   0x0000000000000000       0x3c Src/syscalls.o
 .debug_macro   0x0000000000000000       0x34 Src/syscalls.o
 .debug_macro   0x0000000000000000       0x57 Src/syscalls.o
 .debug_macro   0x0000000000000000      0x174 Src/syscalls.o
 .debug_macro   0x0000000000000000      0x330 Src/syscalls.o
 .debug_macro   0x0000000000000000       0x52 Src/syscalls.o
 .debug_macro   0x0000000000000000       0x1f Src/syscalls.o
 .debug_macro   0x0000000000000000       0x43 Src/syscalls.o
 .debug_macro   0x0000000000000000       0x20 Src/syscalls.o
 .debug_macro   0x0000000000000000      0x1a3 Src/syscalls.o
 .debug_macro   0x0000000000000000       0x10 Src/syscalls.o
 .debug_macro   0x0000000000000000       0x35 Src/syscalls.o
 .debug_macro   0x0000000000000000       0x10 Src/syscalls.o
 .debug_macro   0x0000000000000000       0x10 Src/syscalls.o
 .debug_macro   0x0000000000000000       0x10 Src/syscalls.o
 .debug_macro   0x0000000000000000       0x6a Src/syscalls.o
 .debug_macro   0x0000000000000000       0x1c Src/syscalls.o
 .debug_macro   0x0000000000000000       0x52 Src/syscalls.o
 .debug_macro   0x0000000000000000       0x40 Src/syscalls.o
 .debug_macro   0x0000000000000000       0x10 Src/syscalls.o
 .debug_macro   0x0000000000000000       0x40 Src/syscalls.o
 .debug_macro   0x0000000000000000       0xd7 Src/syscalls.o
 .debug_macro   0x0000000000000000       0x1c Src/syscalls.o
 .debug_macro   0x0000000000000000       0x3d Src/syscalls.o
 .debug_macro   0x0000000000000000       0x35 Src/syscalls.o
 .debug_macro   0x0000000000000000      0x122 Src/syscalls.o
 .debug_macro   0x0000000000000000       0x16 Src/syscalls.o
 .debug_macro   0x0000000000000000       0x16 Src/syscalls.o
 .debug_macro   0x0000000000000000       0x29 Src/syscalls.o
 .debug_macro   0x0000000000000000       0x10 Src/syscalls.o
 .debug_macro   0x0000000000000000      0x241 Src/syscalls.o
 .debug_macro   0x0000000000000000       0x1c Src/syscalls.o
 .debug_macro   0x0000000000000000       0x10 Src/syscalls.o
 .debug_macro   0x0000000000000000       0x10 Src/syscalls.o
 .debug_macro   0x0000000000000000       0x16 Src/syscalls.o
 .debug_macro   0x0000000000000000      0x145 Src/syscalls.o
 .debug_macro   0x0000000000000000      0x189 Src/syscalls.o
 .debug_macro   0x0000000000000000       0x16 Src/syscalls.o
 .debug_macro   0x0000000000000000       0x88 Src/syscalls.o
 .debug_line    0x0000000000000000      0x739 Src/syscalls.o
 .debug_str     0x0000000000000000     0x889b Src/syscalls.o
 .comment       0x0000000000000000       0x7c Src/syscalls.o
 .debug_frame   0x0000000000000000      0x2ac Src/syscalls.o
 .ARM.attributes
                0x0000000000000000       0x33 Src/syscalls.o
 .group         0x0000000000000000        0xc Src/sysmem.o
 .group         0x0000000000000000        0xc Src/sysmem.o
 .group         0x0000000000000000        0xc Src/sysmem.o
 .group         0x0000000000000000        0xc Src/sysmem.o
 .group         0x0000000000000000        0xc Src/sysmem.o
 .group         0x0000000000000000        0xc Src/sysmem.o
 .group         0x0000000000000000        0xc Src/sysmem.o
 .group         0x0000000000000000        0xc Src/sysmem.o
 .group         0x0000000000000000        0xc Src/sysmem.o
 .group         0x0000000000000000        0xc Src/sysmem.o
 .group         0x0000000000000000        0xc Src/sysmem.o
 .group         0x0000000000000000        0xc Src/sysmem.o
 .group         0x0000000000000000        0xc Src/sysmem.o
 .group         0x0000000000000000        0xc Src/sysmem.o
 .group         0x0000000000000000        0xc Src/sysmem.o
 .group         0x0000000000000000        0xc Src/sysmem.o
 .group         0x0000000000000000        0xc Src/sysmem.o
 .group         0x0000000000000000        0xc Src/sysmem.o
 .group         0x0000000000000000        0xc Src/sysmem.o
 .text          0x0000000000000000        0x0 Src/sysmem.o
 .data          0x0000000000000000        0x0 Src/sysmem.o
 .bss           0x0000000000000000        0x0 Src/sysmem.o
 .bss.__sbrk_heap_end
                0x0000000000000000        0x4 Src/sysmem.o
 .text._sbrk    0x0000000000000000       0x6c Src/sysmem.o
 .debug_info    0x0000000000000000      0xa7c Src/sysmem.o
 .debug_abbrev  0x0000000000000000      0x18e Src/sysmem.o
 .debug_loc     0x0000000000000000       0x50 Src/sysmem.o
 .debug_aranges
                0x0000000000000000       0x20 Src/sysmem.o
 .debug_ranges  0x0000000000000000       0x10 Src/sysmem.o
 .debug_macro   0x0000000000000000       0xee Src/sysmem.o
 .debug_macro   0x0000000000000000      0xa60 Src/sysmem.o
 .debug_macro   0x0000000000000000       0x10 Src/sysmem.o
 .debug_macro   0x0000000000000000       0x22 Src/sysmem.o
 .debug_macro   0x0000000000000000       0x40 Src/sysmem.o
 .debug_macro   0x0000000000000000       0x18 Src/sysmem.o
 .debug_macro   0x0000000000000000       0x94 Src/sysmem.o
 .debug_macro   0x0000000000000000       0x3c Src/sysmem.o
 .debug_macro   0x0000000000000000       0x34 Src/sysmem.o
 .debug_macro   0x0000000000000000      0x174 Src/sysmem.o
 .debug_macro   0x0000000000000000       0x57 Src/sysmem.o
 .debug_macro   0x0000000000000000       0x52 Src/sysmem.o
 .debug_macro   0x0000000000000000       0x1f Src/sysmem.o
 .debug_macro   0x0000000000000000       0x43 Src/sysmem.o
 .debug_macro   0x0000000000000000       0x20 Src/sysmem.o
 .debug_macro   0x0000000000000000      0x1a3 Src/sysmem.o
 .debug_macro   0x0000000000000000      0x23b Src/sysmem.o
 .debug_macro   0x0000000000000000       0xef Src/sysmem.o
 .debug_macro   0x0000000000000000       0x6a Src/sysmem.o
 .debug_macro   0x0000000000000000      0x1df Src/sysmem.o
 .debug_line    0x0000000000000000      0x4c2 Src/sysmem.o
 .debug_str     0x0000000000000000     0x5f69 Src/sysmem.o
 .comment       0x0000000000000000       0x7c Src/sysmem.o
 .debug_frame   0x0000000000000000       0x34 Src/sysmem.o
 .ARM.attributes
                0x0000000000000000       0x33 Src/sysmem.o
 .text          0x0000000000000000       0x14 Startup/startup_stm32f103c6tx.o
 .data          0x0000000000000000        0x0 Startup/startup_stm32f103c6tx.o
 .bss           0x0000000000000000        0x0 Startup/startup_stm32f103c6tx.o
 .text          0x0000000000000000        0x0 c:/st/stm32cubeide_1.4.0/stm32cubeide/plugins/com.st.stm32cube.ide.mcu.externaltools.gnu-tools-for-stm32.7-2018-q2-update.win32_1.4.0.202007081208/tools/bin/../lib/gcc/arm-none-eabi/7.3.1/../../../../arm-none-eabi/lib/thumb/v7-m\libc_nano.a(lib_a-errno.o)
 .data          0x0000000000000000        0x0 c:/st/stm32cubeide_1.4.0/stm32cubeide/plugins/com.st.stm32cube.ide.mcu.externaltools.gnu-tools-for-stm32.7-2018-q2-update.win32_1.4.0.202007081208/tools/bin/../lib/gcc/arm-none-eabi/7.3.1/../../../../arm-none-eabi/lib/thumb/v7-m\libc_nano.a(lib_a-errno.o)
 .bss           0x0000000000000000        0x0 c:/st/stm32cubeide_1.4.0/stm32cubeide/plugins/com.st.stm32cube.ide.mcu.externaltools.gnu-tools-for-stm32.7-2018-q2-update.win32_1.4.0.202007081208/tools/bin/../lib/gcc/arm-none-eabi/7.3.1/../../../../arm-none-eabi/lib/thumb/v7-m\libc_nano.a(lib_a-errno.o)
 .text.__errno  0x0000000000000000        0xc c:/st/stm32cubeide_1.4.0/stm32cubeide/plugins/com.st.stm32cube.ide.mcu.externaltools.gnu-tools-for-stm32.7-2018-q2-update.win32_1.4.0.202007081208/tools/bin/../lib/gcc/arm-none-eabi/7.3.1/../../../../arm-none-eabi/lib/thumb/v7-m\libc_nano.a(lib_a-errno.o)
 .debug_frame   0x0000000000000000       0x20 c:/st/stm32cubeide_1.4.0/stm32cubeide/plugins/com.st.stm32cube.ide.mcu.externaltools.gnu-tools-for-stm32.7-2018-q2-update.win32_1.4.0.202007081208/tools/bin/../lib/gcc/arm-none-eabi/7.3.1/../../../../arm-none-eabi/lib/thumb/v7-m\libc_nano.a(lib_a-errno.o)
 .ARM.attributes
                0x0000000000000000       0x2d c:/st/stm32cubeide_1.4.0/stm32cubeide/plugins/com.st.stm32cube.ide.mcu.externaltools.gnu-tools-for-stm32.7-2018-q2-update.win32_1.4.0.202007081208/tools/bin/../lib/gcc/arm-none-eabi/7.3.1/../../../../arm-none-eabi/lib/thumb/v7-m\libc_nano.a(lib_a-errno.o)
 .text          0x0000000000000000        0x0 c:/st/stm32cubeide_1.4.0/stm32cubeide/plugins/com.st.stm32cube.ide.mcu.externaltools.gnu-tools-for-stm32.7-2018-q2-update.win32_1.4.0.202007081208/tools/bin/../lib/gcc/arm-none-eabi/7.3.1/../../../../arm-none-eabi/lib/thumb/v7-m\libc_nano.a(lib_a-exit.o)
 .data          0x0000000000000000        0x0 c:/st/stm32cubeide_1.4.0/stm32cubeide/plugins/com.st.stm32cube.ide.mcu.externaltools.gnu-tools-for-stm32.7-2018-q2-update.win32_1.4.0.202007081208/tools/bin/../lib/gcc/arm-none-eabi/7.3.1/../../../../arm-none-eabi/lib/thumb/v7-m\libc_nano.a(lib_a-exit.o)
 .bss           0x0000000000000000        0x0 c:/st/stm32cubeide_1.4.0/stm32cubeide/plugins/com.st.stm32cube.ide.mcu.externaltools.gnu-tools-for-stm32.7-2018-q2-update.win32_1.4.0.202007081208/tools/bin/../lib/gcc/arm-none-eabi/7.3.1/../../../../arm-none-eabi/lib/thumb/v7-m\libc_nano.a(lib_a-exit.o)
 .text.exit     0x0000000000000000       0x28 c:/st/stm32cubeide_1.4.0/stm32cubeide/plugins/com.st.stm32cube.ide.mcu.externaltools.gnu-tools-for-stm32.7-2018-q2-update.win32_1.4.0.202007081208/tools/bin/../lib/gcc/arm-none-eabi/7.3.1/../../../../arm-none-eabi/lib/thumb/v7-m\libc_nano.a(lib_a-exit.o)
 .debug_frame   0x0000000000000000       0x28 c:/st/stm32cubeide_1.4.0/stm32cubeide/plugins/com.st.stm32cube.ide.mcu.externaltools.gnu-tools-for-stm32.7-2018-q2-update.win32_1.4.0.202007081208/tools/bin/../lib/gcc/arm-none-eabi/7.3.1/../../../../arm-none-eabi/lib/thumb/v7-m\libc_nano.a(lib_a-exit.o)
 .ARM.attributes
                0x0000000000000000       0x2d c:/st/stm32cubeide_1.4.0/stm32cubeide/plugins/com.st.stm32cube.ide.mcu.externaltools.gnu-tools-for-stm32.7-2018-q2-update.win32_1.4.0.202007081208/tools/bin/../lib/gcc/arm-none-eabi/7.3.1/../../../../arm-none-eabi/lib/thumb/v7-m\libc_nano.a(lib_a-exit.o)
 .text          0x0000000000000000        0x0 c:/st/stm32cubeide_1.4.0/stm32cubeide/plugins/com.st.stm32cube.ide.mcu.externaltools.gnu-tools-for-stm32.7-2018-q2-update.win32_1.4.0.202007081208/tools/bin/../lib/gcc/arm-none-eabi/7.3.1/../../../../arm-none-eabi/lib/thumb/v7-m\libc_nano.a(lib_a-impure.o)
 .data          0x0000000000000000        0x0 c:/st/stm32cubeide_1.4.0/stm32cubeide/plugins/com.st.stm32cube.ide.mcu.externaltools.gnu-tools-for-stm32.7-2018-q2-update.win32_1.4.0.202007081208/tools/bin/../lib/gcc/arm-none-eabi/7.3.1/../../../../arm-none-eabi/lib/thumb/v7-m\libc_nano.a(lib_a-impure.o)
 .bss           0x0000000000000000        0x0 c:/st/stm32cubeide_1.4.0/stm32cubeide/plugins/com.st.stm32cube.ide.mcu.externaltools.gnu-tools-for-stm32.7-2018-q2-update.win32_1.4.0.202007081208/tools/bin/../lib/gcc/arm-none-eabi/7.3.1/../../../../arm-none-eabi/lib/thumb/v7-m\libc_nano.a(lib_a-impure.o)
 .data._impure_ptr
                0x0000000000000000        0x4 c:/st/stm32cubeide_1.4.0/stm32cubeide/plugins/com.st.stm32cube.ide.mcu.externaltools.gnu-tools-for-stm32.7-2018-q2-update.win32_1.4.0.202007081208/tools/bin/../lib/gcc/arm-none-eabi/7.3.1/../../../../arm-none-eabi/lib/thumb/v7-m\libc_nano.a(lib_a-impure.o)
 .data.impure_data
                0x0000000000000000       0x60 c:/st/stm32cubeide_1.4.0/stm32cubeide/plugins/com.st.stm32cube.ide.mcu.externaltools.gnu-tools-for-stm32.7-2018-q2-update.win32_1.4.0.202007081208/tools/bin/../lib/gcc/arm-none-eabi/7.3.1/../../../../arm-none-eabi/lib/thumb/v7-m\libc_nano.a(lib_a-impure.o)
 .rodata._global_impure_ptr
                0x0000000000000000        0x4 c:/st/stm32cubeide_1.4.0/stm32cubeide/plugins/com.st.stm32cube.ide.mcu.externaltools.gnu-tools-for-stm32.7-2018-q2-update.win32_1.4.0.202007081208/tools/bin/../lib/gcc/arm-none-eabi/7.3.1/../../../../arm-none-eabi/lib/thumb/v7-m\libc_nano.a(lib_a-impure.o)
 .ARM.attributes
                0x0000000000000000       0x2d c:/st/stm32cubeide_1.4.0/stm32cubeide/plugins/com.st.stm32cube.ide.mcu.externaltools.gnu-tools-for-stm32.7-2018-q2-update.win32_1.4.0.202007081208/tools/bin/../lib/gcc/arm-none-eabi/7.3.1/../../../../arm-none-eabi/lib/thumb/v7-m\libc_nano.a(lib_a-impure.o)
 .text          0x0000000000000000        0x0 c:/st/stm32cubeide_1.4.0/stm32cubeide/plugins/com.st.stm32cube.ide.mcu.externaltools.gnu-tools-for-stm32.7-2018-q2-update.win32_1.4.0.202007081208/tools/bin/../lib/gcc/arm-none-eabi/7.3.1/../../../../arm-none-eabi/lib/thumb/v7-m\libc_nano.a(lib_a-init.o)
 .data          0x0000000000000000        0x0 c:/st/stm32cubeide_1.4.0/stm32cubeide/plugins/com.st.stm32cube.ide.mcu.externaltools.gnu-tools-for-stm32.7-2018-q2-update.win32_1.4.0.202007081208/tools/bin/../lib/gcc/arm-none-eabi/7.3.1/../../../../arm-none-eabi/lib/thumb/v7-m\libc_nano.a(lib_a-init.o)
 .bss           0x0000000000000000        0x0 c:/st/stm32cubeide_1.4.0/stm32cubeide/plugins/com.st.stm32cube.ide.mcu.externaltools.gnu-tools-for-stm32.7-2018-q2-update.win32_1.4.0.202007081208/tools/bin/../lib/gcc/arm-none-eabi/7.3.1/../../../../arm-none-eabi/lib/thumb/v7-m\libc_nano.a(lib_a-init.o)
 .text          0x0000000000000000        0x0 c:/st/stm32cubeide_1.4.0/stm32cubeide/plugins/com.st.stm32cube.ide.mcu.externaltools.gnu-tools-for-stm32.7-2018-q2-update.win32_1.4.0.202007081208/tools/bin/../lib/gcc/arm-none-eabi/7.3.1/../../../../arm-none-eabi/lib/thumb/v7-m\libc_nano.a(lib_a-memset.o)
 .data          0x0000000000000000        0x0 c:/st/stm32cubeide_1.4.0/stm32cubeide/plugins/com.st.stm32cube.ide.mcu.externaltools.gnu-tools-for-stm32.7-2018-q2-update.win32_1.4.0.202007081208/tools/bin/../lib/gcc/arm-none-eabi/7.3.1/../../../../arm-none-eabi/lib/thumb/v7-m\libc_nano.a(lib_a-memset.o)
 .bss           0x0000000000000000        0x0 c:/st/stm32cubeide_1.4.0/stm32cubeide/plugins/com.st.stm32cube.ide.mcu.externaltools.gnu-tools-for-stm32.7-2018-q2-update.win32_1.4.0.202007081208/tools/bin/../lib/gcc/arm-none-eabi/7.3.1/../../../../arm-none-eabi/lib/thumb/v7-m\libc_nano.a(lib_a-memset.o)
 .text.memset   0x0000000000000000       0x10 c:/st/stm32cubeide_1.4.0/stm32cubeide/plugins/com.st.stm32cube.ide.mcu.externaltools.gnu-tools-for-stm32.7-2018-q2-update.win32_1.4.0.202007081208/tools/bin/../lib/gcc/arm-none-eabi/7.3.1/../../../../arm-none-eabi/lib/thumb/v7-m\libc_nano.a(lib_a-memset.o)
 .debug_frame   0x0000000000000000       0x20 c:/st/stm32cubeide_1.4.0/stm32cubeide/plugins/com.st.stm32cube.ide.mcu.externaltools.gnu-tools-for-stm32.7-2018-q2-update.win32_1.4.0.202007081208/tools/bin/../lib/gcc/arm-none-eabi/7.3.1/../../../../arm-none-eabi/lib/thumb/v7-m\libc_nano.a(lib_a-memset.o)
 .ARM.attributes
                0x0000000000000000       0x2d c:/st/stm32cubeide_1.4.0/stm32cubeide/plugins/com.st.stm32cube.ide.mcu.externaltools.gnu-tools-for-stm32.7-2018-q2-update.win32_1.4.0.202007081208/tools/bin/../lib/gcc/arm-none-eabi/7.3.1/../../../../arm-none-eabi/lib/thumb/v7-m\libc_nano.a(lib_a-memset.o)
 .text          0x0000000000000000        0x0 c:/st/stm32cubeide_1.4.0/stm32cubeide/plugins/com.st.stm32cube.ide.mcu.externaltools.gnu-tools-for-stm32.7-2018-q2-update.win32_1.4.0.202007081208/tools/bin/../lib/gcc/arm-none-eabi/7.3.1/thumb/v7-m/crtend.o
 .data          0x0000000000000000        0x0 c:/st/stm32cubeide_1.4.0/stm32cubeide/plugins/com.st.stm32cube.ide.mcu.externaltools.gnu-tools-for-stm32.7-2018-q2-update.win32_1.4.0.202007081208/tools/bin/../lib/gcc/arm-none-eabi/7.3.1/thumb/v7-m/crtend.o
 .bss           0x0000000000000000        0x0 c:/st/stm32cubeide_1.4.0/stm32cubeide/plugins/com.st.stm32cube.ide.mcu.externaltools.gnu-tools-for-stm32.7-2018-q2-update.win32_1.4.0.202007081208/tools/bin/../lib/gcc/arm-none-eabi/7.3.1/thumb/v7-m/crtend.o
 .eh_frame      0x0000000000000000        0x4 c:/st/stm32cubeide_1.4.0/stm32cubeide/plugins/com.st.stm32cube.ide.mcu.externaltools.gnu-tools-for-stm32.7-2018-q2-update.win32_1.4.0.202007081208/tools/bin/../lib/gcc/arm-none-eabi/7.3.1/thumb/v7-m/crtend.o
 .ARM.attributes
                0x0000000000000000       0x2d c:/st/stm32cubeide_1.4.0/stm32cubeide/plugins/com.st.stm32cube.ide.mcu.externaltools.gnu-tools-for-stm32.7-2018-q2-update.win32_1.4.0.202007081208/tools/bin/../lib/gcc/arm-none-eabi/7.3.1/thumb/v7-m/crtend.o
 .text          0x0000000000000000        0x0 c:/st/stm32cubeide_1.4.0/stm32cubeide/plugins/com.st.stm32cube.ide.mcu.externaltools.gnu-tools-for-stm32.7-2018-q2-update.win32_1.4.0.202007081208/tools/bin/../lib/gcc/arm-none-eabi/7.3.1/thumb/v7-m/crtn.o
 .data          0x0000000000000000        0x0 c:/st/stm32cubeide_1.4.0/stm32cubeide/plugins/com.st.stm32cube.ide.mcu.externaltools.gnu-tools-for-stm32.7-2018-q2-update.win32_1.4.0.202007081208/tools/bin/../lib/gcc/arm-none-eabi/7.3.1/thumb/v7-m/crtn.o
 .bss           0x0000000000000000        0x0 c:/st/stm32cubeide_1.4.0/stm32cubeide/plugins/com.st.stm32cube.ide.mcu.externaltools.gnu-tools-for-stm32.7-2018-q2-update.win32_1.4.0.202007081208/tools/bin/../lib/gcc/arm-none-eabi/7.3.1/thumb/v7-m/crtn.o

Memory Configuration

Name             Origin             Length             Attributes
RAM              0x0000000020000000 0x0000000000002800 xrw
ROM              0x0000000008000000 0x0000000000008000 xr
*default*        0x0000000000000000 0xffffffffffffffff

Linker script and memory map

LOAD c:/st/stm32cubeide_1.4.0/stm32cubeide/plugins/com.st.stm32cube.ide.mcu.externaltools.gnu-tools-for-stm32.7-2018-q2-update.win32_1.4.0.202007081208/tools/bin/../lib/gcc/arm-none-eabi/7.3.1/thumb/v7-m/crti.o
LOAD c:/st/stm32cubeide_1.4.0/stm32cubeide/plugins/com.st.stm32cube.ide.mcu.externaltools.gnu-tools-for-stm32.7-2018-q2-update.win32_1.4.0.202007081208/tools/bin/../lib/gcc/arm-none-eabi/7.3.1/thumb/v7-m/crtbegin.o
LOAD c:/st/stm32cubeide_1.4.0/stm32cubeide/plugins/com.st.stm32cube.ide.mcu.externaltools.gnu-tools-for-stm32.7-2018-q2-update.win32_1.4.0.202007081208/tools/bin/../lib/gcc/arm-none-eabi/7.3.1/../../../../arm-none-eabi/lib/thumb/v7-m/crt0.o
LOAD HAL/KPD_program.o
LOAD HAL/LCD_program.o
LOAD STM32F103C6_Drivers/STM32F103x8_EXTI_driver.o
LOAD STM32F103C6_Drivers/STM32F103x8_GPIO_driver.o
LOAD Src/main.o
LOAD Src/syscalls.o
LOAD Src/sysmem.o
LOAD Startup/startup_stm32f103c6tx.o
START GROUP
LOAD c:/st/stm32cubeide_1.4.0/stm32cubeide/plugins/com.st.stm32cube.ide.mcu.externaltools.gnu-tools-for-stm32.7-2018-q2-update.win32_1.4.0.202007081208/tools/bin/../lib/gcc/arm-none-eabi/7.3.1/../../../../arm-none-eabi/lib/thumb/v7-m\libc_nano.a
LOAD c:/st/stm32cubeide_1.4.0/stm32cubeide/plugins/com.st.stm32cube.ide.mcu.externaltools.gnu-tools-for-stm32.7-2018-q2-update.win32_1.4.0.202007081208/tools/bin/../lib/gcc/arm-none-eabi/7.3.1/../../../../arm-none-eabi/lib/thumb/v7-m\libm.a
END GROUP
START GROUP
LOAD c:/st/stm32cubeide_1.4.0/stm32cubeide/plugins/com.st.stm32cube.ide.mcu.externaltools.gnu-tools-for-stm32.7-2018-q2-update.win32_1.4.0.202007081208/tools/bin/../lib/gcc/arm-none-eabi/7.3.1/thumb/v7-m\libgcc.a
LOAD c:/st/stm32cubeide_1.4.0/stm32cubeide/plugins/com.st.stm32cube.ide.mcu.externaltools.gnu-tools-for-stm32.7-2018-q2-update.win32_1.4.0.202007081208/tools/bin/../lib/gcc/arm-none-eabi/7.3.1/../../../../arm-none-eabi/lib/thumb/v7-m\libg_nano.a
LOAD c:/st/stm32cubeide_1.4.0/stm32cubeide/plugins/com.st.stm32cube.ide.mcu.externaltools.gnu-tools-for-stm32.7-2018-q2-update.win32_1.4.0.202007081208/tools/bin/../lib/gcc/arm-none-eabi/7.3.1/../../../../arm-none-eabi/lib/thumb/v7-m\libc_nano.a
END GROUP
START GROUP
LOAD c:/st/stm32cubeide_1.4.0/stm32cubeide/plugins/com.st.stm32cube.ide.mcu.externaltools.gnu-tools-for-stm32.7-2018-q2-update.win32_1.4.0.202007081208/tools/bin/../lib/gcc/arm-none-eabi/7.3.1/thumb/v7-m\libgcc.a
LOAD c:/st/stm32cubeide_1.4.0/stm32cubeide/plugins/com.st.stm32cube.ide.mcu.externaltools.gnu-tools-for-stm32.7-2018-q2-update.win32_1.4.0.202007081208/tools/bin/../lib/gcc/arm-none-eabi/7.3.1/../../../../arm-none-eabi/lib/thumb/v7-m\libc_nano.a
LOAD c:/st/stm32cubeide_1.4.0/stm32cubeide/plugins/com.st.stm32cube.ide.mcu.externaltools.gnu-tools-for-stm32.7-2018-q2-update.win32_1.4.0.202007081208/tools/bin/../lib/gcc/arm-none-eabi/7.3.1/../../../../arm-none-eabi/lib/thumb/v7-m\libnosys.a
END GROUP
START GROUP
LOAD c:/st/stm32cubeide_1.4.0/stm32cubeide/plugins/com.st.stm32cube.ide.mcu.externaltools.gnu-tools-for-stm32.7-2018-q2-update.win32_1.4.0.202007081208/tools/bin/../lib/gcc/arm-none-eabi/7.3.1/thumb/v7-m\libgcc.a
LOAD c:/st/stm32cubeide_1.4.0/stm32cubeide/plugins/com.st.stm32cube.ide.mcu.externaltools.gnu-tools-for-stm32.7-2018-q2-update.win32_1.4.0.202007081208/tools/bin/../lib/gcc/arm-none-eabi/7.3.1/../../../../arm-none-eabi/lib/thumb/v7-m\libc_nano.a
LOAD c:/st/stm32cubeide_1.4.0/stm32cubeide/plugins/com.st.stm32cube.ide.mcu.externaltools.gnu-tools-for-stm32.7-2018-q2-update.win32_1.4.0.202007081208/tools/bin/../lib/gcc/arm-none-eabi/7.3.1/../../../../arm-none-eabi/lib/thumb/v7-m\libnosys.a
END GROUP
LOAD c:/st/stm32cubeide_1.4.0/stm32cubeide/plugins/com.st.stm32cube.ide.mcu.externaltools.gnu-tools-for-stm32.7-2018-q2-update.win32_1.4.0.202007081208/tools/bin/../lib/gcc/arm-none-eabi/7.3.1/thumb/v7-m/crtend.o
LOAD c:/st/stm32cubeide_1.4.0/stm32cubeide/plugins/com.st.stm32cube.ide.mcu.externaltools.gnu-tools-for-stm32.7-2018-q2-update.win32_1.4.0.202007081208/tools/bin/../lib/gcc/arm-none-eabi/7.3.1/thumb/v7-m/crtn.o
                0x0000000020002800                _estack = (ORIGIN (RAM) + LENGTH (RAM))
                0x0000000000000200                _Min_Heap_Size = 0x200
                0x0000000000000400                _Min_Stack_Size = 0x400

.isr_vector     0x0000000008000000      0x130
                0x0000000008000000                . = ALIGN (0x4)
 *(.isr_vector)
 .isr_vector    0x0000000008000000      0x130 Startup/startup_stm32f103c6tx.o
                0x0000000008000000                g_pfnVectors
                0x0000000008000130                . = ALIGN (0x4)

.text           0x0000000008000130      0xcfc
                0x0000000008000130                . = ALIGN (0x4)
 *(.text)
 .text          0x0000000008000130       0x40 c:/st/stm32cubeide_1.4.0/stm32cubeide/plugins/com.st.stm32cube.ide.mcu.externaltools.gnu-tools-for-stm32.7-2018-q2-update.win32_1.4.0.202007081208/tools/bin/../lib/gcc/arm-none-eabi/7.3.1/thumb/v7-m/crtbegin.o
 *(.text*)
 .text.delay_ms
                0x0000000008000170       0x38 HAL/LCD_program.o
                0x0000000008000170                delay_ms
 .text.LCD_setPinDirections
                0x00000000080001a8       0xb4 HAL/LCD_program.o
                0x00000000080001a8                LCD_setPinDirections
 .text.LCD_init
                0x000000000800025c       0x78 HAL/LCD_program.o
                0x000000000800025c                LCD_init
 .text.LCD_sendCmnd
                0x00000000080002d4       0x80 HAL/LCD_program.o
                0x00000000080002d4                LCD_sendCmnd
 .text.LCD_sendChar
                0x0000000008000354       0x80 HAL/LCD_program.o
                0x0000000008000354                LCD_sendChar
 .text.writeHalfPort
                0x00000000080003d4       0xa4 HAL/LCD_program.o
 .text.LCD_typeString
                0x0000000008000478       0x42 HAL/LCD_program.o
                0x0000000008000478                LCD_typeString
 .text.LCD_clear
                0x00000000080004ba       0x14 HAL/LCD_program.o
                0x00000000080004ba                LCD_clear
 .text.LCD_goToSpecificPosition
                0x00000000080004ce       0x4a HAL/LCD_program.o
                0x00000000080004ce                LCD_goToSpecificPosition
 .text.Enable_NVIC
                0x0000000008000518       0xcc STM32F103C6_Drivers/STM32F103x8_EXTI_driver.o
                0x0000000008000518                Enable_NVIC
 .text.Disable_NVIC
                0x00000000080005e4       0xcc STM32F103C6_Drivers/STM32F103x8_EXTI_driver.o
                0x00000000080005e4                Disable_NVIC
 .text.Update_EXTI
                0x00000000080006b0      0x1d8 STM32F103C6_Drivers/STM32F103x8_EXTI_driver.o
                0x00000000080006b0                Update_EXTI
 .text.MCAL_EXTI_GPIO_Init
                0x0000000008000888       0x16 STM32F103C6_Drivers/STM32F103x8_EXTI_driver.o
                0x0000000008000888                MCAL_EXTI_GPIO_Init
 *fill*         0x000000000800089e        0x2 
 .text.EXTI0_IRQHandler
                0x00000000080008a0       0x24 STM32F103C6_Drivers/STM32F103x8_EXTI_driver.o
                0x00000000080008a0                EXTI0_IRQHandler
 .text.EXTI1_IRQHandler
                0x00000000080008c4       0x24 STM32F103C6_Drivers/STM32F103x8_EXTI_driver.o
                0x00000000080008c4                EXTI1_IRQHandler
 .text.EXTI2_IRQHandler
                0x00000000080008e8       0x24 STM32F103C6_Drivers/STM32F103x8_EXTI_driver.o
                0x00000000080008e8                EXTI2_IRQHandler
 .text.EXTI3_IRQHandler
                0x000000000800090c       0x24 STM32F103C6_Drivers/STM32F103x8_EXTI_driver.o
                0x000000000800090c                EXTI3_IRQHandler
 .text.EXTI4_IRQHandler
                0x0000000008000930       0x24 STM32F103C6_Drivers/STM32F103x8_EXTI_driver.o
                0x0000000008000930                EXTI4_IRQHandler
 .text.EXTI9_5_IRQHandler
                0x0000000008000954       0xa8 STM32F103C6_Drivers/STM32F103x8_EXTI_driver.o
                0x0000000008000954                EXTI9_5_IRQHandler
 .text.EXTI15_10_IRQHandler
                0x00000000080009fc       0xc4 STM32F103C6_Drivers/STM32F103x8_EXTI_driver.o
                0x00000000080009fc                EXTI15_10_IRQHandler
 .text.Get_CRLH_Position
                0x0000000008000ac0       0xc6 STM32F103C6_Drivers/STM32F103x8_GPIO_driver.o
                0x0000000008000ac0                Get_CRLH_Position
 .text.MCAL_GPIO_Init
                0x0000000008000b86      0x102 STM32F103C6_Drivers/STM32F103x8_GPIO_driver.o
                0x0000000008000b86                MCAL_GPIO_Init
 .text.MCAL_GPIO_WritePin
                0x0000000008000c88       0x2e STM32F103C6_Drivers/STM32F103x8_GPIO_driver.o
                0x0000000008000c88                MCAL_GPIO_WritePin
 *fill*         0x0000000008000cb6        0x2 
 .text.clock_init
                0x0000000008000cb8       0x34 Src/main.o
                0x0000000008000cb8                clock_init
 .text.EXTI9_CallBack
                0x0000000008000cec       0x34 Src/main.o
                0x0000000008000cec                EXTI9_CallBack
 .text.main     0x0000000008000d20       0x58 Src/main.o
                0x0000000008000d20                main
 .text.Reset_Handler
                0x0000000008000d78       0x50 Startup/startup_stm32f103c6tx.o
                0x0000000008000d78                Reset_Handler
 .text.Default_Handler
                0x0000000008000dc8        0x2 Startup/startup_stm32f103c6tx.o
                0x0000000008000dc8                TIM8_TRG_COM_IRQHandler
                0x0000000008000dc8                TIM8_CC_IRQHandler
                0x0000000008000dc8                DebugMon_Handler
                0x0000000008000dc8                TIM1_CC_IRQHandler
                0x0000000008000dc8                HardFault_Handler
                0x0000000008000dc8                TIM6_IRQHandler
                0x0000000008000dc8                SysTick_Handler
                0x0000000008000dc8                PVD_IRQHandler
                0x0000000008000dc8                SDIO_IRQHandler
                0x0000000008000dc8                PendSV_Handler
                0x0000000008000dc8                NMI_Handler
                0x0000000008000dc8                USB_HP_CAN_TX_IRQHandler
                0x0000000008000dc8                I2C2_EV_IRQHandler
                0x0000000008000dc8                UsageFault_Handler
                0x0000000008000dc8                ADC1_2_IRQHandler
                0x0000000008000dc8                SPI1_IRQHandler
                0x0000000008000dc8                CAN_SCE_IRQHandler
                0x0000000008000dc8                TAMPER_IRQHandler
                0x0000000008000dc8                TIM8_UP_IRQHandler
                0x0000000008000dc8                DMA2_Channel2_IRQHandler
                0x0000000008000dc8                DMA1_Channel4_IRQHandler
                0x0000000008000dc8                USART3_IRQHandler
                0x0000000008000dc8                RTC_IRQHandler
                0x0000000008000dc8                DMA1_Channel7_IRQHandler
                0x0000000008000dc8                UART5_IRQHandler
                0x0000000008000dc8                ADC3_IRQHandler
                0x0000000008000dc8                TIM4_IRQHandler
                0x0000000008000dc8                CAN_RX1_IRQHandler
                0x0000000008000dc8                DMA2_Channel1_IRQHandler
                0x0000000008000dc8                I2C1_EV_IRQHandler
                0x0000000008000dc8                DMA1_Channel6_IRQHandler
                0x0000000008000dc8                UART4_IRQHandler
                0x0000000008000dc8                TIM3_IRQHandler
                0x0000000008000dc8                RCC_IRQHandler
                0x0000000008000dc8                TIM1_TRG_COM_IRQHandler
                0x0000000008000dc8                DMA1_Channel1_IRQHandler
                0x0000000008000dc8                Default_Handler
                0x0000000008000dc8                TIM7_IRQHandler
                0x0000000008000dc8                TIM5_IRQHandler
                0x0000000008000dc8                SPI2_IRQHandler
                0x0000000008000dc8                USB_LP_CAN_RX0_IRQHandler
                0x0000000008000dc8                MemManage_Handler
                0x0000000008000dc8                SVC_Handler
                0x0000000008000dc8                DMA1_Channel5_IRQHandler
                0x0000000008000dc8                DMA1_Channel3_IRQHandler
                0x0000000008000dc8                FSMC_IRQHandler
                0x0000000008000dc8                TIM1_UP_IRQHandler
                0x0000000008000dc8                WWDG_IRQHandler
                0x0000000008000dc8                TIM2_IRQHandler
                0x0000000008000dc8                TIM1_BRK_IRQHandler
                0x0000000008000dc8                RTCAlarm_IRQHandler
                0x0000000008000dc8                DMA2_Channel4_5_IRQHandler
                0x0000000008000dc8                USART2_IRQHandler
                0x0000000008000dc8                I2C2_ER_IRQHandler
                0x0000000008000dc8                DMA1_Channel2_IRQHandler
                0x0000000008000dc8                TIM8_BRK_IRQHandler
                0x0000000008000dc8                FLASH_IRQHandler
                0x0000000008000dc8                BusFault_Handler
                0x0000000008000dc8                USART1_IRQHandler
                0x0000000008000dc8                SPI3_IRQHandler
                0x0000000008000dc8                I2C1_ER_IRQHandler
                0x0000000008000dc8                DMA2_Channel3_IRQHandler
 *fill*         0x0000000008000dca        0x2 
 .text.__libc_init_array
                0x0000000008000dcc       0x48 c:/st/stm32cubeide_1.4.0/stm32cubeide/plugins/com.st.stm32cube.ide.mcu.externaltools.gnu-tools-for-stm32.7-2018-q2-update.win32_1.4.0.202007081208/tools/bin/../lib/gcc/arm-none-eabi/7.3.1/../../../../arm-none-eabi/lib/thumb/v7-m\libc_nano.a(lib_a-init.o)
                0x0000000008000dcc                __libc_init_array
 *(.glue_7)
 .glue_7        0x0000000008000e14        0x0 linker stubs
 *(.glue_7t)
 .glue_7t       0x0000000008000e14        0x0 linker stubs
 *(.eh_frame)
 .eh_frame      0x0000000008000e14        0x0 c:/st/stm32cubeide_1.4.0/stm32cubeide/plugins/com.st.stm32cube.ide.mcu.externaltools.gnu-tools-for-stm32.7-2018-q2-update.win32_1.4.0.202007081208/tools/bin/../lib/gcc/arm-none-eabi/7.3.1/thumb/v7-m/crtbegin.o
 *(.init)
 .init          0x0000000008000e14        0x4 c:/st/stm32cubeide_1.4.0/stm32cubeide/plugins/com.st.stm32cube.ide.mcu.externaltools.gnu-tools-for-stm32.7-2018-q2-update.win32_1.4.0.202007081208/tools/bin/../lib/gcc/arm-none-eabi/7.3.1/thumb/v7-m/crti.o
                0x0000000008000e14                _init
 .init          0x0000000008000e18        0x8 c:/st/stm32cubeide_1.4.0/stm32cubeide/plugins/com.st.stm32cube.ide.mcu.externaltools.gnu-tools-for-stm32.7-2018-q2-update.win32_1.4.0.202007081208/tools/bin/../lib/gcc/arm-none-eabi/7.3.1/thumb/v7-m/crtn.o
 *(.fini)
 .fini          0x0000000008000e20        0x4 c:/st/stm32cubeide_1.4.0/stm32cubeide/plugins/com.st.stm32cube.ide.mcu.externaltools.gnu-tools-for-stm32.7-2018-q2-update.win32_1.4.0.202007081208/tools/bin/../lib/gcc/arm-none-eabi/7.3.1/thumb/v7-m/crti.o
                0x0000000008000e20                _fini
 .fini          0x0000000008000e24        0x8 c:/st/stm32cubeide_1.4.0/stm32cubeide/plugins/com.st.stm32cube.ide.mcu.externaltools.gnu-tools-for-stm32.7-2018-q2-update.win32_1.4.0.202007081208/tools/bin/../lib/gcc/arm-none-eabi/7.3.1/thumb/v7-m/crtn.o
                0x0000000008000e2c                . = ALIGN (0x4)
                0x0000000008000e2c                _etext = .

.vfp11_veneer   0x0000000008000e2c        0x0
 .vfp11_veneer  0x0000000008000e2c        0x0 linker stubs

.v4_bx          0x0000000008000e2c        0x0
 .v4_bx         0x0000000008000e2c        0x0 linker stubs

.iplt           0x0000000008000e2c        0x0
 .iplt          0x0000000008000e2c        0x0 c:/st/stm32cubeide_1.4.0/stm32cubeide/plugins/com.st.stm32cube.ide.mcu.externaltools.gnu-tools-for-stm32.7-2018-q2-update.win32_1.4.0.202007081208/tools/bin/../lib/gcc/arm-none-eabi/7.3.1/thumb/v7-m/crtbegin.o

.rodata         0x0000000008000e2c       0x2c
                0x0000000008000e2c                . = ALIGN (0x4)
 *(.rodata)
 .rodata        0x0000000008000e2c       0x2c Src/main.o
 *(.rodata*)
                0x0000000008000e58                . = ALIGN (0x4)

.rel.dyn        0x0000000008000e58        0x0
 .rel.iplt      0x0000000008000e58        0x0 c:/st/stm32cubeide_1.4.0/stm32cubeide/plugins/com.st.stm32cube.ide.mcu.externaltools.gnu-tools-for-stm32.7-2018-q2-update.win32_1.4.0.202007081208/tools/bin/../lib/gcc/arm-none-eabi/7.3.1/thumb/v7-m/crtbegin.o

.ARM.extab      0x0000000008000e58        0x0
                0x0000000008000e58                . = ALIGN (0x4)
 *(.ARM.extab* .gnu.linkonce.armextab.*)
                0x0000000008000e58                . = ALIGN (0x4)

.ARM            0x0000000008000e58        0x0
                0x0000000008000e58                . = ALIGN (0x4)
                0x0000000008000e58                __exidx_start = .
 *(.ARM.exidx*)
                0x0000000008000e58                __exidx_end = .
                0x0000000008000e58                . = ALIGN (0x4)

.preinit_array  0x0000000008000e58        0x0
                0x0000000008000e58                . = ALIGN (0x4)
                0x0000000008000e58                PROVIDE (__preinit_array_start = .)
 *(.preinit_array*)
                0x0000000008000e58                PROVIDE (__preinit_array_end = .)
                0x0000000008000e58                . = ALIGN (0x4)

.init_array     0x0000000008000e58        0x4
                0x0000000008000e58                . = ALIGN (0x4)
                0x0000000008000e58                PROVIDE (__init_array_start = .)
 *(SORT_BY_NAME(.init_array.*))
 *(.init_array*)
 .init_array    0x0000000008000e58        0x4 c:/st/stm32cubeide_1.4.0/stm32cubeide/plugins/com.st.stm32cube.ide.mcu.externaltools.gnu-tools-for-stm32.7-2018-q2-update.win32_1.4.0.202007081208/tools/bin/../lib/gcc/arm-none-eabi/7.3.1/thumb/v7-m/crtbegin.o
                0x0000000008000e5c                PROVIDE (__init_array_end = .)
                0x0000000008000e5c                . = ALIGN (0x4)

.fini_array     0x0000000008000e5c        0x4
                0x0000000008000e5c                . = ALIGN (0x4)
                [!provide]                        PROVIDE (__fini_array_start = .)
 *(SORT_BY_NAME(.fini_array.*))
 *(.fini_array*)
 .fini_array    0x0000000008000e5c        0x4 c:/st/stm32cubeide_1.4.0/stm32cubeide/plugins/com.st.stm32cube.ide.mcu.externaltools.gnu-tools-for-stm32.7-2018-q2-update.win32_1.4.0.202007081208/tools/bin/../lib/gcc/arm-none-eabi/7.3.1/thumb/v7-m/crtbegin.o
                [!provide]                        PROVIDE (__fini_array_end = .)
                0x0000000008000e60                . = ALIGN (0x4)
                0x0000000008000e60                _sidata = LOADADDR (.data)

.data           0x0000000020000000        0x0 load address 0x0000000008000e60
                0x0000000020000000                . = ALIGN (0x4)
                0x0000000020000000                _sdata = .
 *(.data)
 *(.data*)
                0x0000000020000000                . = ALIGN (0x4)
                0x0000000020000000                _edata = .

.igot.plt       0x0000000020000000        0x0 load address 0x0000000008000e60
 .igot.plt      0x0000000020000000        0x0 c:/st/stm32cubeide_1.4.0/stm32cubeide/plugins/com.st.stm32cube.ide.mcu.externaltools.gnu-tools-for-stm32.7-2018-q2-update.win32_1.4.0.202007081208/tools/bin/../lib/gcc/arm-none-eabi/7.3.1/thumb/v7-m/crtbegin.o
                0x0000000020000000                . = ALIGN (0x4)

.bss            0x0000000020000000       0x60 load address 0x0000000008000e60
                0x0000000020000000                _sbss = .
                0x0000000020000000                __bss_start__ = _sbss
 *(.bss)
 .bss           0x0000000020000000       0x1c c:/st/stm32cubeide_1.4.0/stm32cubeide/plugins/com.st.stm32cube.ide.mcu.externaltools.gnu-tools-for-stm32.7-2018-q2-update.win32_1.4.0.202007081208/tools/bin/../lib/gcc/arm-none-eabi/7.3.1/thumb/v7-m/crtbegin.o
 *(.bss*)
 *(COMMON)
 COMMON         0x000000002000001c       0x40 STM32F103C6_Drivers/STM32F103x8_EXTI_driver.o
                0x000000002000001c                GP_IRQ_CallBack
 COMMON         0x000000002000005c        0x4 Src/main.o
                0x000000002000005c                IRQ_Flag
                0x0000000020000060                . = ALIGN (0x4)
                0x0000000020000060                _ebss = .
                0x0000000020000060                __bss_end__ = _ebss

._user_heap_stack
                0x0000000020000060      0x600 load address 0x0000000008000e60
                0x0000000020000060                . = ALIGN (0x8)
                [!provide]                        PROVIDE (end = .)
                0x0000000020000060                PROVIDE (_end = .)
                0x0000000020000260                . = (. + _Min_Heap_Size)
 *fill*         0x0000000020000060      0x200 
                0x0000000020000660                . = (. + _Min_Stack_Size)
 *fill*         0x0000000020000260      0x400 
                0x0000000020000660                . = ALIGN (0x8)

/DISCARD/
 libc.a(*)
 libm.a(*)
 libgcc.a(*)

.ARM.attributes
                0x0000000000000000       0x29
 *(.ARM.attributes)
 .ARM.attributes
                0x0000000000000000       0x1d c:/st/stm32cubeide_1.4.0/stm32cubeide/plugins/com.st.stm32cube.ide.mcu.externaltools.gnu-tools-for-stm32.7-2018-q2-update.win32_1.4.0.202007081208/tools/bin/../lib/gcc/arm-none-eabi/7.3.1/thumb/v7-m/crti.o
 .ARM.attributes
                0x000000000000001d       0x2d c:/st/stm32cubeide_1.4.0/stm32cubeide/plugins/com.st.stm32cube.ide.mcu.externaltools.gnu-tools-for-stm32.7-2018-q2-update.win32_1.4.0.202007081208/tools/bin/../lib/gcc/arm-none-eabi/7.3.1/thumb/v7-m/crtbegin.o
 .ARM.attributes
                0x000000000000004a       0x33 HAL/LCD_program.o
 .ARM.attributes
                0x000000000000007d       0x33 STM32F103C6_Drivers/STM32F103x8_EXTI_driver.o
 .ARM.attributes
                0x00000000000000b0       0x33 STM32F103C6_Drivers/STM32F103x8_GPIO_driver.o
 .ARM.attributes
                0x00000000000000e3       0x33 Src/main.o
 .ARM.attributes
                0x0000000000000116       0x21 Startup/startup_stm32f103c6tx.o
 .ARM.attributes
                0x0000000000000137       0x2d c:/st/stm32cubeide_1.4.0/stm32cubeide/plugins/com.st.stm32cube.ide.mcu.externaltools.gnu-tools-for-stm32.7-2018-q2-update.win32_1.4.0.202007081208/tools/bin/../lib/gcc/arm-none-eabi/7.3.1/../../../../arm-none-eabi/lib/thumb/v7-m\libc_nano.a(lib_a-init.o)
 .ARM.attributes
                0x0000000000000164       0x1d c:/st/stm32cubeide_1.4.0/stm32cubeide/plugins/com.st.stm32cube.ide.mcu.externaltools.gnu-tools-for-stm32.7-2018-q2-update.win32_1.4.0.202007081208/tools/bin/../lib/gcc/arm-none-eabi/7.3.1/thumb/v7-m/crtn.o
OUTPUT(Drivers.elf elf32-littlearm)

.debug_info     0x0000000000000000     0x33ad
 .debug_info    0x0000000000000000      0xca7 HAL/LCD_program.o
 .debug_info    0x0000000000000ca7      0xdbf STM32F103C6_Drivers/STM32F103x8_EXTI_driver.o
 .debug_info    0x0000000000001a66      0xd42 STM32F103C6_Drivers/STM32F103x8_GPIO_driver.o
 .debug_info    0x00000000000027a8      0xbe3 Src/main.o
 .debug_info    0x000000000000338b       0x22 Startup/startup_stm32f103c6tx.o

.debug_abbrev   0x0000000000000000      0x854
 .debug_abbrev  0x0000000000000000      0x23e HAL/LCD_program.o
 .debug_abbrev  0x000000000000023e      0x210 STM32F103C6_Drivers/STM32F103x8_EXTI_driver.o
 .debug_abbrev  0x000000000000044e      0x232 STM32F103C6_Drivers/STM32F103x8_GPIO_driver.o
 .debug_abbrev  0x0000000000000680      0x1c2 Src/main.o
 .debug_abbrev  0x0000000000000842       0x12 Startup/startup_stm32f103c6tx.o

.debug_loc      0x0000000000000000      0xa7c
 .debug_loc     0x0000000000000000      0x384 HAL/LCD_program.o
 .debug_loc     0x0000000000000384      0x320 STM32F103C6_Drivers/STM32F103x8_EXTI_driver.o
 .debug_loc     0x00000000000006a4      0x330 STM32F103C6_Drivers/STM32F103x8_GPIO_driver.o
 .debug_loc     0x00000000000009d4       0xa8 Src/main.o

.debug_aranges  0x0000000000000000      0x1b0
 .debug_aranges
                0x0000000000000000       0x78 HAL/LCD_program.o
 .debug_aranges
                0x0000000000000078       0x80 STM32F103C6_Drivers/STM32F103x8_EXTI_driver.o
 .debug_aranges
                0x00000000000000f8       0x60 STM32F103C6_Drivers/STM32F103x8_GPIO_driver.o
 .debug_aranges
                0x0000000000000158       0x30 Src/main.o
 .debug_aranges
                0x0000000000000188       0x28 Startup/startup_stm32f103c6tx.o

.debug_ranges   0x0000000000000000      0x168
 .debug_ranges  0x0000000000000000       0x68 HAL/LCD_program.o
 .debug_ranges  0x0000000000000068       0x70 STM32F103C6_Drivers/STM32F103x8_EXTI_driver.o
 .debug_ranges  0x00000000000000d8       0x50 STM32F103C6_Drivers/STM32F103x8_GPIO_driver.o
 .debug_ranges  0x0000000000000128       0x20 Src/main.o
 .debug_ranges  0x0000000000000148       0x20 Startup/startup_stm32f103c6tx.o

.debug_macro    0x0000000000000000      0xa9d
 .debug_macro   0x0000000000000000      0x16a HAL/LCD_program.o
 .debug_macro   0x000000000000016a       0xa0 HAL/LCD_program.o
 .debug_macro   0x000000000000020a       0x22 HAL/LCD_program.o
 .debug_macro   0x000000000000022c       0x28 HAL/LCD_program.o
 .debug_macro   0x0000000000000254      0x154 STM32F103C6_Drivers/STM32F103x8_EXTI_driver.o
 .debug_macro   0x00000000000003a8       0xca STM32F103C6_Drivers/STM32F103x8_EXTI_driver.o
 .debug_macro   0x0000000000000472      0x223 STM32F103C6_Drivers/STM32F103x8_EXTI_driver.o
 .debug_macro   0x0000000000000695      0x149 STM32F103C6_Drivers/STM32F103x8_GPIO_driver.o
 .debug_macro   0x00000000000007de      0x18f Src/main.o
 .debug_macro   0x000000000000096d       0x28 Src/main.o
 .debug_macro   0x0000000000000995       0xa0 Src/main.o
 .debug_macro   0x0000000000000a35       0x58 Src/main.o
 .debug_macro   0x0000000000000a8d       0x10 Src/main.o

.debug_line     0x0000000000000000     0x1c59
 .debug_line    0x0000000000000000      0x764 HAL/LCD_program.o
 .debug_line    0x0000000000000764      0x760 STM32F103C6_Drivers/STM32F103x8_EXTI_driver.o
 .debug_line    0x0000000000000ec4      0x6a4 STM32F103C6_Drivers/STM32F103x8_GPIO_driver.o
 .debug_line    0x0000000000001568      0x66d Src/main.o
 .debug_line    0x0000000000001bd5       0x84 Startup/startup_stm32f103c6tx.o

.debug_str      0x0000000000000000     0x9656
 .debug_str     0x0000000000000000     0x7e10 HAL/LCD_program.o
                                       0x8082 (size before relaxing)
 .debug_str     0x0000000000007e10     0x151b STM32F103C6_Drivers/STM32F103x8_EXTI_driver.o
                                       0x9182 (size before relaxing)
 .debug_str     0x000000000000932b      0x133 STM32F103C6_Drivers/STM32F103x8_GPIO_driver.o
                                       0x7da5 (size before relaxing)
 .debug_str     0x000000000000945e      0x1c7 Src/main.o
                                       0x944b (size before relaxing)
 .debug_str     0x0000000000009625       0x31 Startup/startup_stm32f103c6tx.o
                                         0x8c (size before relaxing)

.comment        0x0000000000000000       0x7b
 .comment       0x0000000000000000       0x7b HAL/LCD_program.o
                                         0x7c (size before relaxing)
 .comment       0x000000000000007b       0x7c STM32F103C6_Drivers/STM32F103x8_EXTI_driver.o
 .comment       0x000000000000007b       0x7c STM32F103C6_Drivers/STM32F103x8_GPIO_driver.o
 .comment       0x000000000000007b       0x7c Src/main.o

.debug_frame    0x0000000000000000      0x574
 .debug_frame   0x0000000000000000      0x1b4 HAL/LCD_program.o
 .debug_frame   0x00000000000001b4      0x1b0 STM32F103C6_Drivers/STM32F103x8_EXTI_driver.o
 .debug_frame   0x0000000000000364      0x178 STM32F103C6_Drivers/STM32F103x8_GPIO_driver.o
 .debug_frame   0x00000000000004dc       0x6c Src/main.o
 .debug_frame   0x0000000000000548       0x2c c:/st/stm32cubeide_1.4.0/stm32cubeide/plugins/com.st.stm32cube.ide.mcu.externaltools.gnu-tools-for-stm32.7-2018-q2-update.win32_1.4.0.202007081208/tools/bin/../lib/gcc/arm-none-eabi/7.3.1/../../../../arm-none-eabi/lib/thumb/v7-m\libc_nano.a(lib_a-init.o)
